Component: ARM Compiler 5.06 update 2 (build 183) Tool: armlink [4d35b7]

==============================================================================

Section Cross References

    main.o(i.advertising_start) refers to memseta.o(.text) for __aeabi_memclr4
    main.o(i.advertising_start) refers to app_error.o(i.app_error_handler_bare) for app_error_handler_bare
    main.o(i.assert_nrf_callback) refers to app_error.o(i.app_error_handler) for app_error_handler
    main.o(i.ble_evt_dispatch) refers to main.o(i.on_ble_evt) for on_ble_evt
    main.o(i.ble_evt_dispatch) refers to ble_conn_params.o(i.ble_conn_params_on_ble_evt) for ble_conn_params_on_ble_evt
    main.o(i.ble_evt_dispatch) refers to ble_rhts.o(i.ble_rhts_on_ble_evt) for ble_rhts_on_ble_evt
    main.o(i.ble_evt_dispatch) refers to main.o(.bss) for .bss
    main.o(i.ble_stack_init) refers to softdevice_handler.o(i.softdevice_handler_init) for softdevice_handler_init
    main.o(i.ble_stack_init) refers to app_error.o(i.app_error_handler_bare) for app_error_handler_bare
    main.o(i.ble_stack_init) refers to softdevice_handler.o(i.softdevice_enable_get_default_config) for softdevice_enable_get_default_config
    main.o(i.ble_stack_init) refers to softdevice_handler.o(i.sd_check_ram_start) for sd_check_ram_start
    main.o(i.ble_stack_init) refers to softdevice_handler.o(i.softdevice_enable) for softdevice_enable
    main.o(i.ble_stack_init) refers to softdevice_handler.o(i.softdevice_ble_evt_handler_set) for softdevice_ble_evt_handler_set
    main.o(i.ble_stack_init) refers to main.o(.constdata) for .constdata
    main.o(i.ble_stack_init) refers to main.o(.bss) for .bss
    main.o(i.ble_stack_init) refers to main.o(i.ble_evt_dispatch) for ble_evt_dispatch
    main.o(i.conn_params_error_handler) refers to app_error.o(i.app_error_handler_bare) for app_error_handler_bare
    main.o(i.erase_measurements_history) refers to memseta.o(.text) for __aeabi_memclr
    main.o(i.erase_measurements_history) refers to main.o(.data) for .data
    main.o(i.history_struct_init) refers to memseta.o(.text) for __aeabi_memclr
    main.o(i.history_struct_init) refers to main.o(.bss) for .bss
    main.o(i.history_struct_init) refers to main.o(.data) for .data
    main.o(i.main) refers to main.o(i.history_struct_init) for history_struct_init
    main.o(i.main) refers to main.o(i.timers_init) for timers_init
    main.o(i.main) refers to main.o(i.wdt_init) for wdt_init
    main.o(i.main) refers to main.o(i.ble_stack_init) for ble_stack_init
    main.o(i.main) refers to app_error.o(i.app_error_handler_bare) for app_error_handler_bare
    main.o(i.main) refers to ble_rhts.o(i.ble_rhts_init) for ble_rhts_init
    main.o(i.main) refers to memseta.o(.text) for __aeabi_memclr4
    main.o(i.main) refers to ble_advdata.o(i.ble_advdata_set) for ble_advdata_set
    main.o(i.main) refers to ble_conn_params.o(i.ble_conn_params_init) for ble_conn_params_init
    main.o(i.main) refers to main.o(i.advertising_start) for advertising_start
    main.o(i.main) refers to main.o(.bss) for .bss
    main.o(i.main) refers to main.o(.constdata) for .constdata
    main.o(i.main) refers to main.o(i.on_conn_params_evt) for on_conn_params_evt
    main.o(i.main) refers to main.o(i.conn_params_error_handler) for conn_params_error_handler
    main.o(i.measurements_history_add_element_to_array) refers to main.o(.data) for .data
    main.o(i.measurements_history_get_position_from_array) refers to main.o(.data) for .data
    main.o(i.on_ble_evt) refers to app_error.o(i.app_error_handler_bare) for app_error_handler_bare
    main.o(i.on_ble_evt) refers to app_timer.o(i.app_timer_start) for app_timer_start
    main.o(i.on_ble_evt) refers to app_timer.o(i.app_timer_stop) for app_timer_stop
    main.o(i.on_ble_evt) refers to main.o(i.advertising_start) for advertising_start
    main.o(i.on_ble_evt) refers to main.o(.data) for .data
    main.o(i.on_ble_evt) refers to main.o(.constdata) for .constdata
    main.o(i.on_ble_evt) refers to ble_rhts.o(.data) for command
    main.o(i.on_conn_params_evt) refers to app_error.o(i.app_error_handler_bare) for app_error_handler_bare
    main.o(i.on_conn_params_evt) refers to main.o(.data) for .data
    main.o(i.timer_rht_measurement_event_handler) refers to htu21d.o(i.i2c_temp_read) for i2c_temp_read
    main.o(i.timer_rht_measurement_event_handler) refers to htu21d.o(i.i2c_temp_conv) for i2c_temp_conv
    main.o(i.timer_rht_measurement_event_handler) refers to htu21d.o(i.i2c_RH_conv) for i2c_RH_conv
    main.o(i.timer_rht_measurement_event_handler) refers to htu21d.o(i.i2c_RH_read) for i2c_RH_read
    main.o(i.timer_rht_measurement_event_handler) refers to main.o(i.measurements_history_add_element_to_array) for measurements_history_add_element_to_array
    main.o(i.timer_rht_measurement_event_handler) refers to main.o(.data) for .data
    main.o(i.timer_rht_measurement_event_handler) refers to ble_rhts.o(.data) for measurement_interval_in_minutes
[...]
    printfa.o(i.__0vsnprintf) refers to printfa.o(i._printf_core) for _printf_core
    printfa.o(i.__0vsnprintf) refers to printfa.o(i._snputc) for _snputc
    printfa.o(i.__0vsprintf) refers (Special) to iusefp.o(.text) for __I$use$fp
    printfa.o(i.__0vsprintf) refers to printfa.o(i._printf_core) for _printf_core
    printfa.o(i.__0vsprintf) refers to printfa.o(i._sputc) for _sputc
    printfa.o(i._fp_digits) refers (Special) to iusefp.o(.text) for __I$use$fp
    printfa.o(i._fp_digits) refers to dmul.o(.text) for __aeabi_dmul
    printfa.o(i._fp_digits) refers to ddiv.o(.text) for __aeabi_ddiv
    printfa.o(i._fp_digits) refers to cdrcmple.o(.text) for __aeabi_cdrcmple
    printfa.o(i._fp_digits) refers to dadd.o(.text) for __aeabi_dadd
    printfa.o(i._fp_digits) refers to dfixul.o(.text) for __aeabi_d2ulz
    printfa.o(i._fp_digits) refers to uldiv.o(.text) for __aeabi_uldivmod
    printfa.o(i._printf_core) refers (Special) to iusefp.o(.text) for __I$use$fp
    printfa.o(i._printf_core) refers to printfa.o(i._printf_pre_padding) for _printf_pre_padding
    printfa.o(i._printf_core) refers to uldiv.o(.text) for __aeabi_uldivmod
    printfa.o(i._printf_core) refers to printfa.o(i._printf_post_padding) for _printf_post_padding
    printfa.o(i._printf_core) refers to printfa.o(i._fp_digits) for _fp_digits
    printfa.o(i._printf_core) refers to uidiv.o(.text) for __aeabi_uidivmod
    printfa.o(i._printf_post_padding) refers (Special) to iusefp.o(.text) for __I$use$fp
    printfa.o(i._printf_pre_padding) refers (Special) to iusefp.o(.text) for __I$use$fp
    printfa.o(i._snputc) refers (Special) to iusefp.o(.text) for __I$use$fp
    printfa.o(i._sputc) refers (Special) to iusefp.o(.text) for __I$use$fp
    fadd.o(.text) refers (Special) to iusefp.o(.text) for __I$use$fp
    fadd.o(.text) refers to fepilogue.o(.text) for _float_epilogue
    fmul.o(.text) refers (Special) to iusefp.o(.text) for __I$use$fp
    fscalb.o(.text) refers (Special) to iusefp.o(.text) for __I$use$fp
    dadd.o(.text) refers (Special) to iusefp.o(.text) for __I$use$fp
    dadd.o(.text) refers to llshl.o(.text) for __aeabi_llsl
    dadd.o(.text) refers to llsshr.o(.text) for __aeabi_lasr
    dadd.o(.text) refers to depilogue.o(.text) for _double_epilogue
    dmul.o(.text) refers (Special) to iusefp.o(.text) for __I$use$fp
    dmul.o(.text) refers to depilogue.o(.text) for _double_epilogue
    ffltui.o(.text) refers (Special) to iusefp.o(.text) for __I$use$fp
    ffltui.o(.text) refers to fepilogue.o(.text) for _float_epilogue
    ffixi.o(.text) refers (Special) to iusefp.o(.text) for __I$use$fp
    f2d.o(.text) refers (Special) to iusefp.o(.text) for __I$use$fp
    d2f.o(.text) refers (Special) to iusefp.o(.text) for __I$use$fp
    d2f.o(.text) refers to fepilogue.o(.text) for _float_round
    entry2.o(.ARM.Collect$$$$00000001) refers to entry2.o(.ARM.Collect$$$$00002712) for __lit__00000000
    entry2.o(.ARM.Collect$$$$00002712) refers to arm_startup_nrf51.o(STACK) for __initial_sp
    entry2.o(__vectab_stack_and_reset_area) refers to arm_startup_nrf51.o(STACK) for __initial_sp
    entry2.o(__vectab_stack_and_reset_area) refers to entry.o(.ARM.Collect$$$$00000000) for __main
    entry5.o(.ARM.Collect$$$$00000004) refers to init.o(.text) for __scatterload
    entry9a.o(.ARM.Collect$$$$0000000B) refers to main.o(i.main) for main
    entry9b.o(.ARM.Collect$$$$0000000C) refers to main.o(i.main) for main
    uldiv.o(.text) refers to llushr.o(.text) for __aeabi_llsr
    uldiv.o(.text) refers to llshl.o(.text) for __aeabi_llsl
    depilogue.o(.text) refers to depilogue.o(i.__ARM_clz) for __ARM_clz
    depilogue.o(.text) refers to llshl.o(.text) for __aeabi_llsl
    depilogue.o(.text) refers to llushr.o(.text) for __aeabi_llsr
    ddiv.o(.text) refers to depilogue.o(.text) for _double_round
    dfixul.o(.text) refers to llushr.o(.text) for __aeabi_llsr
    dfixul.o(.text) refers to llshl.o(.text) for __aeabi_llsl
    init.o(.text) refers to entry5.o(.ARM.Collect$$$$00000004) for __main_after_scatterload
    nrf_log.o(i.log_uart_write_string) refers to app_uart_fifo.o(i.app_uart_put) for app_uart_put
    nrf_log.o(i.log_uart_write_string_many) refers to nrf_log.o(i.log_uart_write_string) for log_uart_write_string
    nrf_log.o(i.log_uart_has_input) refers to app_uart_fifo.o(i.app_uart_get) for app_uart_get
    nrf_log.o(i.log_uart_has_input) refers to nrf_log.o(.data) for .data


==============================================================================

Removing Unused input sections from the image.

    Removing main.o(.rev16_text), (4 bytes).
    Removing main.o(.revsh_text), (4 bytes).
    Removing main.o(.emb_text), (30 bytes).
    Removing main.o(i.assert_nrf_callback), (20 bytes).
    Removing bsp.o(.rev16_text), (4 bytes).
    Removing bsp.o(.revsh_text), (4 bytes).
    Removing bsp.o(i.alert_timer_handler), (24 bytes).
    Removing bsp.o(i.bsp_button_event_handler), (160 bytes).
    Removing bsp.o(i.bsp_button_is_pressed), (44 bytes).
    Removing bsp.o(i.bsp_buttons_disable), (8 bytes).
    Removing bsp.o(i.bsp_buttons_enable), (8 bytes).
    Removing bsp.o(i.bsp_buttons_state_get), (60 bytes).
    Removing bsp.o(i.bsp_event_to_button_action_assign), (72 bytes).
    Removing bsp.o(i.bsp_indication_set), (28 bytes).
    Removing bsp.o(i.bsp_indication_text_set), (8 bytes).
    Removing bsp.o(i.bsp_init), (160 bytes).
    Removing bsp.o(i.bsp_led_indication), (508 bytes).
    Removing bsp.o(i.bsp_wakeup_buttons_set), (60 bytes).
    Removing bsp.o(i.button_timer_handler), (12 bytes).
    Removing bsp.o(i.leds_timer_handler), (24 bytes).
    Removing bsp.o(.bss), (32 bytes).
    Removing bsp.o(.bss), (32 bytes).
    Removing bsp.o(.bss), (12 bytes).
    Removing bsp.o(.bss), (32 bytes).
    Removing bsp.o(.constdata), (60 bytes).
    Removing bsp.o(.data), (24 bytes).
    Removing ble_advdata.o(.rev16_text), (4 bytes).
    Removing ble_advdata.o(.revsh_text), (4 bytes).
    Removing ble_conn_params.o(.rev16_text), (4 bytes).
    Removing ble_conn_params.o(.revsh_text), (4 bytes).
    Removing ble_conn_params.o(i.ble_conn_params_change_conn_params), (80 bytes).
    Removing ble_conn_params.o(i.ble_conn_params_stop), (16 bytes).
    Removing ble_srv_common.o(.rev16_text), (4 bytes).
    Removing ble_srv_common.o(.revsh_text), (4 bytes).
    Removing ble_srv_common.o(i.ble_srv_ascii_to_utf8), (18 bytes).
    Removing ble_srv_common.o(i.ble_srv_report_ref_encode), (12 bytes).
    Removing ble_srv_common.o(i.characteristic_add), (400 bytes).
    Removing ble_srv_common.o(i.descriptor_add), (176 bytes).
    Removing ble_srv_common.o(i.set_security_req), (46 bytes).
    Removing ble_rhts.o(.rev16_text), (4 bytes).
    Removing ble_rhts.o(.revsh_text), (4 bytes).
    Removing app_uart_fifo.o(.rev16_text), (4 bytes).
    Removing app_uart_fifo.o(.revsh_text), (4 bytes).
    Removing app_uart_fifo.o(i.app_uart_close), (10 bytes).
    Removing app_uart_fifo.o(i.app_uart_flush), (28 bytes).
    Removing app_uart_fifo.o(i.app_uart_get), (52 bytes).
    Removing app_uart_fifo.o(i.app_uart_init), (160 bytes).
    Removing app_uart_fifo.o(i.app_uart_put), (56 bytes).
    Removing app_uart_fifo.o(i.uart_event_handler), (176 bytes).
    Removing app_uart_fifo.o(.bss), (32 bytes).
    Removing app_uart_fifo.o(.constdata), (32 bytes).
    Removing app_uart_fifo.o(.data), (8 bytes).
    Removing nrf_delay.o(.rev16_text), (4 bytes).
    Removing nrf_delay.o(.revsh_text), (4 bytes).
    Removing nrf_delay.o(.emb_text), (30 bytes).
    Removing nrf_delay.o(i.nrf_delay_ms), (28 bytes).
    Removing nrf_drv_common.o(.rev16_text), (4 bytes).
    Removing nrf_drv_common.o(.revsh_text), (4 bytes).
    Removing nrf_drv_gpiote.o(.rev16_text), (4 bytes).
    Removing nrf_drv_gpiote.o(.revsh_text), (4 bytes).
    Removing nrf_drv_gpiote.o(i.channel_free), (28 bytes).
    Removing nrf_drv_gpiote.o(i.channel_port_alloc), (72 bytes).
    Removing nrf_drv_gpiote.o(i.nrf_drv_gpiote_in_event_addr_get), (24 bytes).
    Removing nrf_drv_gpiote.o(i.nrf_drv_gpiote_in_event_disable), (72 bytes).
    Removing nrf_drv_gpiote.o(i.nrf_drv_gpiote_in_event_enable), (160 bytes).
    Removing nrf_drv_gpiote.o(i.nrf_drv_gpiote_in_init), (164 bytes).
    Removing nrf_drv_gpiote.o(i.nrf_drv_gpiote_in_is_set), (20 bytes).
    Removing nrf_drv_gpiote.o(i.nrf_drv_gpiote_in_uninit), (76 bytes).
    Removing nrf_drv_gpiote.o(i.nrf_drv_gpiote_init), (84 bytes).
    Removing nrf_drv_gpiote.o(i.nrf_drv_gpiote_is_init), (16 bytes).
    Removing nrf_drv_gpiote.o(i.nrf_drv_gpiote_out_clear), (16 bytes).
    Removing nrf_drv_gpiote.o(i.nrf_drv_gpiote_out_init), (152 bytes).
    Removing nrf_drv_gpiote.o(i.nrf_drv_gpiote_out_set), (16 bytes).
    Removing nrf_drv_gpiote.o(i.nrf_drv_gpiote_out_task_addr_get), (20 bytes).
    Removing nrf_drv_gpiote.o(i.nrf_drv_gpiote_out_task_disable), (32 bytes).
    Removing nrf_drv_gpiote.o(i.nrf_drv_gpiote_out_task_enable), (48 bytes).
    Removing nrf_drv_gpiote.o(i.nrf_drv_gpiote_out_task_force), (44 bytes).
    Removing nrf_drv_gpiote.o(i.nrf_drv_gpiote_out_task_trigger), (24 bytes).
    Removing nrf_drv_gpiote.o(i.nrf_drv_gpiote_out_toggle), (24 bytes).
    Removing nrf_drv_gpiote.o(i.nrf_drv_gpiote_out_uninit), (68 bytes).
    Removing nrf_drv_gpiote.o(i.nrf_drv_gpiote_uninit), (56 bytes).
    Removing nrf_drv_gpiote.o(i.nrf_gpio_cfg), (36 bytes).
    Removing nrf_drv_gpiote.o(i.nrf_gpio_cfg_default), (18 bytes).
    Removing nrf_drv_gpiote.o(i.pin_in_use_by_port), (24 bytes).
    Removing nrf_drv_gpiote.o(i.pin_in_use_by_te), (24 bytes).
    Removing nrf_drv_timer.o(.rev16_text), (4 bytes).
    Removing nrf_drv_timer.o(.revsh_text), (4 bytes).
    Removing nrf_drv_timer.o(i.nrf_drv_timer_capture), (28 bytes).
    Removing nrf_drv_timer.o(i.nrf_drv_timer_clear), (8 bytes).
    Removing nrf_drv_timer.o(i.nrf_drv_timer_compare_int_disable), (18 bytes).
    Removing nrf_drv_timer.o(i.nrf_drv_timer_compare_int_enable), (34 bytes).
    Removing nrf_drv_timer.o(i.nrf_drv_timer_disable), (24 bytes).
    Removing nrf_drv_timer.o(i.nrf_drv_timer_increment), (8 bytes).
    Removing nrf_drv_timer.o(i.nrf_drv_timer_pause), (8 bytes).
    Removing nrf_drv_timer.o(i.nrf_drv_timer_resume), (8 bytes).
    Removing nrf_drv_timer.o(i.nrf_drv_timer_uninit), (76 bytes).
    Removing nrf_drv_uart.o(.rev16_text), (4 bytes).
    Removing nrf_drv_uart.o(.revsh_text), (4 bytes).
    Removing nrf_drv_uart.o(i.nrf_drv_uart_errorsrc_get), (28 bytes).
    Removing nrf_drv_uart.o(i.nrf_drv_uart_init), (200 bytes).
    Removing nrf_drv_uart.o(i.nrf_drv_uart_rx), (76 bytes).
    Removing nrf_drv_uart.o(i.nrf_drv_uart_rx_abort), (24 bytes).
    Removing nrf_drv_uart.o(i.nrf_drv_uart_rx_disable), (24 bytes).
    Removing nrf_drv_uart.o(i.nrf_drv_uart_rx_enable), (24 bytes).
    Removing nrf_drv_uart.o(i.nrf_drv_uart_rx_for_uart), (156 bytes).
    Removing nrf_drv_uart.o(i.nrf_drv_uart_tx), (36 bytes).
    Removing nrf_drv_uart.o(i.nrf_drv_uart_tx_abort), (44 bytes).
    Removing nrf_drv_uart.o(i.nrf_drv_uart_tx_for_uart), (116 bytes).
    Removing nrf_drv_uart.o(i.nrf_drv_uart_tx_in_progress), (16 bytes).
    Removing nrf_drv_uart.o(i.nrf_drv_uart_uninit), (108 bytes).
    Removing nrf_drv_uart.o(i.nrf_gpio_cfg), (36 bytes).
    Removing nrf_drv_uart.o(i.nrf_gpio_cfg_default), (18 bytes).
    Removing nrf_drv_uart.o(i.nrf_gpio_cfg_input), (18 bytes).
    Removing nrf_drv_uart.o(i.nrf_gpio_cfg_output), (20 bytes).
    Removing nrf_drv_uart.o(i.rx_enable), (28 bytes).
    Removing nrf_drv_uart.o(.constdata), (32 bytes).
    Removing twi_sw_master.o(.rev16_text), (4 bytes).
    Removing twi_sw_master.o(.revsh_text), (4 bytes).
    Removing twi_sw_master.o(i.twi_master_clear_bus), (84 bytes).
    Removing twi_sw_master.o(i.twi_master_init), (44 bytes).
    Removing htu21d.o(.rev16_text), (4 bytes).
    Removing htu21d.o(.revsh_text), (4 bytes).
    Removing htu21d.o(.emb_text), (30 bytes).
    Removing htu21d.o(i.htu21d_init), (100 bytes).
    Removing htu21d.o(i.htu21d_is_RH_conversion_done), (4 bytes).
    Removing htu21d.o(i.htu21d_is_temp_conversion_done), (4 bytes).
    Removing htu21d.o(.constdata), (1 bytes).
    Removing app_button.o(.rev16_text), (4 bytes).
    Removing app_button.o(.revsh_text), (4 bytes).
    Removing app_button.o(i.app_button_disable), (44 bytes).
    Removing app_button.o(i.app_button_enable), (36 bytes).
    Removing app_button.o(i.app_button_init), (116 bytes).
    Removing app_button.o(i.app_button_is_pushed), (44 bytes).
    Removing app_button.o(i.detection_delay_timeout_handler), (96 bytes).
    Removing app_button.o(i.gpiote_event_handler), (80 bytes).
    Removing app_button.o(.bss), (32 bytes).
    Removing app_button.o(.constdata), (8 bytes).
    Removing app_button.o(.data), (20 bytes).
    Removing app_error.o(.rev16_text), (4 bytes).
    Removing app_error.o(.revsh_text), (4 bytes).
    Removing app_error.o(i.app_error_handler), (28 bytes).
    Removing app_error.o(i.app_error_save_and_stop), (100 bytes).
    Removing app_error.o(.bss), (32 bytes).
    Removing app_error_weak.o(.rev16_text), (4 bytes).
    Removing app_error_weak.o(.revsh_text), (4 bytes).
    Removing app_fifo.o(.rev16_text), (4 bytes).
    Removing app_fifo.o(.revsh_text), (4 bytes).
    Removing app_fifo.o(i.app_fifo_flush), (8 bytes).
    Removing app_fifo.o(i.app_fifo_get), (22 bytes).
    Removing app_fifo.o(i.app_fifo_init), (36 bytes).
    Removing app_fifo.o(i.app_fifo_peek), (34 bytes).
    Removing app_fifo.o(i.app_fifo_put), (26 bytes).
    Removing app_fifo.o(i.app_fifo_read), (72 bytes).
    Removing app_fifo.o(i.app_fifo_write), (78 bytes).
    Removing app_fifo.o(i.fifo_get), (20 bytes).
    Removing app_fifo.o(i.fifo_put), (18 bytes).
    Removing app_timer.o(.rev16_text), (4 bytes).
    Removing app_timer.o(.revsh_text), (4 bytes).
    Removing app_timer.o(i.app_timer_cnt_diff_compute), (12 bytes).
    Removing app_timer.o(i.app_timer_cnt_get), (16 bytes).
    Removing app_timer.o(i.app_timer_stop_all), (68 bytes).
    Removing app_util_platform.o(.rev16_text), (4 bytes).
    Removing app_util_platform.o(.revsh_text), (4 bytes).
    Removing app_util_platform.o(i.app_util_critical_region_enter), (60 bytes).
    Removing app_util_platform.o(i.app_util_critical_region_exit), (44 bytes).
    Removing app_util_platform.o(i.app_util_disable_irq), (16 bytes).
    Removing app_util_platform.o(i.app_util_enable_irq), (20 bytes).
    Removing app_util_platform.o(.data), (4 bytes).
    Removing nrf_assert.o(.rev16_text), (4 bytes).
    Removing nrf_assert.o(.revsh_text), (4 bytes).
    Removing nrf_log.o(.rev16_text), (4 bytes).
    Removing nrf_log.o(.revsh_text), (4 bytes).
    Removing nrf_log.o(i.log_hex), (64 bytes).
    Removing nrf_log.o(i.log_hex_char), (56 bytes).
    Removing nrf_log.o(i.log_uart_init), (76 bytes).
    Removing nrf_log.o(i.log_uart_printf), (20 bytes).
    Removing nrf_log.o(i.log_uart_read_input), (36 bytes).
    Removing nrf_log.o(i.log_uart_write_hex), (52 bytes).
    Removing nrf_log.o(i.log_uart_write_hex_char), (44 bytes).
    Removing nrf_log.o(i.uart_error_cb), (20 bytes).
    Removing nrf_log.o(.bss), (523 bytes).
    Removing nrf_log.o(.constdata), (12 bytes).
    Removing nrf_log.o(.data), (7 bytes).
    Removing retarget.o(.rev16_text), (4 bytes).
    Removing retarget.o(.revsh_text), (4 bytes).
    Removing retarget.o(i.fgetc), (18 bytes).
    Removing retarget.o(i.fputc), (14 bytes).
    Removing retarget.o(.data), (4 bytes).
    Removing retarget.o(.data), (4 bytes).
    Removing softdevice_handler.o(.rev16_text), (4 bytes).
    Removing softdevice_handler.o(.revsh_text), (4 bytes).
    Removing softdevice_handler.o(i.softdevice_handler_isEnabled), (12 bytes).
    Removing softdevice_handler.o(i.softdevice_handler_sd_disable), (24 bytes).
    Removing softdevice_handler.o(i.softdevice_sys_evt_handler_set), (20 bytes).
    Removing arm_startup_nrf51.o(HEAP), (2048 bytes).
    Removing system_nrf51.o(.rev16_text), (4 bytes).
    Removing system_nrf51.o(.revsh_text), (4 bytes).
    Removing system_nrf51.o(i.SystemCoreClockUpdate), (16 bytes).
    Removing ddiv.o(.text), (240 bytes).
    Removing dfixul.o(.text), (64 bytes).
    Removing cdrcmple.o(.text), (40 bytes).
    Removing nrf_log.o(i.log_uart_write_string), (20 bytes).
    Removing nrf_log.o(i.log_uart_write_string_many), (32 bytes).
    Removing nrf_log.o(i.log_uart_has_input), (40 bytes).

204 unused section(s) (total 10475 bytes) removed from the image.

==============================================================================

Image Symbol Table

    Local Symbols

    Symbol Name                              Value     Ov Type        Size  Object(Section)

    ../clib/microlib/division.c              0x00000000   Number         0  idiv.o ABSOLUTE
    ../clib/microlib/division.c              0x00000000   Number         0  uldiv.o ABSOLUTE
    ../clib/microlib/division.c              0x00000000   Number         0  uidiv.o ABSOLUTE
    ../clib/microlib/init/entry.s            0x00000000   Number         0  entry.o ABSOLUTE
    ../clib/microlib/init/entry.s            0x00000000   Number         0  entry5.o ABSOLUTE
    ../clib/microlib/init/entry.s            0x00000000   Number         0  entry9b.o ABSOLUTE
    ../clib/microlib/init/entry.s            0x00000000   Number         0  entry11b.o ABSOLUTE
    ../clib/microlib/init/entry.s            0x00000000   Number         0  entry7a.o ABSOLUTE
    ../clib/microlib/init/entry.s            0x00000000   Number         0  entry9a.o ABSOLUTE
    ../clib/microlib/init/entry.s            0x00000000   Number         0  entry11a.o ABSOLUTE
    ../clib/microlib/init/entry.s            0x00000000   Number         0  entry7b.o ABSOLUTE
    ../clib/microlib/init/entry.s            0x00000000   Number         0  entry10b.o ABSOLUTE
    ../clib/microlib/init/entry.s            0x00000000   Number         0  entry8a.o ABSOLUTE
    ../clib/microlib/init/entry.s            0x00000000   Number         0  entry10a.o ABSOLUTE
    ../clib/microlib/init/entry.s            0x00000000   Number         0  entry2.o ABSOLUTE
    ../clib/microlib/init/entry.s            0x00000000   Number         0  entry8b.o ABSOLUTE
    ../clib/microlib/longlong.c              0x00000000   Number         0  llsshr.o ABSOLUTE
    ../clib/microlib/longlong.c              0x00000000   Number         0  llshl.o ABSOLUTE
    ../clib/microlib/longlong.c              0x00000000   Number         0  llushr.o ABSOLUTE
    ../clib/microlib/printf/printf.c         0x00000000   Number         0  printfa.o ABSOLUTE
    ../clib/microlib/string/memcpy.c         0x00000000   Number         0  memcpyb.o ABSOLUTE
    ../clib/microlib/string/memcpy.c         0x00000000   Number         0  memcpya.o ABSOLUTE
    ../clib/microlib/string/memset.c         0x00000000   Number         0  memseta.o ABSOLUTE
    ../clib/microlib/string/strlen.c         0x00000000   Number         0  strlen.o ABSOLUTE
    ../clib/microlib/stubs.s                 0x00000000   Number         0  iusefp.o ABSOLUTE
    ../fplib/microlib/d2f.c                  0x00000000   Number         0  d2f.o ABSOLUTE
    ../fplib/microlib/f2d.c                  0x00000000   Number         0  f2d.o ABSOLUTE
    ../fplib/microlib/fpadd.c                0x00000000   Number         0  dadd.o ABSOLUTE
    ../fplib/microlib/fpadd.c                0x00000000   Number         0  fadd.o ABSOLUTE
    ../fplib/microlib/fpdiv.c                0x00000000   Number         0  ddiv.o ABSOLUTE
    ../fplib/microlib/fpepilogue.c           0x00000000   Number         0  depilogue.o ABSOLUTE
    ../fplib/microlib/fpepilogue.c           0x00000000   Number         0  fepilogue.o ABSOLUTE
    ../fplib/microlib/fpfix.c                0x00000000   Number         0  dfixul.o ABSOLUTE
    ../fplib/microlib/fpfix.c                0x00000000   Number         0  ffixi.o ABSOLUTE
    ../fplib/microlib/fpflt.c                0x00000000   Number         0  ffltui.o ABSOLUTE
    ../fplib/microlib/fpmul.c                0x00000000   Number         0  dmul.o ABSOLUTE
    ../fplib/microlib/fpmul.c                0x00000000   Number         0  fmul.o ABSOLUTE
    ../fplib/microlib/fpscalb.c              0x00000000   Number         0  fscalb.o ABSOLUTE
    ..\..\..\..\..\..\components\ble\common\ble_advdata.c 0x00000000   Number         0  ble_advdata.o ABSOLUTE
    ..\..\..\..\..\..\components\ble\common\ble_conn_params.c 0x00000000   Number         0  ble_conn_params.o ABSOLUTE
    ..\..\..\..\..\..\components\ble\common\ble_srv_common.c 0x00000000   Number         0  ble_srv_common.o ABSOLUTE
    ..\..\..\..\..\..\components\drivers_nrf\common\nrf_drv_common.c 0x00000000   Number         0  nrf_drv_common.o ABSOLUTE
    ..\..\..\..\..\..\components\drivers_nrf\delay\nrf_delay.c 0x00000000   Number         0  nrf_delay.o ABSOLUTE
    ..\..\..\..\..\..\components\drivers_nrf\gpiote\nrf_drv_gpiote.c 0x00000000   Number         0  nrf_drv_gpiote.o ABSOLUTE
    ..\..\..\..\..\..\components\drivers_nrf\timer\nrf_drv_timer.c 0x00000000   Number         0  nrf_drv_timer.o ABSOLUTE
    ..\..\..\..\..\..\components\drivers_nrf\uart\nrf_drv_uart.c 0x00000000   Number         0  nrf_drv_uart.o ABSOLUTE
    ..\..\..\..\..\..\components\libraries\button\app_button.c 0x00000000   Number         0  app_button.o ABSOLUTE
    ..\..\..\..\..\..\components\libraries\fifo\app_fifo.c 0x00000000   Number         0  app_fifo.o ABSOLUTE
    ..\..\..\..\..\..\components\libraries\timer\app_timer.c 0x00000000   Number         0  app_timer.o ABSOLUTE
    ..\..\..\..\..\..\components\libraries\uart\app_uart_fifo.c 0x00000000   Number         0  app_uart_fifo.o ABSOLUTE
    ..\..\..\..\..\..\components\libraries\uart\retarget.c 0x00000000   Number         0  retarget.o ABSOLUTE
    ..\..\..\..\..\..\components\libraries\util\app_error.c 0x00000000   Number         0  app_error.o ABSOLUTE
    ..\..\..\..\..\..\components\libraries\util\app_error_weak.c 0x00000000   Number         0  app_error_weak.o ABSOLUTE
    ..\..\..\..\..\..\components\libraries\util\app_util_platform.c 0x00000000   Number         0  app_util_platform.o ABSOLUTE
    ..\..\..\..\..\..\components\libraries\util\nrf_assert.c 0x00000000   Number         0  nrf_assert.o ABSOLUTE
    ..\..\..\..\..\..\components\libraries\util\nrf_log.c 0x00000000   Number         0  nrf_log.o ABSOLUTE
    ..\..\..\..\..\..\components\softdevice\common\softdevice_handler\softdevice_handler.c 0x00000000   Number         0  softdevice_handler.o ABSOLUTE
    ..\..\..\..\..\bsp\bsp.c                 0x00000000   Number         0  bsp.o ABSOLUTE
    ..\..\..\ble_rhts.c                      0x00000000   Number         0  ble_rhts.o ABSOLUTE
    ..\..\..\htu21d.c                        0x00000000   Number         0  htu21d.o ABSOLUTE
    ..\..\..\main.c                          0x00000000   Number         0  main.o ABSOLUTE
    ..\..\..\twi_sw_master.c                 0x00000000   Number         0  twi_sw_master.o ABSOLUTE
    ..\\..\\..\\..\\..\\..\\components\\ble\\common\\ble_advdata.c 0x00000000   Number         0  ble_advdata.o ABSOLUTE
    ..\\..\\..\\..\\..\\..\\components\\ble\\common\\ble_conn_params.c 0x00000000   Number         0  ble_conn_params.o ABSOLUTE
    ..\\..\\..\\..\\..\\..\\components\\ble\\common\\ble_srv_common.c 0x00000000   Number         0  ble_srv_common.o ABSOLUTE
    ..\\..\\..\\..\\..\\..\\components\\drivers_nrf\\common\\nrf_drv_common.c 0x00000000   Number         0  nrf_drv_common.o ABSOLUTE
    ..\\..\\..\\..\\..\\..\\components\\drivers_nrf\\delay\\nrf_delay.c 0x00000000   Number         0  nrf_delay.o ABSOLUTE
    ..\\..\\..\\..\\..\\..\\components\\drivers_nrf\\gpiote\\nrf_drv_gpiote.c 0x00000000   Number         0  nrf_drv_gpiote.o ABSOLUTE
    ..\\..\\..\\..\\..\\..\\components\\drivers_nrf\\timer\\nrf_drv_timer.c 0x00000000   Number         0  nrf_drv_timer.o ABSOLUTE
    ..\\..\\..\\..\\..\\..\\components\\drivers_nrf\\uart\\nrf_drv_uart.c 0x00000000   Number         0  nrf_drv_uart.o ABSOLUTE
    ..\\..\\..\\..\\..\\..\\components\\libraries\\button\\app_button.c 0x00000000   Number         0  app_button.o ABSOLUTE
    ..\\..\\..\\..\\..\\..\\components\\libraries\\fifo\\app_fifo.c 0x00000000   Number         0  app_fifo.o ABSOLUTE
    ..\\..\\..\\..\\..\\..\\components\\libraries\\timer\\app_timer.c 0x00000000   Number         0  app_timer.o ABSOLUTE
    ..\\..\\..\\..\\..\\..\\components\\libraries\\uart\\app_uart_fifo.c 0x00000000   Number         0  app_uart_fifo.o ABSOLUTE
    ..\\..\\..\\..\\..\\..\\components\\libraries\\uart\\retarget.c 0x00000000   Number         0  retarget.o ABSOLUTE
    ..\\..\\..\\..\\..\\..\\components\\libraries\\util\\app_error.c 0x00000000   Number         0  app_error.o ABSOLUTE
    ..\\..\\..\\..\\..\\..\\components\\libraries\\util\\app_error_weak.c 0x00000000   Number         0  app_error_weak.o ABSOLUTE
    ..\\..\\..\\..\\..\\..\\components\\libraries\\util\\app_util_platform.c 0x00000000   Number         0  app_util_platform.o ABSOLUTE
    ..\\..\\..\\..\\..\\..\\components\\libraries\\util\\nrf_assert.c 0x00000000   Number         0  nrf_assert.o ABSOLUTE
    ..\\..\\..\\..\\..\\..\\components\\libraries\\util\\nrf_log.c 0x00000000   Number         0  nrf_log.o ABSOLUTE
    ..\\..\\..\\..\\..\\..\\components\\softdevice\\common\\softdevice_handler\\softdevice_handler.c 0x00000000   Number         0  softdevice_handler.o ABSOLUTE
    ..\\..\\..\\..\\..\\bsp\\bsp.c           0x00000000   Number         0  bsp.o ABSOLUTE
    ..\\..\\..\\ble_rhts.c                   0x00000000   Number         0  ble_rhts.o ABSOLUTE
    ..\\..\\..\\htu21d.c                     0x00000000   Number         0  htu21d.o ABSOLUTE
    ..\\..\\..\\main.c                       0x00000000   Number         0  main.o ABSOLUTE
    ..\\..\\..\\twi_sw_master.c              0x00000000   Number         0  twi_sw_master.o ABSOLUTE
    RTE\Device\nRF51822_xxAC\arm_startup_nrf51.s 0x00000000   Number         0  arm_startup_nrf51.o ABSOLUTE
    RTE\Device\nRF51822_xxAC\system_nrf51.c  0x00000000   Number         0  system_nrf51.o ABSOLUTE
    RTE\\Device\\nRF51822_xxAC\\system_nrf51.c 0x00000000   Number         0  system_nrf51.o ABSOLUTE
    cdrcmple.s                               0x00000000   Number         0  cdrcmple.o ABSOLUTE
    dc.s                                     0x00000000   Number         0  dc.o ABSOLUTE
    handlers.s                               0x00000000   Number         0  handlers.o ABSOLUTE
    init.s                                   0x00000000   Number         0  init.o ABSOLUTE
    RESET                                    0x0001b000   Section      192  arm_startup_nrf51.o(RESET)
    .ARM.Collect$$$$00000000                 0x0001b0c0   Section        0  entry.o(.ARM.Collect$$$$00000000)
    .ARM.Collect$$$$00000001                 0x0001b0c0   Section        4  entry2.o(.ARM.Collect$$$$00000001)
    .ARM.Collect$$$$00000004                 0x0001b0c4   Section        4  entry5.o(.ARM.Collect$$$$00000004)
    .ARM.Collect$$$$00000008                 0x0001b0c8   Section        0  entry7b.o(.ARM.Collect$$$$00000008)
    .ARM.Collect$$$$0000000A                 0x0001b0c8   Section        0  entry8b.o(.ARM.Collect$$$$0000000A)
    .ARM.Collect$$$$0000000B                 0x0001b0c8   Section        8  entry9a.o(.ARM.Collect$$$$0000000B)
    .ARM.Collect$$$$0000000D                 0x0001b0d0   Section        0  entry10a.o(.ARM.Collect$$$$0000000D)
    .ARM.Collect$$$$0000000F                 0x0001b0d0   Section        0  entry11a.o(.ARM.Collect$$$$0000000F)
    .ARM.Collect$$$$00002712                 0x0001b0d0   Section        4  entry2.o(.ARM.Collect$$$$00002712)
    __lit__00000000                          0x0001b0d0   Data           4  entry2.o(.ARM.Collect$$$$00002712)
    .emb_text                                0x0001b0d4   Section       30  twi_sw_master.o(.emb_text)
    .emb_text                                0x0001b0f4   Section       30  app_timer.o(.emb_text)
    .text                                    0x0001b114   Section       56  arm_startup_nrf51.o(.text)
    .text                                    0x0001b14c   Section        0  uidiv.o(.text)
    .text                                    0x0001b178   Section        0  idiv.o(.text)
    .text                                    0x0001b1a0   Section        0  memcpya.o(.text)
    .text                                    0x0001b1c4   Section        0  memseta.o(.text)
    .text                                    0x0001b1e8   Section        0  fadd.o(.text)
    .text                                    0x0001b29a   Section        0  fmul.o(.text)
    .text                                    0x0001b314   Section        0  fscalb.o(.text)
    .text                                    0x0001b32c   Section        0  dadd.o(.text)
    .text                                    0x0001b490   Section        0  dmul.o(.text)
    .text                                    0x0001b560   Section        0  ffltui.o(.text)
    .text                                    0x0001b56e   Section        0  ffixi.o(.text)
    .text                                    0x0001b5a0   Section        0  f2d.o(.text)
    .text                                    0x0001b5c8   Section        0  d2f.o(.text)
    .text                                    0x0001b600   Section        0  llshl.o(.text)
    .text                                    0x0001b620   Section        0  llsshr.o(.text)
    .text                                    0x0001b646   Section        0  fepilogue.o(.text)
    .text                                    0x0001b646   Section        0  iusefp.o(.text)
    .text                                    0x0001b6c8   Section        0  depilogue.o(.text)
    .text                                    0x0001b788   Section       36  init.o(.text)
    .text                                    0x0001b7ac   Section        0  llushr.o(.text)
    i.GPIOTE_IRQHandler                      0x0001b7d0   Section        0  nrf_drv_gpiote.o(i.GPIOTE_IRQHandler)
    i.NVIC_SetPriority                       0x0001b924   Section        0  app_timer.o(i.NVIC_SetPriority)
    NVIC_SetPriority                         0x0001b925   Thumb Code    60  app_timer.o(i.NVIC_SetPriority)
    i.RTC1_IRQHandler                        0x0001b968   Section        0  app_timer.o(i.RTC1_IRQHandler)
    i.SWI0_IRQHandler                        0x0001b988   Section        0  app_timer.o(i.SWI0_IRQHandler)
    i.SWI2_IRQHandler                        0x0001b990   Section        0  softdevice_handler.o(i.SWI2_IRQHandler)
    i.SystemInit                             0x0001b9b0   Section        0  system_nrf51.o(i.SystemInit)
    i.TIMER1_IRQHandler                      0x0001ba50   Section        0  nrf_drv_timer.o(i.TIMER1_IRQHandler)
    i.UART0_IRQHandler                       0x0001ba94   Section        0  nrf_drv_uart.o(i.UART0_IRQHandler)
    i.__ARM_clz                              0x0001ba9c   Section        0  depilogue.o(i.__ARM_clz)
    i.__ARM_common_switch8                   0x0001baca   Section        0  main.o(i.__ARM_common_switch8)
    i.__scatterload_copy                     0x0001bae4   Section       14  handlers.o(i.__scatterload_copy)
    i.__scatterload_null                     0x0001baf2   Section        2  handlers.o(i.__scatterload_null)
    i.__scatterload_zeroinit                 0x0001baf4   Section       14  handlers.o(i.__scatterload_zeroinit)
    i.__sd_nvic_app_accessible_irq           0x0001bb04   Section        0  main.o(i.__sd_nvic_app_accessible_irq)
    __sd_nvic_app_accessible_irq             0x0001bb05   Thumb Code    22  main.o(i.__sd_nvic_app_accessible_irq)
    i.__sd_nvic_is_app_accessible_priority   0x0001bb20   Section        0  main.o(i.__sd_nvic_is_app_accessible_priority)
    __sd_nvic_is_app_accessible_priority     0x0001bb21   Thumb Code    20  main.o(i.__sd_nvic_is_app_accessible_priority)
    i.adv_data_encode                        0x0001bb34   Section        0  ble_advdata.o(i.adv_data_encode)
    i.advertising_start                      0x0001bd4c   Section        0  main.o(i.advertising_start)
    advertising_start                        0x0001bd4d   Thumb Code    54  main.o(i.advertising_start)
    i.app_error_fault_handler                0x0001bd88   Section        0  app_error_weak.o(i.app_error_fault_handler)
    i.app_error_handler_bare                 0x0001bda4   Section        0  app_error.o(i.app_error_handler_bare)
    i.app_timer_create                       0x0001bdbc   Section        0  app_timer.o(i.app_timer_create)
    i.app_timer_init                         0x0001bde8   Section        0  app_timer.o(i.app_timer_init)
    i.app_timer_start                        0x0001be78   Section        0  app_timer.o(i.app_timer_start)
    i.app_timer_stop                         0x0001bef4   Section        0  app_timer.o(i.app_timer_stop)
    i.ble_advdata_set                        0x0001bf48   Section        0  ble_advdata.o(i.ble_advdata_set)
    i.ble_conn_params_init                   0x0001bfb0   Section        0  ble_conn_params.o(i.ble_conn_params_init)
    i.ble_conn_params_on_ble_evt             0x0001c004   Section        0  ble_conn_params.o(i.ble_conn_params_on_ble_evt)
    i.ble_device_addr_encode                 0x0001c094   Section        0  ble_advdata.o(i.ble_device_addr_encode)
    ble_device_addr_encode                   0x0001c095   Thumb Code    94  ble_advdata.o(i.ble_device_addr_encode)
    i.ble_evt_dispatch                       0x0001c0f4   Section        0  main.o(i.ble_evt_dispatch)
    ble_evt_dispatch                         0x0001c0f5   Thumb Code    24  main.o(i.ble_evt_dispatch)
    i.ble_rhts_command_char_update           0x0001c110   Section        0  ble_rhts.o(i.ble_rhts_command_char_update)
    i.ble_rhts_humidity_char_update          0x0001c140   Section        0  ble_rhts.o(i.ble_rhts_humidity_char_update)
    i.ble_rhts_init                          0x0001c170   Section        0  ble_rhts.o(i.ble_rhts_init)
    i.ble_rhts_on_ble_evt                    0x0001c1d0   Section        0  ble_rhts.o(i.ble_rhts_on_ble_evt)
    i.ble_rhts_temperature_char_update       0x0001c1f2   Section        0  ble_rhts.o(i.ble_rhts_temperature_char_update)
    i.ble_stack_init                         0x0001c224   Section        0  main.o(i.ble_stack_init)
    ble_stack_init                           0x0001c225   Thumb Code   120  main.o(i.ble_stack_init)
    i.channel_port_get                       0x0001c2ac   Section        0  nrf_drv_gpiote.o(i.channel_port_get)
    channel_port_get                         0x0001c2ad   Thumb Code    10  nrf_drv_gpiote.o(i.channel_port_get)
    i.command_char_add                       0x0001c2bc   Section        0  ble_rhts.o(i.command_char_add)
    command_char_add                         0x0001c2bd   Thumb Code   132  ble_rhts.o(i.command_char_add)
    i.command_parameters_merge               0x0001c344   Section        0  main.o(i.command_parameters_merge)
    i.compare_reg_update                     0x0001c350   Section        0  app_timer.o(i.compare_reg_update)
    compare_reg_update                       0x0001c351   Thumb Code   142  app_timer.o(i.compare_reg_update)
    i.conn_int_encode                        0x0001c3f8   Section        0  ble_advdata.o(i.conn_int_encode)
    conn_int_encode                          0x0001c3f9   Thumb Code   130  ble_advdata.o(i.conn_int_encode)
    i.conn_params_error_handler              0x0001c480   Section        0  main.o(i.conn_params_error_handler)
    conn_params_error_handler                0x0001c481   Thumb Code     8  main.o(i.conn_params_error_handler)
    i.conn_params_negotiation                0x0001c488   Section        0  ble_conn_params.o(i.conn_params_negotiation)
    conn_params_negotiation                  0x0001c489   Thumb Code    92  ble_conn_params.o(i.conn_params_negotiation)
    i.elapsed_ticks_acquire                  0x0001c4f0   Section        0  app_timer.o(i.elapsed_ticks_acquire)
    elapsed_ticks_acquire                    0x0001c4f1   Thumb Code    58  app_timer.o(i.elapsed_ticks_acquire)
    i.erase_measurements_history             0x0001c530   Section        0  main.o(i.erase_measurements_history)
    i.history_struct_init                    0x0001c548   Section        0  main.o(i.history_struct_init)
    i.htu21d_RH_read                         0x0001c564   Section        0  htu21d.o(i.htu21d_RH_read)
    i.htu21d_start_RH_conversion             0x0001c598   Section        0  htu21d.o(i.htu21d_start_RH_conversion)
    i.htu21d_start_temp_conversion           0x0001c5b4   Section        0  htu21d.o(i.htu21d_start_temp_conversion)
    i.htu21d_temp_read                       0x0001c5d0   Section        0  htu21d.o(i.htu21d_temp_read)
    i.humidity_char_add                      0x0001c604   Section        0  ble_rhts.o(i.humidity_char_add)
    humidity_char_add                        0x0001c605   Thumb Code   130  ble_rhts.o(i.humidity_char_add)
    i.i2c_RH_conv                            0x0001c68c   Section        0  htu21d.o(i.i2c_RH_conv)
    i.i2c_RH_read                            0x0001c694   Section        0  htu21d.o(i.i2c_RH_read)
    i.i2c_temp_conv                          0x0001c6f0   Section        0  htu21d.o(i.i2c_temp_conv)
    i.i2c_temp_read                          0x0001c6f8   Section        0  htu21d.o(i.i2c_temp_read)
    i.intern_softdevice_events_execute       0x0001c768   Section        0  softdevice_handler.o(i.intern_softdevice_events_execute)
    i.is_conn_params_ok                      0x0001c7e0   Section        0  ble_conn_params.o(i.is_conn_params_ok)
    is_conn_params_ok                        0x0001c7e1   Thumb Code    24  ble_conn_params.o(i.is_conn_params_ok)
    i.is_manual_peripheral_setup_needed      0x0001c7fc   Section        0  system_nrf51.o(i.is_manual_peripheral_setup_needed)
    is_manual_peripheral_setup_needed        0x0001c7fd   Thumb Code    66  system_nrf51.o(i.is_manual_peripheral_setup_needed)
    i.le_role_encode                         0x0001c844   Section        0  ble_advdata.o(i.le_role_encode)
    le_role_encode                           0x0001c845   Thumb Code    84  ble_advdata.o(i.le_role_encode)
    i.list_deletions_handler                 0x0001c898   Section        0  app_timer.o(i.list_deletions_handler)
    list_deletions_handler                   0x0001c899   Thumb Code   180  app_timer.o(i.list_deletions_handler)
    i.list_insertions_handler                0x0001c954   Section        0  app_timer.o(i.list_insertions_handler)
    list_insertions_handler                  0x0001c955   Thumb Code   202  app_timer.o(i.list_insertions_handler)
    i.main                                   0x0001ca28   Section        0  main.o(i.main)
    i.manuf_specific_data_encode             0x0001cb50   Section        0  ble_advdata.o(i.manuf_specific_data_encode)
    manuf_specific_data_encode               0x0001cb51   Thumb Code   104  ble_advdata.o(i.manuf_specific_data_encode)
    i.measurements_history_add_element_to_array 0x0001cbb8   Section        0  main.o(i.measurements_history_add_element_to_array)
    i.measurements_history_get_position_from_array 0x0001cc98   Section        0  main.o(i.measurements_history_get_position_from_array)
    i.name_encode                            0x0001ccd4   Section        0  ble_advdata.o(i.name_encode)
    name_encode                              0x0001ccd5   Thumb Code   158  ble_advdata.o(i.name_encode)
    i.nrf_drv_common_irq_enable              0x0001cd74   Section        0  nrf_drv_common.o(i.nrf_drv_common_irq_enable)
    i.nrf_drv_timer_compare                  0x0001cdd4   Section        0  nrf_drv_timer.o(i.nrf_drv_timer_compare)
    i.nrf_drv_timer_enable                   0x0001ce00   Section        0  nrf_drv_timer.o(i.nrf_drv_timer_enable)
    i.nrf_drv_timer_extended_compare         0x0001ce1c   Section        0  nrf_drv_timer.o(i.nrf_drv_timer_extended_compare)
    i.nrf_drv_timer_init                     0x0001ce4c   Section        0  nrf_drv_timer.o(i.nrf_drv_timer_init)
    i.nrf_gpio_cfg_sense_set                 0x0001cef8   Section        0  nrf_drv_gpiote.o(i.nrf_gpio_cfg_sense_set)
    nrf_gpio_cfg_sense_set                   0x0001cef9   Thumb Code    26  nrf_drv_gpiote.o(i.nrf_gpio_cfg_sense_set)
    i.nrf_gpiote_event_is_set                0x0001cf18   Section        0  nrf_drv_gpiote.o(i.nrf_gpiote_event_is_set)
    nrf_gpiote_event_is_set                  0x0001cf19   Thumb Code    14  nrf_drv_gpiote.o(i.nrf_gpiote_event_is_set)
    i.nrf_uart_event_check                   0x0001cf2c   Section        0  nrf_drv_uart.o(i.nrf_uart_event_check)
    nrf_uart_event_check                     0x0001cf2d   Thumb Code    10  nrf_drv_uart.o(i.nrf_uart_event_check)
    i.nrf_uart_int_enable_check              0x0001cf36   Section        0  nrf_drv_uart.o(i.nrf_uart_int_enable_check)
    nrf_uart_int_enable_check                0x0001cf37   Thumb Code    16  nrf_drv_uart.o(i.nrf_uart_int_enable_check)
    i.on_ble_evt                             0x0001cf48   Section        0  main.o(i.on_ble_evt)
    on_ble_evt                               0x0001cf49   Thumb Code   128  main.o(i.on_ble_evt)
    i.on_conn_params_evt                     0x0001cfdc   Section        0  main.o(i.on_conn_params_evt)
    on_conn_params_evt                       0x0001cfdd   Thumb Code    26  main.o(i.on_conn_params_evt)
    i.on_write                               0x0001cffc   Section        0  ble_rhts.o(i.on_write)
    on_write                                 0x0001cffd   Thumb Code    52  ble_rhts.o(i.on_write)
    i.parameters_merge                       0x0001d034   Section        0  main.o(i.parameters_merge)
    i.rtc1_stop                              0x0001d03c   Section        0  app_timer.o(i.rtc1_stop)
    rtc1_stop                                0x0001d03d   Thumb Code    50  app_timer.o(i.rtc1_stop)
    i.rx_byte                                0x0001d080   Section        0  nrf_drv_uart.o(i.rx_byte)
    rx_byte                                  0x0001d081   Thumb Code    42  nrf_drv_uart.o(i.rx_byte)
    i.rx_done_event                          0x0001d0b8   Section        0  nrf_drv_uart.o(i.rx_done_event)
    rx_done_event                            0x0001d0b9   Thumb Code    22  nrf_drv_uart.o(i.rx_done_event)
    i.sd_check_ram_start                     0x0001d0d4   Section        0  softdevice_handler.o(i.sd_check_ram_start)
    i.sd_nvic_EnableIRQ                      0x0001d0e4   Section        0  softdevice_handler.o(i.sd_nvic_EnableIRQ)
    sd_nvic_EnableIRQ                        0x0001d0e5   Thumb Code   116  softdevice_handler.o(i.sd_nvic_EnableIRQ)
    i.service_data_encode                    0x0001d170   Section        0  ble_advdata.o(i.service_data_encode)
    service_data_encode                      0x0001d171   Thumb Code   142  ble_advdata.o(i.service_data_encode)
    i.softdevice_ble_evt_handler_set         0x0001d200   Section        0  softdevice_handler.o(i.softdevice_ble_evt_handler_set)
    i.softdevice_enable                      0x0001d214   Section        0  softdevice_handler.o(i.softdevice_enable)
    i.softdevice_enable_get_default_config   0x0001d228   Section        0  softdevice_handler.o(i.softdevice_enable_get_default_config)
    i.softdevice_fault_handler               0x0001d250   Section        0  softdevice_handler.o(i.softdevice_fault_handler)
    i.softdevice_handler_init                0x0001d258   Section        0  softdevice_handler.o(i.softdevice_handler_init)
    i.temperature_char_add                   0x0001d28c   Section        0  ble_rhts.o(i.temperature_char_add)
    temperature_char_add                     0x0001d28d   Thumb Code   132  ble_rhts.o(i.temperature_char_add)
    i.timer_list_handler                     0x0001d314   Section        0  app_timer.o(i.timer_list_handler)
    timer_list_handler                       0x0001d315   Thumb Code   128  app_timer.o(i.timer_list_handler)
    i.timer_list_handler_sched               0x0001d398   Section        0  app_timer.o(i.timer_list_handler_sched)
    timer_list_handler_sched                 0x0001d399   Thumb Code    10  app_timer.o(i.timer_list_handler_sched)
    i.timer_list_insert                      0x0001d3a8   Section        0  app_timer.o(i.timer_list_insert)
    timer_list_insert                        0x0001d3a9   Thumb Code    60  app_timer.o(i.timer_list_insert)
    i.timer_rht_measurement_event_handler    0x0001d3e8   Section        0  main.o(i.timer_rht_measurement_event_handler)
    i.timer_timeout_handler                  0x0001d464   Section        0  main.o(i.timer_timeout_handler)
    timer_timeout_handler                    0x0001d465   Thumb Code   582  main.o(i.timer_timeout_handler)
    i.timer_timeouts_check                   0x0001d6c4   Section        0  app_timer.o(i.timer_timeouts_check)
    timer_timeouts_check                     0x0001d6c5   Thumb Code   118  app_timer.o(i.timer_timeouts_check)
    i.timers_init                            0x0001d744   Section        0  main.o(i.timers_init)
    timers_init                              0x0001d745   Thumb Code   234  main.o(i.timers_init)
    i.twi_master_clock_byte                  0x0001d854   Section        0  twi_sw_master.o(i.twi_master_clock_byte)
    twi_master_clock_byte                    0x0001d855   Thumb Code    98  twi_sw_master.o(i.twi_master_clock_byte)
    i.twi_master_clock_byte_in               0x0001d8bc   Section        0  twi_sw_master.o(i.twi_master_clock_byte_in)
    twi_master_clock_byte_in                 0x0001d8bd   Thumb Code    98  twi_sw_master.o(i.twi_master_clock_byte_in)
    i.twi_master_transfer                    0x0001d924   Section        0  twi_sw_master.o(i.twi_master_transfer)
    i.twi_master_wait_while_scl_low          0x0001d9d8   Section        0  twi_sw_master.o(i.twi_master_wait_while_scl_low)
    twi_master_wait_while_scl_low            0x0001d9d9   Thumb Code    26  twi_sw_master.o(i.twi_master_wait_while_scl_low)
    i.tx_byte                                0x0001d9f8   Section        0  nrf_drv_uart.o(i.tx_byte)
    tx_byte                                  0x0001d9f9   Thumb Code    30  nrf_drv_uart.o(i.tx_byte)
    i.tx_done_event                          0x0001da24   Section        0  nrf_drv_uart.o(i.tx_done_event)
    tx_done_event                            0x0001da25   Thumb Code    26  nrf_drv_uart.o(i.tx_done_event)
    i.uart_irq_handler                       0x0001da44   Section        0  nrf_drv_uart.o(i.uart_irq_handler)
    uart_irq_handler                         0x0001da45   Thumb Code   278  nrf_drv_uart.o(i.uart_irq_handler)
    i.uint16_encode                          0x0001db6c   Section        0  ble_advdata.o(i.uint16_encode)
    uint16_encode                            0x0001db6d   Thumb Code    10  ble_advdata.o(i.uint16_encode)
    i.update_timeout_handler                 0x0001db78   Section        0  ble_conn_params.o(i.update_timeout_handler)
    update_timeout_handler                   0x0001db79   Thumb Code    86  ble_conn_params.o(i.update_timeout_handler)
    i.user_id_get                            0x0001dbdc   Section        0  app_timer.o(i.user_id_get)
    user_id_get                              0x0001dbdd   Thumb Code    76  app_timer.o(i.user_id_get)
    i.user_op_alloc                          0x0001dc30   Section        0  app_timer.o(i.user_op_alloc)
    user_op_alloc                            0x0001dc31   Thumb Code    38  app_timer.o(i.user_op_alloc)
    i.uuid_list_encode                       0x0001dc56   Section        0  ble_advdata.o(i.uuid_list_encode)
    uuid_list_encode                         0x0001dc57   Thumb Code    48  ble_advdata.o(i.uuid_list_encode)
    i.uuid_list_sized_encode                 0x0001dc86   Section        0  ble_advdata.o(i.uuid_list_sized_encode)
    uuid_list_sized_encode                   0x0001dc87   Thumb Code   174  ble_advdata.o(i.uuid_list_sized_encode)
    i.wdt_init                               0x0001dd34   Section        0  main.o(i.wdt_init)
    i.zamiana_floata_na_inta                 0x0001dd54   Section        0  htu21d.o(i.zamiana_floata_na_inta)
    .constdata                               0x0001dd90   Section       28  main.o(.constdata)
    m_connection_event_timer_id              0x0001dd90   Data           4  main.o(.constdata)
    .constdata                               0x0001ddac   Section        4  ble_conn_params.o(.constdata)
    m_conn_params_timer_id                   0x0001ddac   Data           4  ble_conn_params.o(.constdata)
    .constdata                               0x0001ddb0   Section       16  ble_rhts.o(.constdata)
    .constdata                               0x0001ddc0   Section        8  nrf_drv_timer.o(.constdata)
    m_default_config                         0x0001ddc0   Data           8  nrf_drv_timer.o(.constdata)
    .constdata                               0x0001ddc8   Section        3  htu21d.o(.constdata)
    .data                                    0x20002080   Section       52  main.o(.data)
    m_conn_handle                            0x20002084   Data           2  main.o(.data)
    current_humidity_measurement             0x20002086   Data           2  main.o(.data)
    current_temperature_measurement          0x20002088   Data           2  main.o(.data)
    position                                 0x2000208c   Data           2  main.o(.data)
    existing_elements                        0x2000208e   Data           2  main.o(.data)
    position                                 0x20002090   Data           2  main.o(.data)
    existing_elements                        0x20002092   Data           2  main.o(.data)
    RHT_step                                 0x20002094   Data           2  main.o(.data)
    packet_temperature                       0x200020a4   Data           4  main.o(.data)
    packet_humidity                          0x200020a8   Data           4  main.o(.data)
    packet_command                           0x200020ac   Data           4  main.o(.data)
    .data                                    0x200020b4   Section       20  ble_conn_params.o(.data)
    m_change_param                           0x200020b4   Data           1  ble_conn_params.o(.data)
    m_update_count                           0x200020b5   Data           1  ble_conn_params.o(.data)
    m_conn_handle                            0x200020b6   Data           2  ble_conn_params.o(.data)
    m_preferred_conn_params                  0x200020b8   Data           8  ble_conn_params.o(.data)
    m_current_conn_params                    0x200020c0   Data           8  ble_conn_params.o(.data)
    .data                                    0x200020c8   Section        4  ble_rhts.o(.data)
    .data                                    0x200020cc   Section       16  htu21d.o(.data)
    m_device_address                         0x200020cc   Data           1  htu21d.o(.data)
    .data                                    0x200020dc   Section       32  app_timer.o(.data)
    m_user_array_size                        0x200020dc   Data           1  app_timer.o(.data)
    m_ticks_elapsed_q_read_ind               0x200020dd   Data           1  app_timer.o(.data)
    m_ticks_elapsed_q_write_ind              0x200020de   Data           1  app_timer.o(.data)
    m_rtc1_running                           0x200020df   Data           1  app_timer.o(.data)
    m_rtc1_reset                             0x200020e0   Data           1  app_timer.o(.data)
    mp_users                                 0x200020e4   Data           4  app_timer.o(.data)
    mp_timer_id_head                         0x200020e8   Data           4  app_timer.o(.data)
    m_ticks_latest                           0x200020ec   Data           4  app_timer.o(.data)
    m_evt_schedule_func                      0x200020f0   Data           4  app_timer.o(.data)
    m_ticks_elapsed                          0x200020f4   Data           8  app_timer.o(.data)
    .data                                    0x200020fc   Section       28  softdevice_handler.o(.data)
    m_softdevice_enabled                     0x200020fc   Data           1  softdevice_handler.o(.data)
    m_ble_evt_buffer_size                    0x200020fe   Data           2  softdevice_handler.o(.data)
    m_evt_schedule_func                      0x20002100   Data           4  softdevice_handler.o(.data)
    mp_ble_evt_buffer                        0x20002104   Data           4  softdevice_handler.o(.data)
    m_ble_evt_handler                        0x20002108   Data           4  softdevice_handler.o(.data)
    m_sys_evt_handler                        0x2000210c   Data           4  softdevice_handler.o(.data)
    .data                                    0x20002118   Section        4  system_nrf51.o(.data)
    __tagsym$$used                           0x20002118   Number         0  system_nrf51.o(.data)
    .bss                                     0x2000211c   Section       32  main.o(.bss)
    m_connection_event_timer_id_data         0x2000211c   Data          32  main.o(.bss)
    .bss                                     0x2000213c   Section     1762  main.o(.bss)
    BLE_EVT_BUFFER                           0x2000213c   Data          72  main.o(.bss)
    APP_TIMER_BUF                            0x20002184   Data         456  main.o(.bss)
    m_rhts                                   0x2000234c   Data          30  main.o(.bss)
    History                                  0x2000236a   Data        1204  main.o(.bss)
    .bss                                     0x20002820   Section       32  ble_conn_params.o(.bss)
    m_conn_params_timer_id_data              0x20002820   Data          32  ble_conn_params.o(.bss)
    .bss                                     0x20002840   Section       28  ble_conn_params.o(.bss)
    m_conn_params_config                     0x20002840   Data          28  ble_conn_params.o(.bss)
    .bss                                     0x2000285c   Section       72  nrf_drv_gpiote.o(.bss)
    m_cb                                     0x2000285c   Data          72  nrf_drv_gpiote.o(.bss)
    .bss                                     0x200028a4   Section       12  nrf_drv_timer.o(.bss)
    m_cb                                     0x200028a4   Data          12  nrf_drv_timer.o(.bss)
    .bss                                     0x200028b0   Section       28  nrf_drv_uart.o(.bss)
    m_cb                                     0x200028b0   Data          28  nrf_drv_uart.o(.bss)
    STACK                                    0x200028d0   Section     2048  arm_startup_nrf51.o(STACK)

    Global Symbols

    Symbol Name                              Value     Ov Type        Size  Object(Section)

    BuildAttributes$$THM_ISAv3M$S$PE$A:L22$X:L11$S22$IEEE1$IW$USESV6$~STKCKD$USESV7$~SHL$OTIME$ROPI$EBA8$MICROLIB$REQ8$PRES8$EABIv2 0x00000000   Number         0  anon$$obj.o ABSOLUTE
    __ARM_use_no_argv                        0x00000000   Number         0  main.o ABSOLUTE
    __cpp_initialize__aeabi_                  - Undefined Weak Reference
    __cxa_finalize                            - Undefined Weak Reference
    __decompress                              - Undefined Weak Reference
    _clock_init                               - Undefined Weak Reference
    _microlib_exit                            - Undefined Weak Reference
    __Vectors_Size                           0x000000c0   Number         0  arm_startup_nrf51.o ABSOLUTE
    __Vectors                                0x0001b000   Data           4  arm_startup_nrf51.o(RESET)
    __Vectors_End                            0x0001b0c0   Data           0  arm_startup_nrf51.o(RESET)
    __main                                   0x0001b0c1   Thumb Code     0  entry.o(.ARM.Collect$$$$00000000)
    _main_stk                                0x0001b0c1   Thumb Code     0  entry2.o(.ARM.Collect$$$$00000001)
    _main_scatterload                        0x0001b0c5   Thumb Code     0  entry5.o(.ARM.Collect$$$$00000004)
    __main_after_scatterload                 0x0001b0c9   Thumb Code     0  entry5.o(.ARM.Collect$$$$00000004)
    _main_clock                              0x0001b0c9   Thumb Code     0  entry7b.o(.ARM.Collect$$$$00000008)
    _main_cpp_init                           0x0001b0c9   Thumb Code     0  entry8b.o(.ARM.Collect$$$$0000000A)
    _main_init                               0x0001b0c9   Thumb Code     0  entry9a.o(.ARM.Collect$$$$0000000B)
    __rt_final_cpp                           0x0001b0d1   Thumb Code     0  entry10a.o(.ARM.Collect$$$$0000000D)
    __rt_final_exit                          0x0001b0d1   Thumb Code     0  entry11a.o(.ARM.Collect$$$$0000000F)
    __asm___15_twi_sw_master_c_959ec897__nrf_delay_us 0x0001b0d5   Thumb Code    30  twi_sw_master.o(.emb_text)
    __asm___11_app_timer_c_cd27f9c3__nrf_delay_us 0x0001b0f5   Thumb Code    30  app_timer.o(.emb_text)
    Reset_Handler                            0x0001b115   Thumb Code    26  arm_startup_nrf51.o(.text)
    NMI_Handler                              0x0001b12f   Thumb Code     2  arm_startup_nrf51.o(.text)
    HardFault_Handler                        0x0001b131   Thumb Code     2  arm_startup_nrf51.o(.text)
    SVC_Handler                              0x0001b133   Thumb Code     2  arm_startup_nrf51.o(.text)
    PendSV_Handler                           0x0001b135   Thumb Code     2  arm_startup_nrf51.o(.text)
    SysTick_Handler                          0x0001b137   Thumb Code     2  arm_startup_nrf51.o(.text)
    ADC_IRQHandler                           0x0001b139   Thumb Code     0  arm_startup_nrf51.o(.text)
    CCM_AAR_IRQHandler                       0x0001b139   Thumb Code     0  arm_startup_nrf51.o(.text)
    ECB_IRQHandler                           0x0001b139   Thumb Code     0  arm_startup_nrf51.o(.text)
    LPCOMP_IRQHandler                        0x0001b139   Thumb Code     0  arm_startup_nrf51.o(.text)
    POWER_CLOCK_IRQHandler                   0x0001b139   Thumb Code     0  arm_startup_nrf51.o(.text)
    QDEC_IRQHandler                          0x0001b139   Thumb Code     0  arm_startup_nrf51.o(.text)
    RADIO_IRQHandler                         0x0001b139   Thumb Code     0  arm_startup_nrf51.o(.text)
    RNG_IRQHandler                           0x0001b139   Thumb Code     0  arm_startup_nrf51.o(.text)
    RTC0_IRQHandler                          0x0001b139   Thumb Code     0  arm_startup_nrf51.o(.text)
    SPI0_TWI0_IRQHandler                     0x0001b139   Thumb Code     0  arm_startup_nrf51.o(.text)
    SPI1_TWI1_IRQHandler                     0x0001b139   Thumb Code     0  arm_startup_nrf51.o(.text)
    SWI1_IRQHandler                          0x0001b139   Thumb Code     0  arm_startup_nrf51.o(.text)
    SWI3_IRQHandler                          0x0001b139   Thumb Code     0  arm_startup_nrf51.o(.text)
    SWI4_IRQHandler                          0x0001b139   Thumb Code     0  arm_startup_nrf51.o(.text)
    SWI5_IRQHandler                          0x0001b139   Thumb Code     0  arm_startup_nrf51.o(.text)
    TEMP_IRQHandler                          0x0001b139   Thumb Code     0  arm_startup_nrf51.o(.text)
    TIMER0_IRQHandler                        0x0001b139   Thumb Code     0  arm_startup_nrf51.o(.text)
    TIMER2_IRQHandler                        0x0001b139   Thumb Code     0  arm_startup_nrf51.o(.text)
    WDT_IRQHandler                           0x0001b139   Thumb Code     0  arm_startup_nrf51.o(.text)
    __aeabi_uidiv                            0x0001b14d   Thumb Code     0  uidiv.o(.text)
    __aeabi_uidivmod                         0x0001b14d   Thumb Code    44  uidiv.o(.text)
    __aeabi_idiv                             0x0001b179   Thumb Code     0  idiv.o(.text)
    __aeabi_idivmod                          0x0001b179   Thumb Code    40  idiv.o(.text)
    __aeabi_memcpy                           0x0001b1a1   Thumb Code    36  memcpya.o(.text)
    __aeabi_memcpy4                          0x0001b1a1   Thumb Code     0  memcpya.o(.text)
    __aeabi_memcpy8                          0x0001b1a1   Thumb Code     0  memcpya.o(.text)
    __aeabi_memset                           0x0001b1c5   Thumb Code    14  memseta.o(.text)
    __aeabi_memset4                          0x0001b1c5   Thumb Code     0  memseta.o(.text)
    __aeabi_memset8                          0x0001b1c5   Thumb Code     0  memseta.o(.text)
    __aeabi_memclr                           0x0001b1d3   Thumb Code     4  memseta.o(.text)
    __aeabi_memclr4                          0x0001b1d3   Thumb Code     0  memseta.o(.text)
    __aeabi_memclr8                          0x0001b1d3   Thumb Code     0  memseta.o(.text)
    _memset$wrapper                          0x0001b1d7   Thumb Code    18  memseta.o(.text)
    __aeabi_fadd                             0x0001b1e9   Thumb Code   162  fadd.o(.text)
    __aeabi_fsub                             0x0001b28b   Thumb Code     8  fadd.o(.text)
    __aeabi_frsub                            0x0001b293   Thumb Code     8  fadd.o(.text)
    __aeabi_fmul                             0x0001b29b   Thumb Code   122  fmul.o(.text)
    __ARM_scalbnf                            0x0001b315   Thumb Code    24  fscalb.o(.text)
    scalbnf                                  0x0001b315   Thumb Code     0  fscalb.o(.text)
    __aeabi_dadd                             0x0001b32d   Thumb Code   328  dadd.o(.text)
    __aeabi_dsub                             0x0001b475   Thumb Code    12  dadd.o(.text)
    __aeabi_drsub                            0x0001b481   Thumb Code    12  dadd.o(.text)
    __aeabi_dmul                             0x0001b491   Thumb Code   202  dmul.o(.text)
    __aeabi_ui2f                             0x0001b561   Thumb Code    14  ffltui.o(.text)
    __aeabi_f2iz                             0x0001b56f   Thumb Code    50  ffixi.o(.text)
    __aeabi_f2d                              0x0001b5a1   Thumb Code    40  f2d.o(.text)
    __aeabi_d2f                              0x0001b5c9   Thumb Code    56  d2f.o(.text)
    __aeabi_llsl                             0x0001b601   Thumb Code    32  llshl.o(.text)
    _ll_shift_l                              0x0001b601   Thumb Code     0  llshl.o(.text)
    __aeabi_lasr                             0x0001b621   Thumb Code    38  llsshr.o(.text)
    _ll_sshift_r                             0x0001b621   Thumb Code     0  llsshr.o(.text)
    __I$use$fp                               0x0001b647   Thumb Code     0  iusefp.o(.text)
    _float_round                             0x0001b647   Thumb Code    16  fepilogue.o(.text)
    _float_epilogue                          0x0001b657   Thumb Code   114  fepilogue.o(.text)
    _double_round                            0x0001b6c9   Thumb Code    26  depilogue.o(.text)
    _double_epilogue                         0x0001b6e3   Thumb Code   164  depilogue.o(.text)
    __scatterload                            0x0001b789   Thumb Code    28  init.o(.text)
    __scatterload_rt2                        0x0001b789   Thumb Code     0  init.o(.text)
    __aeabi_llsr                             0x0001b7ad   Thumb Code    34  llushr.o(.text)
    _ll_ushift_r                             0x0001b7ad   Thumb Code     0  llushr.o(.text)
    GPIOTE_IRQHandler                        0x0001b7d1   Thumb Code   312  nrf_drv_gpiote.o(i.GPIOTE_IRQHandler)
    RTC1_IRQHandler                          0x0001b969   Thumb Code    28  app_timer.o(i.RTC1_IRQHandler)
    SWI0_IRQHandler                          0x0001b989   Thumb Code     8  app_timer.o(i.SWI0_IRQHandler)
    SWI2_IRQHandler                          0x0001b991   Thumb Code    28  softdevice_handler.o(i.SWI2_IRQHandler)
    SystemInit                               0x0001b9b1   Thumb Code   130  system_nrf51.o(i.SystemInit)
    TIMER1_IRQHandler                        0x0001ba51   Thumb Code    60  nrf_drv_timer.o(i.TIMER1_IRQHandler)
    UART0_IRQHandler                         0x0001ba95   Thumb Code     8  nrf_drv_uart.o(i.UART0_IRQHandler)
    __ARM_clz                                0x0001ba9d   Thumb Code    46  depilogue.o(i.__ARM_clz)
    __ARM_common_switch8                     0x0001bacb   Thumb Code    26  main.o(i.__ARM_common_switch8)
    __scatterload_copy                       0x0001bae5   Thumb Code    14  handlers.o(i.__scatterload_copy)
    __scatterload_null                       0x0001baf3   Thumb Code     2  handlers.o(i.__scatterload_null)
    __scatterload_zeroinit                   0x0001baf5   Thumb Code    14  handlers.o(i.__scatterload_zeroinit)
    adv_data_encode                          0x0001bb35   Thumb Code   534  ble_advdata.o(i.adv_data_encode)
    app_error_fault_handler                  0x0001bd89   Thumb Code    18  app_error_weak.o(i.app_error_fault_handler)
    app_error_handler_bare                   0x0001bda5   Thumb Code    20  app_error.o(i.app_error_handler_bare)
    app_timer_create                         0x0001bdbd   Thumb Code    40  app_timer.o(i.app_timer_create)
    app_timer_init                           0x0001bde9   Thumb Code   126  app_timer.o(i.app_timer_init)
    app_timer_start                          0x0001be79   Thumb Code   114  app_timer.o(i.app_timer_start)
    app_timer_stop                           0x0001bef5   Thumb Code    78  app_timer.o(i.app_timer_stop)
    ble_advdata_set                          0x0001bf49   Thumb Code   104  ble_advdata.o(i.ble_advdata_set)
    ble_conn_params_init                     0x0001bfb1   Thumb Code    68  ble_conn_params.o(i.ble_conn_params_init)
    ble_conn_params_on_ble_evt               0x0001c005   Thumb Code   132  ble_conn_params.o(i.ble_conn_params_on_ble_evt)
    ble_rhts_command_char_update             0x0001c111   Thumb Code    48  ble_rhts.o(i.ble_rhts_command_char_update)
    ble_rhts_humidity_char_update            0x0001c141   Thumb Code    48  ble_rhts.o(i.ble_rhts_humidity_char_update)
    ble_rhts_init                            0x0001c171   Thumb Code    86  ble_rhts.o(i.ble_rhts_init)
    ble_rhts_on_ble_evt                      0x0001c1d1   Thumb Code    34  ble_rhts.o(i.ble_rhts_on_ble_evt)
    ble_rhts_temperature_char_update         0x0001c1f3   Thumb Code    48  ble_rhts.o(i.ble_rhts_temperature_char_update)
    command_parameters_merge                 0x0001c345   Thumb Code    10  main.o(i.command_parameters_merge)
    erase_measurements_history               0x0001c531   Thumb Code    14  main.o(i.erase_measurements_history)
    history_struct_init                      0x0001c549   Thumb Code    16  main.o(i.history_struct_init)
    htu21d_RH_read                           0x0001c565   Thumb Code    48  htu21d.o(i.htu21d_RH_read)
    htu21d_start_RH_conversion               0x0001c599   Thumb Code    18  htu21d.o(i.htu21d_start_RH_conversion)
    htu21d_start_temp_conversion             0x0001c5b5   Thumb Code    18  htu21d.o(i.htu21d_start_temp_conversion)
    htu21d_temp_read                         0x0001c5d1   Thumb Code    48  htu21d.o(i.htu21d_temp_read)
    i2c_RH_conv                              0x0001c68d   Thumb Code     8  htu21d.o(i.i2c_RH_conv)
    i2c_RH_read                              0x0001c695   Thumb Code    80  htu21d.o(i.i2c_RH_read)
    i2c_temp_conv                            0x0001c6f1   Thumb Code     8  htu21d.o(i.i2c_temp_conv)
    i2c_temp_read                            0x0001c6f9   Thumb Code    92  htu21d.o(i.i2c_temp_read)
    intern_softdevice_events_execute         0x0001c769   Thumb Code   116  softdevice_handler.o(i.intern_softdevice_events_execute)
    main                                     0x0001ca29   Thumb Code   260  main.o(i.main)
    measurements_history_add_element_to_array 0x0001cbb9   Thumb Code   218  main.o(i.measurements_history_add_element_to_array)
    measurements_history_get_position_from_array 0x0001cc99   Thumb Code    54  main.o(i.measurements_history_get_position_from_array)
    nrf_drv_common_irq_enable                0x0001cd75   Thumb Code    78  nrf_drv_common.o(i.nrf_drv_common_irq_enable)
    nrf_drv_timer_compare                    0x0001cdd5   Thumb Code    42  nrf_drv_timer.o(i.nrf_drv_timer_compare)
    nrf_drv_timer_enable                     0x0001ce01   Thumb Code    22  nrf_drv_timer.o(i.nrf_drv_timer_enable)
    nrf_drv_timer_extended_compare           0x0001ce1d   Thumb Code    46  nrf_drv_timer.o(i.nrf_drv_timer_extended_compare)
    nrf_drv_timer_init                       0x0001ce4d   Thumb Code   162  nrf_drv_timer.o(i.nrf_drv_timer_init)
    parameters_merge                         0x0001d035   Thumb Code     6  main.o(i.parameters_merge)
    sd_check_ram_start                       0x0001d0d5   Thumb Code    10  softdevice_handler.o(i.sd_check_ram_start)
    softdevice_ble_evt_handler_set           0x0001d201   Thumb Code    16  softdevice_handler.o(i.softdevice_ble_evt_handler_set)
    softdevice_enable                        0x0001d215   Thumb Code    14  softdevice_handler.o(i.softdevice_enable)
    softdevice_enable_get_default_config     0x0001d229   Thumb Code    40  softdevice_handler.o(i.softdevice_enable_get_default_config)
    softdevice_fault_handler                 0x0001d251   Thumb Code     8  softdevice_handler.o(i.softdevice_fault_handler)
    softdevice_handler_init                  0x0001d259   Thumb Code    42  softdevice_handler.o(i.softdevice_handler_init)
    timer_rht_measurement_event_handler      0x0001d3e9   Thumb Code   108  main.o(i.timer_rht_measurement_event_handler)
    twi_master_transfer                      0x0001d925   Thumb Code   174  twi_sw_master.o(i.twi_master_transfer)
    wdt_init                                 0x0001dd35   Thumb Code    24  main.o(i.wdt_init)
    zamiana_floata_na_inta                   0x0001dd55   Thumb Code    60  htu21d.o(i.zamiana_floata_na_inta)
    TIMER_RHT_MEASUREMENT                    0x0001dd9c   Data           8  main.o(.constdata)
    command_start_convert_temp               0x0001ddc8   Data           1  htu21d.o(.constdata)
    command_start_convert_RH                 0x0001ddc9   Data           1  htu21d.o(.constdata)
    read_config                              0x0001ddca   Data           1  htu21d.o(.constdata)
    Region$$Table$$Base                      0x0001ddcc   Number         0  anon$$obj.o(Region$$Table)
    Region$$Table$$Limit                     0x0001ddec   Number         0  anon$$obj.o(Region$$Table)
    Image$$RW_IRAM1$$Base                    0x20002080   Number         0  anon$$obj.o ABSOLUTE
    current_measurement_wait_counter         0x20002080   Data           1  main.o(.data)
    status                                   0x20002081   Data           1  main.o(.data)
    nRF_State                                0x20002082   Data           1  main.o(.data)
    send_counter                             0x2000208a   Data           2  main.o(.data)
    timer_overflow_count                     0x20002098   Data           4  main.o(.data)
    connection_counter                       0x2000209c   Data           4  main.o(.data)
    interval                                 0x200020a0   Data           4  main.o(.data)
    History_p                                0x200020b0   Data           4  main.o(.data)
    command                                  0x200020c8   Data           1  ble_rhts.o(.data)
    status_received                          0x200020c9   Data           1  ble_rhts.o(.data)
    measurement_interval_in_minutes          0x200020ca   Data           2  ble_rhts.o(.data)
    command_resolution                       0x200020cd   Data           1  htu21d.o(.data)
    St                                       0x200020ce   Data           2  htu21d.o(.data)
    SRH                                      0x200020d0   Data           2  htu21d.o(.data)
    odczyt_temperatury                       0x200020d4   Data           4  htu21d.o(.data)
    odczyt_RH                                0x200020d8   Data           4  htu21d.o(.data)
    nrf_nvic_state                           0x20002110   Data           8  softdevice_handler.o(.data)
    SystemCoreClock                          0x20002118   Data           4  system_nrf51.o(.data)
    __initial_sp                             0x200030d0   Data           0  arm_startup_nrf51.o(STACK)



==============================================================================

Memory Map of the image

  Image Entry point : 0x0001b0c1

  Load Region LR_IROM1 (Base: 0x0001b000, Size: 0x00002e88, Max: 0x00025000, ABSOLUTE)

    Execution Region ER_IROM1 (Base: 0x0001b000, Size: 0x00002dec, Max: 0x00025000, ABSOLUTE)

    Base Addr    Size         Type   Attr      Idx    E Section Name        Object

    0x0001b000   0x000000c0   Data   RO         2153    RESET               arm_startup_nrf51.o
    0x0001b0c0   0x00000000   Code   RO         2195  * .ARM.Collect$$$$00000000  mc_p.l(entry.o)
    0x0001b0c0   0x00000004   Code   RO         2256    .ARM.Collect$$$$00000001  mc_p.l(entry2.o)
    0x0001b0c4   0x00000004   Code   RO         2259    .ARM.Collect$$$$00000004  mc_p.l(entry5.o)
    0x0001b0c8   0x00000000   Code   RO         2261    .ARM.Collect$$$$00000008  mc_p.l(entry7b.o)
    0x0001b0c8   0x00000000   Code   RO         2263    .ARM.Collect$$$$0000000A  mc_p.l(entry8b.o)
    0x0001b0c8   0x00000008   Code   RO         2264    .ARM.Collect$$$$0000000B  mc_p.l(entry9a.o)
    0x0001b0d0   0x00000000   Code   RO         2266    .ARM.Collect$$$$0000000D  mc_p.l(entry10a.o)
    0x0001b0d0   0x00000000   Code   RO         2268    .ARM.Collect$$$$0000000F  mc_p.l(entry11a.o)
    0x0001b0d0   0x00000004   Code   RO         2257    .ARM.Collect$$$$00002712  mc_p.l(entry2.o)
    0x0001b0d4   0x0000001e   Code   RO         1378    .emb_text           twi_sw_master.o
    0x0001b0f2   0x00000002   PAD
    0x0001b0f4   0x0000001e   Code   RO         1711    .emb_text           app_timer.o
    0x0001b112   0x00000002   PAD
    0x0001b114   0x00000038   Code   RO         2154    .text               arm_startup_nrf51.o
    0x0001b14c   0x0000002c   Code   RO         2198    .text               mc_p.l(uidiv.o)
    0x0001b178   0x00000028   Code   RO         2200    .text               mc_p.l(idiv.o)
    0x0001b1a0   0x00000024   Code   RO         2202    .text               mc_p.l(memcpya.o)
    0x0001b1c4   0x00000024   Code   RO         2204    .text               mc_p.l(memseta.o)
    0x0001b1e8   0x000000b2   Code   RO         2238    .text               mf_p.l(fadd.o)
    0x0001b29a   0x0000007a   Code   RO         2240    .text               mf_p.l(fmul.o)
    0x0001b314   0x00000018   Code   RO         2242    .text               mf_p.l(fscalb.o)
    0x0001b32c   0x00000164   Code   RO         2244    .text               mf_p.l(dadd.o)
    0x0001b490   0x000000d0   Code   RO         2246    .text               mf_p.l(dmul.o)
    0x0001b560   0x0000000e   Code   RO         2248    .text               mf_p.l(ffltui.o)
    0x0001b56e   0x00000032   Code   RO         2250    .text               mf_p.l(ffixi.o)
    0x0001b5a0   0x00000028   Code   RO         2252    .text               mf_p.l(f2d.o)
    0x0001b5c8   0x00000038   Code   RO         2254    .text               mf_p.l(d2f.o)
    0x0001b600   0x00000020   Code   RO         2272    .text               mc_p.l(llshl.o)
    0x0001b620   0x00000026   Code   RO         2274    .text               mc_p.l(llsshr.o)
    0x0001b646   0x00000000   Code   RO         2276    .text               mc_p.l(iusefp.o)
    0x0001b646   0x00000082   Code   RO         2277    .text               mf_p.l(fepilogue.o)
    0x0001b6c8   0x000000be   Code   RO         2279    .text               mf_p.l(depilogue.o)
    0x0001b786   0x00000002   PAD
    0x0001b788   0x00000024   Code   RO         2289    .text               mc_p.l(init.o)
    0x0001b7ac   0x00000022   Code   RO         2291    .text               mc_p.l(llushr.o)
    0x0001b7ce   0x00000002   PAD
    0x0001b7d0   0x00000154   Code   RO          911    i.GPIOTE_IRQHandler  nrf_drv_gpiote.o
    0x0001b924   0x00000044   Code   RO         1712    i.NVIC_SetPriority  app_timer.o
    0x0001b968   0x00000020   Code   RO         1713    i.RTC1_IRQHandler   app_timer.o
    0x0001b988   0x00000008   Code   RO         1714    i.SWI0_IRQHandler   app_timer.o
    0x0001b990   0x00000020   Code   RO         2049    i.SWI2_IRQHandler   softdevice_handler.o
    0x0001b9b0   0x000000a0   Code   RO         2161    i.SystemInit        system_nrf51.o
    0x0001ba50   0x00000044   Code   RO         1101    i.TIMER1_IRQHandler  nrf_drv_timer.o
    0x0001ba94   0x00000008   Code   RO         1213    i.UART0_IRQHandler  nrf_drv_uart.o
    0x0001ba9c   0x0000002e   Code   RO         2281    i.__ARM_clz         mf_p.l(depilogue.o)
    0x0001baca   0x0000001a   Code   RO          128    i.__ARM_common_switch8  main.o
    0x0001bae4   0x0000000e   Code   RO         2295    i.__scatterload_copy  mc_p.l(handlers.o)
    0x0001baf2   0x00000002   Code   RO         2296    i.__scatterload_null  mc_p.l(handlers.o)
    0x0001baf4   0x0000000e   Code   RO         2297    i.__scatterload_zeroinit  mc_p.l(handlers.o)
    0x0001bb02   0x00000002   PAD
    0x0001bb04   0x0000001c   Code   RO            4    i.__sd_nvic_app_accessible_irq  main.o
    0x0001bb20   0x00000014   Code   RO            5    i.__sd_nvic_is_app_accessible_priority  main.o
    0x0001bb34   0x00000216   Code   RO          464    i.adv_data_encode   ble_advdata.o
    0x0001bd4a   0x00000002   PAD
    0x0001bd4c   0x0000003c   Code   RO            6    i.advertising_start  main.o
    0x0001bd88   0x0000001c   Code   RO         1619    i.app_error_fault_handler  app_error_weak.o
    0x0001bda4   0x00000018   Code   RO         1584    i.app_error_handler_bare  app_error.o
    0x0001bdbc   0x0000002c   Code   RO         1717    i.app_timer_create  app_timer.o
    0x0001bde8   0x00000090   Code   RO         1718    i.app_timer_init    app_timer.o
    0x0001be78   0x0000007c   Code   RO         1719    i.app_timer_start   app_timer.o
    0x0001bef4   0x00000054   Code   RO         1720    i.app_timer_stop    app_timer.o
    0x0001bf48   0x00000068   Code   RO          465    i.ble_advdata_set   ble_advdata.o
    0x0001bfb0   0x00000054   Code   RO          576    i.ble_conn_params_init  ble_conn_params.o
    0x0001c004   0x00000090   Code   RO          577    i.ble_conn_params_on_ble_evt  ble_conn_params.o
    0x0001c094   0x0000005e   Code   RO          466    i.ble_device_addr_encode  ble_advdata.o
    0x0001c0f2   0x00000002   PAD
    0x0001c0f4   0x0000001c   Code   RO            8    i.ble_evt_dispatch  main.o
    0x0001c110   0x00000030   Code   RO          689    i.ble_rhts_command_char_update  ble_rhts.o
    0x0001c140   0x00000030   Code   RO          690    i.ble_rhts_humidity_char_update  ble_rhts.o
    0x0001c170   0x00000060   Code   RO          691    i.ble_rhts_init     ble_rhts.o
    0x0001c1d0   0x00000022   Code   RO          692    i.ble_rhts_on_ble_evt  ble_rhts.o
    0x0001c1f2   0x00000030   Code   RO          693    i.ble_rhts_temperature_char_update  ble_rhts.o
    0x0001c222   0x00000002   PAD
    0x0001c224   0x00000088   Code   RO            9    i.ble_stack_init    main.o
    0x0001c2ac   0x00000010   Code   RO          914    i.channel_port_get  nrf_drv_gpiote.o
    0x0001c2bc   0x00000088   Code   RO          694    i.command_char_add  ble_rhts.o
    0x0001c344   0x0000000a   Code   RO           10    i.command_parameters_merge  main.o
    0x0001c34e   0x00000002   PAD
    0x0001c350   0x000000a8   Code   RO         1722    i.compare_reg_update  app_timer.o
    0x0001c3f8   0x00000088   Code   RO          467    i.conn_int_encode   ble_advdata.o
    0x0001c480   0x00000008   Code   RO           11    i.conn_params_error_handler  main.o
    0x0001c488   0x00000068   Code   RO          579    i.conn_params_negotiation  ble_conn_params.o
    0x0001c4f0   0x00000040   Code   RO         1723    i.elapsed_ticks_acquire  app_timer.o
    0x0001c530   0x00000018   Code   RO           12    i.erase_measurements_history  main.o
    0x0001c548   0x0000001c   Code   RO           13    i.history_struct_init  main.o
    0x0001c564   0x00000034   Code   RO         1432    i.htu21d_RH_read    htu21d.o
    0x0001c598   0x0000001c   Code   RO         1436    i.htu21d_start_RH_conversion  htu21d.o
    0x0001c5b4   0x0000001c   Code   RO         1437    i.htu21d_start_temp_conversion  htu21d.o
    0x0001c5d0   0x00000034   Code   RO         1438    i.htu21d_temp_read  htu21d.o
    0x0001c604   0x00000088   Code   RO          695    i.humidity_char_add  ble_rhts.o
    0x0001c68c   0x00000008   Code   RO         1439    i.i2c_RH_conv       htu21d.o
    0x0001c694   0x0000005c   Code   RO         1440    i.i2c_RH_read       htu21d.o
    0x0001c6f0   0x00000008   Code   RO         1441    i.i2c_temp_conv     htu21d.o
    0x0001c6f8   0x00000070   Code   RO         1442    i.i2c_temp_read     htu21d.o
    0x0001c768   0x00000078   Code   RO         2050    i.intern_softdevice_events_execute  softdevice_handler.o
    0x0001c7e0   0x0000001c   Code   RO          580    i.is_conn_params_ok  ble_conn_params.o
    0x0001c7fc   0x00000048   Code   RO         2162    i.is_manual_peripheral_setup_needed  system_nrf51.o
    0x0001c844   0x00000054   Code   RO          468    i.le_role_encode    ble_advdata.o
    0x0001c898   0x000000bc   Code   RO         1724    i.list_deletions_handler  app_timer.o
    0x0001c954   0x000000d4   Code   RO         1725    i.list_insertions_handler  app_timer.o
    0x0001ca28   0x00000128   Code   RO           14    i.main              main.o
    0x0001cb50   0x00000068   Code   RO          469    i.manuf_specific_data_encode  ble_advdata.o
    0x0001cbb8   0x000000e0   Code   RO           15    i.measurements_history_add_element_to_array  main.o
    0x0001cc98   0x0000003c   Code   RO           16    i.measurements_history_get_position_from_array  main.o
    0x0001ccd4   0x0000009e   Code   RO          470    i.name_encode       ble_advdata.o
    0x0001cd72   0x00000002   PAD
    0x0001cd74   0x00000060   Code   RO          878    i.nrf_drv_common_irq_enable  nrf_drv_common.o
    0x0001cdd4   0x0000002a   Code   RO         1104    i.nrf_drv_timer_compare  nrf_drv_timer.o
    0x0001cdfe   0x00000002   PAD
    0x0001ce00   0x0000001c   Code   RO         1108    i.nrf_drv_timer_enable  nrf_drv_timer.o
    0x0001ce1c   0x0000002e   Code   RO         1109    i.nrf_drv_timer_extended_compare  nrf_drv_timer.o
    0x0001ce4a   0x00000002   PAD
    0x0001ce4c   0x000000ac   Code   RO         1111    i.nrf_drv_timer_init  nrf_drv_timer.o
    0x0001cef8   0x00000020   Code   RO          936    i.nrf_gpio_cfg_sense_set  nrf_drv_gpiote.o
    0x0001cf18   0x00000014   Code   RO          937    i.nrf_gpiote_event_is_set  nrf_drv_gpiote.o
    0x0001cf2c   0x0000000a   Code   RO         1230    i.nrf_uart_event_check  nrf_drv_uart.o
    0x0001cf36   0x00000010   Code   RO         1231    i.nrf_uart_int_enable_check  nrf_drv_uart.o
    0x0001cf46   0x00000002   PAD
    0x0001cf48   0x00000094   Code   RO           17    i.on_ble_evt        main.o
    0x0001cfdc   0x00000020   Code   RO           18    i.on_conn_params_evt  main.o
    0x0001cffc   0x00000038   Code   RO          696    i.on_write          ble_rhts.o
    0x0001d034   0x00000006   Code   RO           19    i.parameters_merge  main.o
    0x0001d03a   0x00000002   PAD
    0x0001d03c   0x00000044   Code   RO         1726    i.rtc1_stop         app_timer.o
    0x0001d080   0x00000038   Code   RO         1232    i.rx_byte           nrf_drv_uart.o
    0x0001d0b8   0x0000001c   Code   RO         1233    i.rx_done_event     nrf_drv_uart.o
    0x0001d0d4   0x00000010   Code   RO         2051    i.sd_check_ram_start  softdevice_handler.o
    0x0001d0e4   0x0000008c   Code   RO         2052    i.sd_nvic_EnableIRQ  softdevice_handler.o
    0x0001d170   0x0000008e   Code   RO          471    i.service_data_encode  ble_advdata.o
    0x0001d1fe   0x00000002   PAD
    0x0001d200   0x00000014   Code   RO         2053    i.softdevice_ble_evt_handler_set  softdevice_handler.o
    0x0001d214   0x00000014   Code   RO         2054    i.softdevice_enable  softdevice_handler.o
    0x0001d228   0x00000028   Code   RO         2055    i.softdevice_enable_get_default_config  softdevice_handler.o
    0x0001d250   0x00000008   Code   RO         2056    i.softdevice_fault_handler  softdevice_handler.o
    0x0001d258   0x00000034   Code   RO         2057    i.softdevice_handler_init  softdevice_handler.o
    0x0001d28c   0x00000088   Code   RO          697    i.temperature_char_add  ble_rhts.o
    0x0001d314   0x00000084   Code   RO         1727    i.timer_list_handler  app_timer.o
    0x0001d398   0x00000010   Code   RO         1728    i.timer_list_handler_sched  app_timer.o
    0x0001d3a8   0x00000040   Code   RO         1729    i.timer_list_insert  app_timer.o
    0x0001d3e8   0x0000007c   Code   RO           20    i.timer_rht_measurement_event_handler  main.o
    0x0001d464   0x00000260   Code   RO           21    i.timer_timeout_handler  main.o
    0x0001d6c4   0x00000080   Code   RO         1730    i.timer_timeouts_check  app_timer.o
    0x0001d744   0x00000110   Code   RO           22    i.timers_init       main.o
    0x0001d854   0x00000068   Code   RO         1380    i.twi_master_clock_byte  twi_sw_master.o
    0x0001d8bc   0x00000068   Code   RO         1381    i.twi_master_clock_byte_in  twi_sw_master.o
    0x0001d924   0x000000b4   Code   RO         1383    i.twi_master_transfer  twi_sw_master.o
    0x0001d9d8   0x00000020   Code   RO         1384    i.twi_master_wait_while_scl_low  twi_sw_master.o
    0x0001d9f8   0x0000002c   Code   RO         1235    i.tx_byte           nrf_drv_uart.o
    0x0001da24   0x00000020   Code   RO         1236    i.tx_done_event     nrf_drv_uart.o
    0x0001da44   0x00000128   Code   RO         1237    i.uart_irq_handler  nrf_drv_uart.o
    0x0001db6c   0x0000000a   Code   RO          472    i.uint16_encode     ble_advdata.o
    0x0001db76   0x00000002   PAD
    0x0001db78   0x00000064   Code   RO          581    i.update_timeout_handler  ble_conn_params.o
    0x0001dbdc   0x00000054   Code   RO         1731    i.user_id_get       app_timer.o
    0x0001dc30   0x00000026   Code   RO         1732    i.user_op_alloc     app_timer.o
    0x0001dc56   0x00000030   Code   RO          473    i.uuid_list_encode  ble_advdata.o
    0x0001dc86   0x000000ae   Code   RO          474    i.uuid_list_sized_encode  ble_advdata.o
    0x0001dd34   0x00000020   Code   RO           23    i.wdt_init          main.o
    0x0001dd54   0x0000003c   Code   RO         1443    i.zamiana_floata_na_inta  htu21d.o
    0x0001dd90   0x0000001c   Data   RO           26    .constdata          main.o
    0x0001ddac   0x00000004   Data   RO          584    .constdata          ble_conn_params.o
    0x0001ddb0   0x00000010   Data   RO          698    .constdata          ble_rhts.o
    0x0001ddc0   0x00000008   Data   RO         1116    .constdata          nrf_drv_timer.o
    0x0001ddc8   0x00000003   Data   RO         1444    .constdata          htu21d.o
    0x0001ddcb   0x00000001   PAD
    0x0001ddcc   0x00000020   Data   RO         2293    Region$$Table       anon$$obj.o


    Execution Region RW_IRAM1 (Base: 0x20002080, Size: 0x00001050, Max: 0x00005f80, ABSOLUTE)

    Base Addr    Size         Type   Attr      Idx    E Section Name        Object

    0x20002080   0x00000034   Data   RW           27    .data               main.o
    0x200020b4   0x00000014   Data   RW          585    .data               ble_conn_params.o
    0x200020c8   0x00000004   Data   RW          699    .data               ble_rhts.o
    0x200020cc   0x00000010   Data   RW         1446    .data               htu21d.o
    0x200020dc   0x00000020   Data   RW         1733    .data               app_timer.o
    0x200020fc   0x0000001c   Data   RW         2061    .data               softdevice_handler.o
    0x20002118   0x00000004   Data   RW         2163    .data               system_nrf51.o
    0x2000211c   0x00000020   Zero   RW           24    .bss                main.o
    0x2000213c   0x000006e2   Zero   RW           25    .bss                main.o
    0x2000281e   0x00000002   PAD
    0x20002820   0x00000020   Zero   RW          582    .bss                ble_conn_params.o
    0x20002840   0x0000001c   Zero   RW          583    .bss                ble_conn_params.o
    0x2000285c   0x00000048   Zero   RW          940    .bss                nrf_drv_gpiote.o
    0x200028a4   0x0000000c   Zero   RW         1115    .bss                nrf_drv_timer.o
    0x200028b0   0x0000001c   Zero   RW         1238    .bss                nrf_drv_uart.o
    0x200028cc   0x00000004   PAD
    0x200028d0   0x00000800   Zero   RW         2151    STACK               arm_startup_nrf51.o


==============================================================================

Image component sizes


      Code (inc. data)   RO Data    RW Data    ZI Data      Debug   Object Name

        24          4          0          0          0       2193   app_error.o
        28         10          0          0          0       7078   app_error_weak.o
      1696        150          0         32          0      33559   app_timer.o
        56         18        192          0       2048        696   arm_startup_nrf51.o
      1588          6          0          0          0      52328   ble_advdata.o
       460         58          4         20         60      13320   ble_conn_params.o
       738         28         16          4          0       8150   ble_rhts.o
         0          0          0          0          0       3244   bsp.o
       440         60          3         16          0       6726   htu21d.o
      2170        228         28         52       1794     109947   main.o
        96         18          0          0          0       8604   nrf_drv_common.o
       408         46          0          0         72      13824   nrf_drv_gpiote.o
       356         24          8          0         12      13959   nrf_drv_timer.o
       490         58          0          0         28      14109   nrf_drv_uart.o
       448         58          0         28          0      22732   softdevice_handler.o
       232         36          0          4          0       2287   system_nrf51.o
       450         24          0          0          0       5214   twi_sw_master.o

    ----------------------------------------------------------------------
      9706        826        284        156       4020     317970   Object Totals
         0          0         32          0          0          0   (incl. Generated)
        26          0          1          0          6          0   (incl. Padding)

    ----------------------------------------------------------------------

      Code (inc. data)   RO Data    RW Data    ZI Data      Debug   Library Member Name

         0          0          0          0          0          0   entry.o
         0          0          0          0          0          0   entry10a.o
         0          0          0          0          0          0   entry11a.o
         8          4          0          0          0          0   entry2.o
         4          0          0          0          0          0   entry5.o
         0          0          0          0          0          0   entry7b.o
         0          0          0          0          0          0   entry8b.o
         8          4          0          0          0          0   entry9a.o
        30          0          0          0          0          0   handlers.o
        40          0          0          0          0         72   idiv.o
        36          8          0          0          0         68   init.o
         0          0          0          0          0          0   iusefp.o
        32          0          0          0          0         68   llshl.o
        38          0          0          0          0         68   llsshr.o
        34          0          0          0          0         68   llushr.o
        36          0          0          0          0         60   memcpya.o
        36          0          0          0          0        100   memseta.o
        44          0          0          0          0         72   uidiv.o
        56          0          0          0          0         68   d2f.o
       356          4          0          0          0        140   dadd.o
       236          0          0          0          0        216   depilogue.o
       208          6          0          0          0         88   dmul.o
        40          0          0          0          0         60   f2d.o
       178          0          0          0          0        108   fadd.o
       130          0          0          0          0        144   fepilogue.o
        50          0          0          0          0         60   ffixi.o
        14          0          0          0          0         68   ffltui.o
       122          0          0          0          0         72   fmul.o
        24          0          0          0          0         60   fscalb.o

    ----------------------------------------------------------------------
      1766         26          0          0          0       1660   Library Totals
         6          0          0          0          0          0   (incl. Padding)

    ----------------------------------------------------------------------

      Code (inc. data)   RO Data    RW Data    ZI Data      Debug   Library Name

       346         16          0          0          0        576   mc_p.l
      1414         10          0          0          0       1084   mf_p.l

    ----------------------------------------------------------------------
      1766         26          0          0          0       1660   Library Totals

    ----------------------------------------------------------------------

==============================================================================


      Code (inc. data)   RO Data    RW Data    ZI Data      Debug   

     11472        852        284        156       4020     314266   Grand Totals
     11472        852        284        156       4020     314266   ELF Image Totals
     11472        852        284        156          0          0   ROM Totals

==============================================================================

    Total RO  Size (Code + RO Data)                11756 (  11.48kB)
    Total RW  Size (RW Data + ZI Data)              4176 (   4.08kB)
    Total ROM Size (Code + RO Data + RW Data)      11912 (  11.63kB)

==============================================================================

