Component: ARM Compiler 5.06 update 2 (build 183) Tool: armlink [4d35b7]

==============================================================================

Section Cross References

    main.o(i.advertising_start) refers to memseta.o(.text) for __aeabi_memclr4
    main.o(i.advertising_start) refers to app_error.o(i.app_error_handler_bare) for app_error_handler_bare
    main.o(i.assert_nrf_callback) refers to app_error.o(i.app_error_handler) for app_error_handler
    main.o(i.ble_evt_dispatch) refers to main.o(i.on_ble_evt) for on_ble_evt
    main.o(i.ble_evt_dispatch) refers to ble_conn_params.o(i.ble_conn_params_on_ble_evt) for ble_conn_params_on_ble_evt
    main.o(i.ble_evt_dispatch) refers to ble_rhts.o(i.ble_rhts_on_ble_evt) for ble_rhts_on_ble_evt
    main.o(i.ble_evt_dispatch) refers to main.o(.bss) for .bss
    main.o(i.ble_stack_init) refers to softdevice_handler.o(i.softdevice_handler_init) for softdevice_handler_init
    main.o(i.ble_stack_init) refers to app_error.o(i.app_error_handler_bare) for app_error_handler_bare
    main.o(i.ble_stack_init) refers to softdevice_handler.o(i.softdevice_enable_get_default_config) for softdevice_enable_get_default_config
    main.o(i.ble_stack_init) refers to softdevice_handler.o(i.sd_check_ram_start) for sd_check_ram_start
    main.o(i.ble_stack_init) refers to softdevice_handler.o(i.softdevice_enable) for softdevice_enable
    main.o(i.ble_stack_init) refers to softdevice_handler.o(i.softdevice_ble_evt_handler_set) for softdevice_ble_evt_handler_set
    main.o(i.ble_stack_init) refers to main.o(.constdata) for .constdata
    main.o(i.ble_stack_init) refers to main.o(.bss) for .bss
    main.o(i.ble_stack_init) refers to main.o(i.ble_evt_dispatch) for ble_evt_dispatch
    main.o(i.conn_params_error_handler) refers to app_error.o(i.app_error_handler_bare) for app_error_handler_bare
    main.o(i.main) refers to main.o(i.timers_init) for timers_init
    main.o(i.main) refers to main.o(i.wdt_init) for wdt_init
    main.o(i.main) refers to main.o(i.ble_stack_init) for ble_stack_init
    main.o(i.main) refers to app_error.o(i.app_error_handler_bare) for app_error_handler_bare
    main.o(i.main) refers to ble_rhts.o(i.ble_rhts_init) for ble_rhts_init
    main.o(i.main) refers to memseta.o(.text) for __aeabi_memclr4
    main.o(i.main) refers to ble_advdata.o(i.ble_advdata_set) for ble_advdata_set
    main.o(i.main) refers to ble_conn_params.o(i.ble_conn_params_init) for ble_conn_params_init
    main.o(i.main) refers to main.o(i.advertising_start) for advertising_start
    main.o(i.main) refers to main.o(.bss) for .bss
    main.o(i.main) refers to main.o(.constdata) for .constdata
    main.o(i.main) refers to main.o(i.on_conn_params_evt) for on_conn_params_evt
    main.o(i.main) refers to main.o(i.conn_params_error_handler) for conn_params_error_handler
    main.o(i.on_ble_evt) refers to app_error.o(i.app_error_handler_bare) for app_error_handler_bare
    main.o(i.on_ble_evt) refers to app_timer.o(i.app_timer_start) for app_timer_start
    main.o(i.on_ble_evt) refers to app_timer.o(i.app_timer_stop) for app_timer_stop
    main.o(i.on_ble_evt) refers to main.o(i.advertising_start) for advertising_start
    main.o(i.on_ble_evt) refers to main.o(.data) for .data
    main.o(i.on_ble_evt) refers to main.o(.constdata) for .constdata
    main.o(i.on_conn_params_evt) refers to app_error.o(i.app_error_handler_bare) for app_error_handler_bare
    main.o(i.on_conn_params_evt) refers to main.o(.data) for .data
    main.o(i.timer_timeout_handler) refers to main.o(i.parameters_merge) for parameters_merge
    main.o(i.timer_timeout_handler) refers to ble_rhts.o(i.ble_rhts_command_char_update) for ble_rhts_command_char_update
    main.o(i.timer_timeout_handler) refers to ble_rhts.o(i.ble_rhts_temperature_char_update) for ble_rhts_temperature_char_update
    main.o(i.timer_timeout_handler) refers to ble_rhts.o(i.ble_rhts_humidity_char_update) for ble_rhts_humidity_char_update
    main.o(i.timer_timeout_handler) refers to ble_rhts.o(.data) for command
    main.o(i.timer_timeout_handler) refers to main.o(.data) for .data
    main.o(i.timer_timeout_handler) refers to main.o(.bss) for .bss
    main.o(i.timers_init) refers to app_timer.o(i.app_timer_init) for app_timer_init
    main.o(i.timers_init) refers to app_error.o(i.app_error_handler_bare) for app_error_handler_bare
    main.o(i.timers_init) refers to app_timer.o(i.app_timer_create) for app_timer_create
    main.o(i.timers_init) refers to main.o(i.__sd_nvic_app_accessible_irq) for __sd_nvic_app_accessible_irq
    main.o(i.timers_init) refers to main.o(i.__sd_nvic_is_app_accessible_priority) for __sd_nvic_is_app_accessible_priority
    main.o(i.timers_init) refers to nrf_drv_timer.o(i.nrf_drv_timer_init) for nrf_drv_timer_init
    main.o(i.timers_init) refers to nrf_drv_timer.o(i.nrf_drv_timer_extended_compare) for nrf_drv_timer_extended_compare
[...]
    nrf_drv_uart.o(i.nrf_drv_uart_rx) refers to nrf_drv_uart.o(.bss) for .bss
    nrf_drv_uart.o(i.nrf_drv_uart_rx_disable) refers to nrf_drv_uart.o(.bss) for .bss
    nrf_drv_uart.o(i.nrf_drv_uart_rx_enable) refers to nrf_drv_uart.o(i.rx_enable) for rx_enable
    nrf_drv_uart.o(i.nrf_drv_uart_rx_enable) refers to nrf_drv_uart.o(.bss) for .bss
    nrf_drv_uart.o(i.nrf_drv_uart_rx_for_uart) refers to nrf_drv_uart.o(i.rx_enable) for rx_enable
    nrf_drv_uart.o(i.nrf_drv_uart_rx_for_uart) refers to nrf_drv_uart.o(i.nrf_uart_event_check) for nrf_uart_event_check
    nrf_drv_uart.o(i.nrf_drv_uart_rx_for_uart) refers to nrf_drv_uart.o(i.rx_byte) for rx_byte
    nrf_drv_uart.o(i.nrf_drv_uart_rx_for_uart) refers to nrf_drv_uart.o(.bss) for .bss
    nrf_drv_uart.o(i.nrf_drv_uart_tx) refers to nrf_drv_uart.o(i.nrf_drv_uart_tx_in_progress) for nrf_drv_uart_tx_in_progress
    nrf_drv_uart.o(i.nrf_drv_uart_tx) refers to nrf_drv_uart.o(i.nrf_drv_uart_tx_for_uart) for nrf_drv_uart_tx_for_uart
    nrf_drv_uart.o(i.nrf_drv_uart_tx) refers to nrf_drv_uart.o(.bss) for .bss
    nrf_drv_uart.o(i.nrf_drv_uart_tx_abort) refers to nrf_drv_uart.o(i.tx_done_event) for tx_done_event
    nrf_drv_uart.o(i.nrf_drv_uart_tx_abort) refers to nrf_drv_uart.o(.bss) for .bss
    nrf_drv_uart.o(i.nrf_drv_uart_tx_for_uart) refers to nrf_drv_uart.o(i.tx_byte) for tx_byte
    nrf_drv_uart.o(i.nrf_drv_uart_tx_for_uart) refers to nrf_drv_uart.o(i.nrf_uart_event_check) for nrf_uart_event_check
    nrf_drv_uart.o(i.nrf_drv_uart_tx_for_uart) refers to nrf_drv_uart.o(.bss) for .bss
    nrf_drv_uart.o(i.nrf_drv_uart_tx_in_progress) refers to nrf_drv_uart.o(.bss) for .bss
    nrf_drv_uart.o(i.nrf_drv_uart_uninit) refers to nrf_drv_uart.o(i.nrf_gpio_cfg_default) for nrf_gpio_cfg_default
    nrf_drv_uart.o(i.nrf_drv_uart_uninit) refers to nrf_drv_uart.o(.bss) for .bss
    nrf_drv_uart.o(i.nrf_gpio_cfg_default) refers to nrf_drv_uart.o(i.nrf_gpio_cfg) for nrf_gpio_cfg
    nrf_drv_uart.o(i.nrf_gpio_cfg_input) refers to nrf_drv_uart.o(i.nrf_gpio_cfg) for nrf_gpio_cfg
    nrf_drv_uart.o(i.nrf_gpio_cfg_output) refers to nrf_drv_uart.o(i.nrf_gpio_cfg) for nrf_gpio_cfg
    nrf_drv_uart.o(i.rx_byte) refers to nrf_drv_uart.o(.bss) for .bss
    nrf_drv_uart.o(i.rx_done_event) refers to nrf_drv_uart.o(.bss) for .bss
    nrf_drv_uart.o(i.tx_byte) refers to nrf_drv_uart.o(.bss) for .bss
    nrf_drv_uart.o(i.tx_done_event) refers to nrf_drv_uart.o(.bss) for .bss
    nrf_drv_uart.o(i.uart_irq_handler) refers to nrf_drv_uart.o(i.nrf_uart_int_enable_check) for nrf_uart_int_enable_check
    nrf_drv_uart.o(i.uart_irq_handler) refers to nrf_drv_uart.o(i.nrf_uart_event_check) for nrf_uart_event_check
    nrf_drv_uart.o(i.uart_irq_handler) refers to nrf_drv_uart.o(i.rx_byte) for rx_byte
    nrf_drv_uart.o(i.uart_irq_handler) refers to nrf_drv_uart.o(i.rx_done_event) for rx_done_event
    nrf_drv_uart.o(i.uart_irq_handler) refers to nrf_drv_uart.o(i.tx_byte) for tx_byte
    nrf_drv_uart.o(i.uart_irq_handler) refers to nrf_drv_uart.o(i.tx_done_event) for tx_done_event
    nrf_drv_uart.o(i.uart_irq_handler) refers to nrf_drv_uart.o(.bss) for .bss
    twi_sw_master.o(i.twi_master_clear_bus) refers to twi_sw_master.o(.emb_text) for __asm___15_twi_sw_master_c_959ec897__nrf_delay_us
    twi_sw_master.o(i.twi_master_clock_byte) refers to twi_sw_master.o(.emb_text) for __asm___15_twi_sw_master_c_959ec897__nrf_delay_us
    twi_sw_master.o(i.twi_master_clock_byte) refers to twi_sw_master.o(i.twi_master_wait_while_scl_low) for twi_master_wait_while_scl_low
    twi_sw_master.o(i.twi_master_clock_byte_in) refers to twi_sw_master.o(i.twi_master_wait_while_scl_low) for twi_master_wait_while_scl_low
    twi_sw_master.o(i.twi_master_clock_byte_in) refers to twi_sw_master.o(.emb_text) for __asm___15_twi_sw_master_c_959ec897__nrf_delay_us
    twi_sw_master.o(i.twi_master_init) refers to twi_sw_master.o(i.twi_master_clear_bus) for twi_master_clear_bus
    twi_sw_master.o(i.twi_master_transfer) refers to twi_sw_master.o(.emb_text) for __asm___15_twi_sw_master_c_959ec897__nrf_delay_us
    twi_sw_master.o(i.twi_master_transfer) refers to twi_sw_master.o(i.twi_master_wait_while_scl_low) for twi_master_wait_while_scl_low
    twi_sw_master.o(i.twi_master_transfer) refers to twi_sw_master.o(i.twi_master_clock_byte) for twi_master_clock_byte
    twi_sw_master.o(i.twi_master_transfer) refers to twi_sw_master.o(i.twi_master_clock_byte_in) for twi_master_clock_byte_in
    twi_sw_master.o(i.twi_master_wait_while_scl_low) refers to twi_sw_master.o(.emb_text) for __asm___15_twi_sw_master_c_959ec897__nrf_delay_us
    app_button.o(i.app_button_disable) refers to nrf_drv_gpiote.o(i.nrf_drv_gpiote_in_event_disable) for nrf_drv_gpiote_in_event_disable
    app_button.o(i.app_button_disable) refers to app_timer.o(i.app_timer_stop) for app_timer_stop
    app_button.o(i.app_button_disable) refers to app_button.o(.data) for .data
    app_button.o(i.app_button_disable) refers to app_button.o(.constdata) for .constdata
    app_button.o(i.app_button_enable) refers to nrf_drv_gpiote.o(i.nrf_drv_gpiote_in_event_enable) for nrf_drv_gpiote_in_event_enable
    app_button.o(i.app_button_enable) refers to app_button.o(.data) for .data
    app_button.o(i.app_button_init) refers to nrf_drv_gpiote.o(i.nrf_drv_gpiote_is_init) for nrf_drv_gpiote_is_init
    app_button.o(i.app_button_init) refers to nrf_drv_gpiote.o(i.nrf_drv_gpiote_init) for nrf_drv_gpiote_init
    app_button.o(i.app_button_init) refers to nrf_drv_gpiote.o(i.nrf_drv_gpiote_in_init) for nrf_drv_gpiote_in_init
    app_button.o(i.app_button_init) refers to app_timer.o(i.app_timer_create) for app_timer_create
    app_button.o(i.app_button_init) refers to app_button.o(.data) for .data
    app_button.o(i.app_button_init) refers to app_button.o(.constdata) for .constdata
    app_button.o(i.app_button_init) refers to app_button.o(i.gpiote_event_handler) for gpiote_event_handler
    app_button.o(i.app_button_init) refers to app_button.o(i.detection_delay_timeout_handler) for detection_delay_timeout_handler
    app_button.o(i.app_button_is_pushed) refers to nrf_drv_gpiote.o(i.nrf_drv_gpiote_in_is_set) for nrf_drv_gpiote_in_is_set
    app_button.o(i.app_button_is_pushed) refers to app_button.o(.data) for .data
    app_button.o(i.detection_delay_timeout_handler) refers to nrf_drv_gpiote.o(i.nrf_drv_gpiote_in_is_set) for nrf_drv_gpiote_in_is_set
    app_button.o(i.detection_delay_timeout_handler) refers to app_button.o(.data) for .data
    app_button.o(i.gpiote_event_handler) refers to app_timer.o(i.app_timer_stop) for app_timer_stop
    app_button.o(i.gpiote_event_handler) refers to nrf_drv_gpiote.o(i.nrf_drv_gpiote_in_is_set) for nrf_drv_gpiote_in_is_set
    app_button.o(i.gpiote_event_handler) refers to app_timer.o(i.app_timer_start) for app_timer_start
    app_button.o(i.gpiote_event_handler) refers to app_button.o(.constdata) for .constdata
    app_button.o(i.gpiote_event_handler) refers to app_button.o(.data) for .data
    app_button.o(.constdata) refers to app_button.o(.bss) for m_detection_delay_timer_id_data
    app_error.o(i.app_error_handler) refers to app_error_weak.o(i.app_error_fault_handler) for app_error_fault_handler
    app_error.o(i.app_error_handler_bare) refers to app_error_weak.o(i.app_error_fault_handler) for app_error_fault_handler
    app_error.o(i.app_error_save_and_stop) refers to app_error.o(.bss) for .bss
    app_fifo.o(i.app_fifo_get) refers to app_fifo.o(i.fifo_get) for fifo_get
    app_fifo.o(i.app_fifo_put) refers to app_fifo.o(i.fifo_put) for fifo_put
    app_fifo.o(i.app_fifo_read) refers to app_fifo.o(i.fifo_get) for fifo_get
    app_fifo.o(i.app_fifo_write) refers to app_fifo.o(i.fifo_put) for fifo_put
    app_timer.o(i.RTC1_IRQHandler) refers to app_timer.o(i.timer_timeouts_check) for timer_timeouts_check
    app_timer.o(i.SWI0_IRQHandler) refers to app_timer.o(i.timer_list_handler) for timer_list_handler
    app_timer.o(i.app_timer_create) refers to app_timer.o(.data) for .data
    app_timer.o(i.app_timer_init) refers to app_timer.o(i.rtc1_stop) for rtc1_stop
    app_timer.o(i.app_timer_init) refers to app_timer.o(i.NVIC_SetPriority) for NVIC_SetPriority
    app_timer.o(i.app_timer_init) refers to app_timer.o(.data) for .data
    app_timer.o(i.app_timer_start) refers to app_timer.o(i.user_id_get) for user_id_get
    app_timer.o(i.app_timer_start) refers to app_timer.o(i.user_op_alloc) for user_op_alloc
    app_timer.o(i.app_timer_start) refers to app_timer.o(i.timer_list_handler_sched) for timer_list_handler_sched
    app_timer.o(i.app_timer_start) refers to app_timer.o(.data) for .data
    app_timer.o(i.app_timer_stop) refers to app_timer.o(i.user_id_get) for user_id_get
    app_timer.o(i.app_timer_stop) refers to app_timer.o(i.user_op_alloc) for user_op_alloc
    app_timer.o(i.app_timer_stop) refers to app_timer.o(i.timer_list_handler_sched) for timer_list_handler_sched
    app_timer.o(i.app_timer_stop) refers to app_timer.o(.data) for .data
    app_timer.o(i.app_timer_stop_all) refers to app_timer.o(i.user_id_get) for user_id_get
    app_timer.o(i.app_timer_stop_all) refers to app_timer.o(i.user_op_alloc) for user_op_alloc
    app_timer.o(i.app_timer_stop_all) refers to app_timer.o(i.timer_list_handler_sched) for timer_list_handler_sched
    app_timer.o(i.app_timer_stop_all) refers to app_timer.o(.data) for .data
    app_timer.o(i.compare_reg_update) refers to app_timer.o(.emb_text) for __asm___11_app_timer_c_cd27f9c3__nrf_delay_us
    app_timer.o(i.compare_reg_update) refers to app_timer.o(i.rtc1_stop) for rtc1_stop
    app_timer.o(i.compare_reg_update) refers to app_timer.o(.data) for .data
    app_timer.o(i.elapsed_ticks_acquire) refers to app_timer.o(.data) for .data
    app_timer.o(i.list_deletions_handler) refers to app_timer.o(.data) for .data
    app_timer.o(i.list_insertions_handler) refers to app_timer.o(i.timer_list_insert) for timer_list_insert
    app_timer.o(i.list_insertions_handler) refers to app_timer.o(.data) for .data
    app_timer.o(i.rtc1_stop) refers to app_timer.o(.emb_text) for __asm___11_app_timer_c_cd27f9c3__nrf_delay_us
    app_timer.o(i.rtc1_stop) refers to app_timer.o(.data) for .data
    app_timer.o(i.timer_list_handler) refers to app_timer.o(i.elapsed_ticks_acquire) for elapsed_ticks_acquire
    app_timer.o(i.timer_list_handler) refers to app_timer.o(i.list_deletions_handler) for list_deletions_handler
    app_timer.o(i.timer_list_handler) refers to app_timer.o(i.list_insertions_handler) for list_insertions_handler
    app_timer.o(i.timer_list_handler) refers to app_timer.o(i.compare_reg_update) for compare_reg_update
    app_timer.o(i.timer_list_handler) refers to app_timer.o(.data) for .data
    app_timer.o(i.timer_list_insert) refers to app_timer.o(.data) for .data
    app_timer.o(i.timer_timeouts_check) refers to app_error.o(i.app_error_handler_bare) for app_error_handler_bare
    app_timer.o(i.timer_timeouts_check) refers to app_timer.o(i.timer_list_handler_sched) for timer_list_handler_sched
    app_timer.o(i.timer_timeouts_check) refers to app_timer.o(.data) for .data
    app_util_platform.o(i.app_util_critical_region_enter) refers to softdevice_handler.o(.data) for nrf_nvic_state
    app_util_platform.o(i.app_util_critical_region_exit) refers to softdevice_handler.o(.data) for nrf_nvic_state
    app_util_platform.o(i.app_util_disable_irq) refers to app_util_platform.o(.data) for .data
    app_util_platform.o(i.app_util_enable_irq) refers to app_util_platform.o(.data) for .data
    nrf_log.o(i.log_hex) refers to nrf_log.o(.bss) for .bss
    nrf_log.o(i.log_hex_char) refers to nrf_log.o(.data) for .data
    nrf_log.o(i.log_uart_init) refers to app_uart_fifo.o(i.app_uart_init) for app_uart_init
    nrf_log.o(i.log_uart_init) refers to nrf_log.o(.data) for .data
    nrf_log.o(i.log_uart_init) refers to nrf_log.o(.constdata) for .constdata
    nrf_log.o(i.log_uart_init) refers to nrf_log.o(.bss) for .bss
    nrf_log.o(i.log_uart_init) refers to nrf_log.o(i.uart_error_cb) for uart_error_cb
    nrf_log.o(i.log_uart_printf) refers to printfa.o(i.__0vprintf) for vprintf
    nrf_log.o(i.log_uart_read_input) refers to app_uart_fifo.o(i.app_uart_get) for app_uart_get
    nrf_log.o(i.log_uart_read_input) refers to nrf_log.o(.data) for .data
    nrf_log.o(i.log_uart_write_hex) refers to app_uart_fifo.o(i.app_uart_put) for app_uart_put
    nrf_log.o(i.log_uart_write_hex_char) refers to app_uart_fifo.o(i.app_uart_put) for app_uart_put
    nrf_log.o(i.uart_error_cb) refers to app_error.o(i.app_error_handler_bare) for app_error_handler_bare
    retarget.o(i.fgetc) refers to app_uart_fifo.o(i.app_uart_get) for app_uart_get
    retarget.o(i.fputc) refers to app_uart_fifo.o(i.app_uart_put) for app_uart_put
    softdevice_handler.o(i.SWI2_IRQHandler) refers to app_error.o(i.app_error_handler_bare) for app_error_handler_bare
    softdevice_handler.o(i.SWI2_IRQHandler) refers to softdevice_handler.o(i.intern_softdevice_events_execute) for intern_softdevice_events_execute
    softdevice_handler.o(i.SWI2_IRQHandler) refers to softdevice_handler.o(.data) for .data
    softdevice_handler.o(i.intern_softdevice_events_execute) refers to app_error.o(i.app_error_handler_bare) for app_error_handler_bare
    softdevice_handler.o(i.intern_softdevice_events_execute) refers to softdevice_handler.o(.data) for .data
    softdevice_handler.o(i.sd_nvic_EnableIRQ) refers to softdevice_handler.o(.data) for .data
    softdevice_handler.o(i.softdevice_ble_evt_handler_set) refers to softdevice_handler.o(.data) for .data
    softdevice_handler.o(i.softdevice_enable_get_default_config) refers to memseta.o(.text) for __aeabi_memclr4
    softdevice_handler.o(i.softdevice_fault_handler) refers to app_error_weak.o(i.app_error_fault_handler) for app_error_fault_handler
    softdevice_handler.o(i.softdevice_handler_init) refers to softdevice_handler.o(i.sd_nvic_EnableIRQ) for sd_nvic_EnableIRQ
    softdevice_handler.o(i.softdevice_handler_init) refers to softdevice_handler.o(.data) for .data
    softdevice_handler.o(i.softdevice_handler_init) refers to softdevice_handler.o(i.softdevice_fault_handler) for softdevice_fault_handler
    softdevice_handler.o(i.softdevice_handler_isEnabled) refers to softdevice_handler.o(.data) for .data
    softdevice_handler.o(i.softdevice_handler_sd_disable) refers to softdevice_handler.o(.data) for .data
    softdevice_handler.o(i.softdevice_sys_evt_handler_set) refers to softdevice_handler.o(.data) for .data
    arm_startup_nrf51.o(RESET) refers to arm_startup_nrf51.o(STACK) for __initial_sp
    arm_startup_nrf51.o(RESET) refers to arm_startup_nrf51.o(.text) for Reset_Handler
    arm_startup_nrf51.o(RESET) refers to nrf_drv_uart.o(i.UART0_IRQHandler) for UART0_IRQHandler
    arm_startup_nrf51.o(RESET) refers to nrf_drv_gpiote.o(i.GPIOTE_IRQHandler) for GPIOTE_IRQHandler
    arm_startup_nrf51.o(RESET) refers to nrf_drv_timer.o(i.TIMER1_IRQHandler) for TIMER1_IRQHandler
    arm_startup_nrf51.o(RESET) refers to app_timer.o(i.RTC1_IRQHandler) for RTC1_IRQHandler
    arm_startup_nrf51.o(RESET) refers to app_timer.o(i.SWI0_IRQHandler) for SWI0_IRQHandler
    arm_startup_nrf51.o(RESET) refers to softdevice_handler.o(i.SWI2_IRQHandler) for SWI2_IRQHandler
    arm_startup_nrf51.o(.text) refers to system_nrf51.o(i.SystemInit) for SystemInit
    arm_startup_nrf51.o(.text) refers to entry.o(.ARM.Collect$$$$00000000) for __main
    system_nrf51.o(i.SystemCoreClockUpdate) refers to system_nrf51.o(.data) for .data
    system_nrf51.o(i.SystemInit) refers to system_nrf51.o(i.is_manual_peripheral_setup_needed) for is_manual_peripheral_setup_needed
    entry.o(.ARM.Collect$$$$00000000) refers (Special) to entry10a.o(.ARM.Collect$$$$0000000D) for __rt_final_cpp
    entry.o(.ARM.Collect$$$$00000000) refers (Special) to entry11a.o(.ARM.Collect$$$$0000000F) for __rt_final_exit
    entry.o(.ARM.Collect$$$$00000000) refers (Special) to entry7b.o(.ARM.Collect$$$$00000008) for _main_clock
    entry.o(.ARM.Collect$$$$00000000) refers (Special) to entry8b.o(.ARM.Collect$$$$0000000A) for _main_cpp_init
    entry.o(.ARM.Collect$$$$00000000) refers (Special) to entry9a.o(.ARM.Collect$$$$0000000B) for _main_init
    entry.o(.ARM.Collect$$$$00000000) refers (Special) to entry5.o(.ARM.Collect$$$$00000004) for _main_scatterload
    entry.o(.ARM.Collect$$$$00000000) refers (Special) to entry2.o(.ARM.Collect$$$$00000001) for _main_stk
    printfa.o(i.__0fprintf) refers (Special) to iusefp.o(.text) for __I$use$fp
    printfa.o(i.__0fprintf) refers to printfa.o(i._printf_core) for _printf_core
    printfa.o(i.__0fprintf) refers to retarget.o(i.fputc) for fputc
    printfa.o(i.__0printf) refers (Special) to iusefp.o(.text) for __I$use$fp
    printfa.o(i.__0printf) refers to printfa.o(i._printf_core) for _printf_core
    printfa.o(i.__0printf) refers to retarget.o(i.fputc) for fputc
    printfa.o(i.__0printf) refers to retarget.o(.data) for __stdout
    printfa.o(i.__0snprintf) refers (Special) to iusefp.o(.text) for __I$use$fp
    printfa.o(i.__0snprintf) refers to printfa.o(i._printf_core) for _printf_core
    printfa.o(i.__0snprintf) refers to printfa.o(i._snputc) for _snputc
    printfa.o(i.__0sprintf) refers (Special) to iusefp.o(.text) for __I$use$fp
    printfa.o(i.__0sprintf) refers to printfa.o(i._printf_core) for _printf_core
    printfa.o(i.__0sprintf) refers to printfa.o(i._sputc) for _sputc
    printfa.o(i.__0vfprintf) refers (Special) to iusefp.o(.text) for __I$use$fp
    printfa.o(i.__0vfprintf) refers to printfa.o(i._printf_core) for _printf_core
    printfa.o(i.__0vfprintf) refers to retarget.o(i.fputc) for fputc
    printfa.o(i.__0vprintf) refers (Special) to iusefp.o(.text) for __I$use$fp
    printfa.o(i.__0vprintf) refers to printfa.o(i._printf_core) for _printf_core
    printfa.o(i.__0vprintf) refers to retarget.o(i.fputc) for fputc
    printfa.o(i.__0vprintf) refers to retarget.o(.data) for __stdout
    printfa.o(i.__0vsnprintf) refers (Special) to iusefp.o(.text) for __I$use$fp
    printfa.o(i.__0vsnprintf) refers to printfa.o(i._printf_core) for _printf_core
    printfa.o(i.__0vsnprintf) refers to printfa.o(i._snputc) for _snputc
    printfa.o(i.__0vsprintf) refers (Special) to iusefp.o(.text) for __I$use$fp
    printfa.o(i.__0vsprintf) refers to printfa.o(i._printf_core) for _printf_core
    printfa.o(i.__0vsprintf) refers to printfa.o(i._sputc) for _sputc
    printfa.o(i._fp_digits) refers (Special) to iusefp.o(.text) for __I$use$fp
    printfa.o(i._fp_digits) refers to dmul.o(.text) for __aeabi_dmul
    printfa.o(i._fp_digits) refers to ddiv.o(.text) for __aeabi_ddiv
    printfa.o(i._fp_digits) refers to cdrcmple.o(.text) for __aeabi_cdrcmple
    printfa.o(i._fp_digits) refers to dadd.o(.text) for __aeabi_dadd
    printfa.o(i._fp_digits) refers to dfixul.o(.text) for __aeabi_d2ulz
    printfa.o(i._fp_digits) refers to uldiv.o(.text) for __aeabi_uldivmod
    printfa.o(i._printf_core) refers (Special) to iusefp.o(.text) for __I$use$fp
    printfa.o(i._printf_core) refers to printfa.o(i._printf_pre_padding) for _printf_pre_padding
    printfa.o(i._printf_core) refers to uldiv.o(.text) for __aeabi_uldivmod
    printfa.o(i._printf_core) refers to printfa.o(i._printf_post_padding) for _printf_post_padding
    printfa.o(i._printf_core) refers to printfa.o(i._fp_digits) for _fp_digits
    printfa.o(i._printf_core) refers to uidiv.o(.text) for __aeabi_uidivmod
    printfa.o(i._printf_post_padding) refers (Special) to iusefp.o(.text) for __I$use$fp
    printfa.o(i._printf_pre_padding) refers (Special) to iusefp.o(.text) for __I$use$fp
    printfa.o(i._snputc) refers (Special) to iusefp.o(.text) for __I$use$fp
    printfa.o(i._sputc) refers (Special) to iusefp.o(.text) for __I$use$fp
    entry2.o(.ARM.Collect$$$$00000001) refers to entry2.o(.ARM.Collect$$$$00002712) for __lit__00000000
    entry2.o(.ARM.Collect$$$$00002712) refers to arm_startup_nrf51.o(STACK) for __initial_sp
    entry2.o(__vectab_stack_and_reset_area) refers to arm_startup_nrf51.o(STACK) for __initial_sp
    entry2.o(__vectab_stack_and_reset_area) refers to entry.o(.ARM.Collect$$$$00000000) for __main
    entry5.o(.ARM.Collect$$$$00000004) refers to init.o(.text) for __scatterload
    entry9a.o(.ARM.Collect$$$$0000000B) refers to main.o(i.main) for main
    entry9b.o(.ARM.Collect$$$$0000000C) refers to main.o(i.main) for main
    uldiv.o(.text) refers to llushr.o(.text) for __aeabi_llsr
    uldiv.o(.text) refers to llshl.o(.text) for __aeabi_llsl
    dadd.o(.text) refers to llshl.o(.text) for __aeabi_llsl
    dadd.o(.text) refers to llsshr.o(.text) for __aeabi_lasr
    dadd.o(.text) refers to depilogue.o(.text) for _double_epilogue
    dmul.o(.text) refers to depilogue.o(.text) for _double_epilogue
    ddiv.o(.text) refers to depilogue.o(.text) for _double_round
    dfixul.o(.text) refers to llushr.o(.text) for __aeabi_llsr
    dfixul.o(.text) refers to llshl.o(.text) for __aeabi_llsl
    init.o(.text) refers to entry5.o(.ARM.Collect$$$$00000004) for __main_after_scatterload
    depilogue.o(.text) refers to depilogue.o(i.__ARM_clz) for __ARM_clz
    depilogue.o(.text) refers to llshl.o(.text) for __aeabi_llsl
    depilogue.o(.text) refers to llushr.o(.text) for __aeabi_llsr
    nrf_log.o(i.log_uart_write_string) refers to app_uart_fifo.o(i.app_uart_put) for app_uart_put
    nrf_log.o(i.log_uart_write_string_many) refers to nrf_log.o(i.log_uart_write_string) for log_uart_write_string
    nrf_log.o(i.log_uart_has_input) refers to app_uart_fifo.o(i.app_uart_get) for app_uart_get
    nrf_log.o(i.log_uart_has_input) refers to nrf_log.o(.data) for .data


==============================================================================

Removing Unused input sections from the image.

    Removing main.o(.rev16_text), (4 bytes).
    Removing main.o(.revsh_text), (4 bytes).
    Removing main.o(i.assert_nrf_callback), (20 bytes).
    Removing main.o(.data), (4 bytes).
    Removing main.o(.data), (4 bytes).
    Removing main.o(.data), (1 bytes).
    Removing main.o(.data), (1 bytes).
    Removing bsp.o(.rev16_text), (4 bytes).
    Removing bsp.o(.revsh_text), (4 bytes).
    Removing bsp.o(i.alert_timer_handler), (24 bytes).
    Removing bsp.o(i.bsp_button_event_handler), (160 bytes).
    Removing bsp.o(i.bsp_button_is_pressed), (44 bytes).
    Removing bsp.o(i.bsp_buttons_disable), (8 bytes).
    Removing bsp.o(i.bsp_buttons_enable), (8 bytes).
    Removing bsp.o(i.bsp_buttons_state_get), (60 bytes).
    Removing bsp.o(i.bsp_event_to_button_action_assign), (72 bytes).
    Removing bsp.o(i.bsp_indication_set), (28 bytes).
    Removing bsp.o(i.bsp_indication_text_set), (8 bytes).
    Removing bsp.o(i.bsp_init), (160 bytes).
    Removing bsp.o(i.bsp_led_indication), (508 bytes).
    Removing bsp.o(i.bsp_wakeup_buttons_set), (60 bytes).
    Removing bsp.o(i.button_timer_handler), (12 bytes).
    Removing bsp.o(i.leds_timer_handler), (24 bytes).
    Removing bsp.o(.bss), (32 bytes).
    Removing bsp.o(.bss), (32 bytes).
    Removing bsp.o(.bss), (12 bytes).
    Removing bsp.o(.bss), (32 bytes).
    Removing bsp.o(.constdata), (60 bytes).
    Removing bsp.o(.data), (24 bytes).
    Removing ble_advdata.o(.rev16_text), (4 bytes).
    Removing ble_advdata.o(.revsh_text), (4 bytes).
    Removing ble_conn_params.o(.rev16_text), (4 bytes).
    Removing ble_conn_params.o(.revsh_text), (4 bytes).
    Removing ble_conn_params.o(i.ble_conn_params_change_conn_params), (80 bytes).
    Removing ble_conn_params.o(i.ble_conn_params_stop), (16 bytes).
    Removing ble_srv_common.o(.rev16_text), (4 bytes).
    Removing ble_srv_common.o(.revsh_text), (4 bytes).
    Removing ble_srv_common.o(i.ble_srv_ascii_to_utf8), (18 bytes).
    Removing ble_srv_common.o(i.ble_srv_report_ref_encode), (12 bytes).
    Removing ble_srv_common.o(i.characteristic_add), (400 bytes).
    Removing ble_srv_common.o(i.descriptor_add), (176 bytes).
    Removing ble_srv_common.o(i.set_security_req), (46 bytes).
    Removing ble_rhts.o(.rev16_text), (4 bytes).
    Removing ble_rhts.o(.revsh_text), (4 bytes).
    Removing app_uart_fifo.o(.rev16_text), (4 bytes).
    Removing app_uart_fifo.o(.revsh_text), (4 bytes).
    Removing app_uart_fifo.o(i.app_uart_close), (10 bytes).
    Removing app_uart_fifo.o(i.app_uart_flush), (28 bytes).
    Removing app_uart_fifo.o(i.app_uart_get), (52 bytes).
    Removing app_uart_fifo.o(i.app_uart_init), (160 bytes).
    Removing app_uart_fifo.o(i.app_uart_put), (56 bytes).
    Removing app_uart_fifo.o(i.uart_event_handler), (176 bytes).
    Removing app_uart_fifo.o(.bss), (32 bytes).
    Removing app_uart_fifo.o(.constdata), (32 bytes).
    Removing app_uart_fifo.o(.data), (8 bytes).
    Removing nrf_delay.o(.rev16_text), (4 bytes).
    Removing nrf_delay.o(.revsh_text), (4 bytes).
    Removing nrf_delay.o(.emb_text), (30 bytes).
    Removing nrf_delay.o(i.nrf_delay_ms), (28 bytes).
    Removing nrf_drv_common.o(.rev16_text), (4 bytes).
    Removing nrf_drv_common.o(.revsh_text), (4 bytes).
    Removing nrf_drv_gpiote.o(.rev16_text), (4 bytes).
    Removing nrf_drv_gpiote.o(.revsh_text), (4 bytes).
    Removing nrf_drv_gpiote.o(i.channel_free), (28 bytes).
    Removing nrf_drv_gpiote.o(i.channel_port_alloc), (72 bytes).
    Removing nrf_drv_gpiote.o(i.nrf_drv_gpiote_in_event_addr_get), (24 bytes).
    Removing nrf_drv_gpiote.o(i.nrf_drv_gpiote_in_event_disable), (72 bytes).
    Removing nrf_drv_gpiote.o(i.nrf_drv_gpiote_in_event_enable), (160 bytes).
    Removing nrf_drv_gpiote.o(i.nrf_drv_gpiote_in_init), (164 bytes).
    Removing nrf_drv_gpiote.o(i.nrf_drv_gpiote_in_is_set), (20 bytes).
    Removing nrf_drv_gpiote.o(i.nrf_drv_gpiote_in_uninit), (76 bytes).
    Removing nrf_drv_gpiote.o(i.nrf_drv_gpiote_init), (84 bytes).
    Removing nrf_drv_gpiote.o(i.nrf_drv_gpiote_is_init), (16 bytes).
    Removing nrf_drv_gpiote.o(i.nrf_drv_gpiote_out_clear), (16 bytes).
    Removing nrf_drv_gpiote.o(i.nrf_drv_gpiote_out_init), (152 bytes).
    Removing nrf_drv_gpiote.o(i.nrf_drv_gpiote_out_set), (16 bytes).
    Removing nrf_drv_gpiote.o(i.nrf_drv_gpiote_out_task_addr_get), (20 bytes).
    Removing nrf_drv_gpiote.o(i.nrf_drv_gpiote_out_task_disable), (32 bytes).
    Removing nrf_drv_gpiote.o(i.nrf_drv_gpiote_out_task_enable), (48 bytes).
    Removing nrf_drv_gpiote.o(i.nrf_drv_gpiote_out_task_force), (44 bytes).
    Removing nrf_drv_gpiote.o(i.nrf_drv_gpiote_out_task_trigger), (24 bytes).
    Removing nrf_drv_gpiote.o(i.nrf_drv_gpiote_out_toggle), (24 bytes).
    Removing nrf_drv_gpiote.o(i.nrf_drv_gpiote_out_uninit), (68 bytes).
    Removing nrf_drv_gpiote.o(i.nrf_drv_gpiote_uninit), (56 bytes).
    Removing nrf_drv_gpiote.o(i.nrf_gpio_cfg), (36 bytes).
    Removing nrf_drv_gpiote.o(i.nrf_gpio_cfg_default), (18 bytes).
    Removing nrf_drv_gpiote.o(i.pin_in_use_by_port), (24 bytes).
    Removing nrf_drv_gpiote.o(i.pin_in_use_by_te), (24 bytes).
    Removing nrf_drv_timer.o(.rev16_text), (4 bytes).
    Removing nrf_drv_timer.o(.revsh_text), (4 bytes).
    Removing nrf_drv_timer.o(i.nrf_drv_timer_capture), (28 bytes).
    Removing nrf_drv_timer.o(i.nrf_drv_timer_clear), (8 bytes).
    Removing nrf_drv_timer.o(i.nrf_drv_timer_compare_int_disable), (18 bytes).
    Removing nrf_drv_timer.o(i.nrf_drv_timer_compare_int_enable), (34 bytes).
    Removing nrf_drv_timer.o(i.nrf_drv_timer_disable), (24 bytes).
    Removing nrf_drv_timer.o(i.nrf_drv_timer_increment), (8 bytes).
    Removing nrf_drv_timer.o(i.nrf_drv_timer_pause), (8 bytes).
    Removing nrf_drv_timer.o(i.nrf_drv_timer_resume), (8 bytes).
    Removing nrf_drv_timer.o(i.nrf_drv_timer_uninit), (76 bytes).
    Removing nrf_drv_uart.o(.rev16_text), (4 bytes).
    Removing nrf_drv_uart.o(.revsh_text), (4 bytes).
    Removing nrf_drv_uart.o(i.nrf_drv_uart_errorsrc_get), (28 bytes).
    Removing nrf_drv_uart.o(i.nrf_drv_uart_init), (200 bytes).
    Removing nrf_drv_uart.o(i.nrf_drv_uart_rx), (76 bytes).
    Removing nrf_drv_uart.o(i.nrf_drv_uart_rx_abort), (24 bytes).
    Removing nrf_drv_uart.o(i.nrf_drv_uart_rx_disable), (24 bytes).
    Removing nrf_drv_uart.o(i.nrf_drv_uart_rx_enable), (24 bytes).
    Removing nrf_drv_uart.o(i.nrf_drv_uart_rx_for_uart), (156 bytes).
    Removing nrf_drv_uart.o(i.nrf_drv_uart_tx), (36 bytes).
    Removing nrf_drv_uart.o(i.nrf_drv_uart_tx_abort), (44 bytes).
    Removing nrf_drv_uart.o(i.nrf_drv_uart_tx_for_uart), (116 bytes).
    Removing nrf_drv_uart.o(i.nrf_drv_uart_tx_in_progress), (16 bytes).
    Removing nrf_drv_uart.o(i.nrf_drv_uart_uninit), (108 bytes).
    Removing nrf_drv_uart.o(i.nrf_gpio_cfg), (36 bytes).
    Removing nrf_drv_uart.o(i.nrf_gpio_cfg_default), (18 bytes).
    Removing nrf_drv_uart.o(i.nrf_gpio_cfg_input), (18 bytes).
    Removing nrf_drv_uart.o(i.nrf_gpio_cfg_output), (20 bytes).
    Removing nrf_drv_uart.o(i.rx_enable), (28 bytes).
    Removing nrf_drv_uart.o(.constdata), (32 bytes).
    Removing twi_sw_master.o(.rev16_text), (4 bytes).
    Removing twi_sw_master.o(.revsh_text), (4 bytes).
    Removing twi_sw_master.o(.emb_text), (30 bytes).
    Removing twi_sw_master.o(i.twi_master_clear_bus), (84 bytes).
    Removing twi_sw_master.o(i.twi_master_clock_byte), (104 bytes).
    Removing twi_sw_master.o(i.twi_master_clock_byte_in), (104 bytes).
    Removing twi_sw_master.o(i.twi_master_init), (44 bytes).
    Removing twi_sw_master.o(i.twi_master_transfer), (180 bytes).
    Removing twi_sw_master.o(i.twi_master_wait_while_scl_low), (32 bytes).
    Removing app_button.o(.rev16_text), (4 bytes).
    Removing app_button.o(.revsh_text), (4 bytes).
    Removing app_button.o(i.app_button_disable), (44 bytes).
    Removing app_button.o(i.app_button_enable), (36 bytes).
    Removing app_button.o(i.app_button_init), (116 bytes).
    Removing app_button.o(i.app_button_is_pushed), (44 bytes).
    Removing app_button.o(i.detection_delay_timeout_handler), (96 bytes).
    Removing app_button.o(i.gpiote_event_handler), (80 bytes).
    Removing app_button.o(.bss), (32 bytes).
    Removing app_button.o(.constdata), (8 bytes).
    Removing app_button.o(.data), (20 bytes).
    Removing app_error.o(.rev16_text), (4 bytes).
    Removing app_error.o(.revsh_text), (4 bytes).
    Removing app_error.o(i.app_error_handler), (28 bytes).
    Removing app_error.o(i.app_error_save_and_stop), (100 bytes).
    Removing app_error.o(.bss), (32 bytes).
    Removing app_error_weak.o(.rev16_text), (4 bytes).
    Removing app_error_weak.o(.revsh_text), (4 bytes).
    Removing app_fifo.o(.rev16_text), (4 bytes).
    Removing app_fifo.o(.revsh_text), (4 bytes).
    Removing app_fifo.o(i.app_fifo_flush), (8 bytes).
    Removing app_fifo.o(i.app_fifo_get), (22 bytes).
    Removing app_fifo.o(i.app_fifo_init), (36 bytes).
    Removing app_fifo.o(i.app_fifo_peek), (34 bytes).
    Removing app_fifo.o(i.app_fifo_put), (26 bytes).
    Removing app_fifo.o(i.app_fifo_read), (72 bytes).
    Removing app_fifo.o(i.app_fifo_write), (78 bytes).
    Removing app_fifo.o(i.fifo_get), (20 bytes).
    Removing app_fifo.o(i.fifo_put), (18 bytes).
    Removing app_timer.o(.rev16_text), (4 bytes).
    Removing app_timer.o(.revsh_text), (4 bytes).
    Removing app_timer.o(i.app_timer_cnt_diff_compute), (12 bytes).
    Removing app_timer.o(i.app_timer_cnt_get), (16 bytes).
    Removing app_timer.o(i.app_timer_stop_all), (68 bytes).
    Removing app_util_platform.o(.rev16_text), (4 bytes).
    Removing app_util_platform.o(.revsh_text), (4 bytes).
    Removing app_util_platform.o(i.app_util_critical_region_enter), (60 bytes).
    Removing app_util_platform.o(i.app_util_critical_region_exit), (44 bytes).
    Removing app_util_platform.o(i.app_util_disable_irq), (16 bytes).
    Removing app_util_platform.o(i.app_util_enable_irq), (20 bytes).
    Removing app_util_platform.o(.data), (4 bytes).
    Removing nrf_assert.o(.rev16_text), (4 bytes).
    Removing nrf_assert.o(.revsh_text), (4 bytes).
    Removing nrf_log.o(.rev16_text), (4 bytes).
    Removing nrf_log.o(.revsh_text), (4 bytes).
    Removing nrf_log.o(i.log_hex), (64 bytes).
    Removing nrf_log.o(i.log_hex_char), (56 bytes).
    Removing nrf_log.o(i.log_uart_init), (76 bytes).
    Removing nrf_log.o(i.log_uart_printf), (20 bytes).
    Removing nrf_log.o(i.log_uart_read_input), (36 bytes).
    Removing nrf_log.o(i.log_uart_write_hex), (52 bytes).
    Removing nrf_log.o(i.log_uart_write_hex_char), (44 bytes).
    Removing nrf_log.o(i.uart_error_cb), (20 bytes).
    Removing nrf_log.o(.bss), (523 bytes).
    Removing nrf_log.o(.constdata), (12 bytes).
    Removing nrf_log.o(.data), (7 bytes).
    Removing retarget.o(.rev16_text), (4 bytes).
    Removing retarget.o(.revsh_text), (4 bytes).
    Removing retarget.o(i.fgetc), (18 bytes).
    Removing retarget.o(i.fputc), (14 bytes).
    Removing retarget.o(.data), (4 bytes).
    Removing retarget.o(.data), (4 bytes).
    Removing softdevice_handler.o(.rev16_text), (4 bytes).
    Removing softdevice_handler.o(.revsh_text), (4 bytes).
    Removing softdevice_handler.o(i.softdevice_handler_isEnabled), (12 bytes).
    Removing softdevice_handler.o(i.softdevice_handler_sd_disable), (24 bytes).
    Removing softdevice_handler.o(i.softdevice_sys_evt_handler_set), (20 bytes).
    Removing arm_startup_nrf51.o(HEAP), (2048 bytes).
    Removing system_nrf51.o(.rev16_text), (4 bytes).
    Removing system_nrf51.o(.revsh_text), (4 bytes).
    Removing system_nrf51.o(i.SystemCoreClockUpdate), (16 bytes).
    Removing dadd.o(.text), (356 bytes).
    Removing dmul.o(.text), (208 bytes).
    Removing ddiv.o(.text), (240 bytes).
    Removing dfixul.o(.text), (64 bytes).
    Removing cdrcmple.o(.text), (40 bytes).
    Removing depilogue.o(.text), (190 bytes).
    Removing bsp.o(i.__ARM_common_switch8), (26 bytes).
    Removing nrf_log.o(i.log_uart_write_string), (20 bytes).
    Removing nrf_log.o(i.log_uart_write_string_many), (32 bytes).
    Removing nrf_log.o(i.log_uart_has_input), (40 bytes).
    Removing depilogue.o(i.__ARM_clz), (46 bytes).

210 unused section(s) (total 11584 bytes) removed from the image.

==============================================================================

Image Symbol Table

    Local Symbols

    Symbol Name                              Value     Ov Type        Size  Object(Section)

    ../clib/microlib/division.c              0x00000000   Number         0  uldiv.o ABSOLUTE
    ../clib/microlib/division.c              0x00000000   Number         0  uidiv.o ABSOLUTE
    ../clib/microlib/init/entry.s            0x00000000   Number         0  entry11a.o ABSOLUTE
    ../clib/microlib/init/entry.s            0x00000000   Number         0  entry7b.o ABSOLUTE
    ../clib/microlib/init/entry.s            0x00000000   Number         0  entry11b.o ABSOLUTE
    ../clib/microlib/init/entry.s            0x00000000   Number         0  entry7a.o ABSOLUTE
    ../clib/microlib/init/entry.s            0x00000000   Number         0  entry9a.o ABSOLUTE
    ../clib/microlib/init/entry.s            0x00000000   Number         0  entry9b.o ABSOLUTE
    ../clib/microlib/init/entry.s            0x00000000   Number         0  entry.o ABSOLUTE
    ../clib/microlib/init/entry.s            0x00000000   Number         0  entry10a.o ABSOLUTE
    ../clib/microlib/init/entry.s            0x00000000   Number         0  entry8b.o ABSOLUTE
    ../clib/microlib/init/entry.s            0x00000000   Number         0  entry5.o ABSOLUTE
    ../clib/microlib/init/entry.s            0x00000000   Number         0  entry10b.o ABSOLUTE
    ../clib/microlib/init/entry.s            0x00000000   Number         0  entry2.o ABSOLUTE
    ../clib/microlib/init/entry.s            0x00000000   Number         0  entry8a.o ABSOLUTE
    ../clib/microlib/longlong.c              0x00000000   Number         0  llushr.o ABSOLUTE
    ../clib/microlib/longlong.c              0x00000000   Number         0  llsshr.o ABSOLUTE
    ../clib/microlib/longlong.c              0x00000000   Number         0  llshl.o ABSOLUTE
    ../clib/microlib/printf/printf.c         0x00000000   Number         0  printfa.o ABSOLUTE
    ../clib/microlib/string/memcpy.c         0x00000000   Number         0  memcpya.o ABSOLUTE
    ../clib/microlib/string/memcpy.c         0x00000000   Number         0  memcpyb.o ABSOLUTE
    ../clib/microlib/string/memset.c         0x00000000   Number         0  memseta.o ABSOLUTE
    ../clib/microlib/string/strlen.c         0x00000000   Number         0  strlen.o ABSOLUTE
    ../clib/microlib/stubs.s                 0x00000000   Number         0  iusefp.o ABSOLUTE
    ../fplib/microlib/fpadd.c                0x00000000   Number         0  dadd.o ABSOLUTE
    ../fplib/microlib/fpdiv.c                0x00000000   Number         0  ddiv.o ABSOLUTE
    ../fplib/microlib/fpepilogue.c           0x00000000   Number         0  depilogue.o ABSOLUTE
    ../fplib/microlib/fpfix.c                0x00000000   Number         0  dfixul.o ABSOLUTE
    ../fplib/microlib/fpmul.c                0x00000000   Number         0  dmul.o ABSOLUTE
    ..\..\..\..\..\..\components\ble\common\ble_advdata.c 0x00000000   Number         0  ble_advdata.o ABSOLUTE
    ..\..\..\..\..\..\components\ble\common\ble_conn_params.c 0x00000000   Number         0  ble_conn_params.o ABSOLUTE
    ..\..\..\..\..\..\components\ble\common\ble_srv_common.c 0x00000000   Number         0  ble_srv_common.o ABSOLUTE
    ..\..\..\..\..\..\components\drivers_nrf\common\nrf_drv_common.c 0x00000000   Number         0  nrf_drv_common.o ABSOLUTE
    ..\..\..\..\..\..\components\drivers_nrf\delay\nrf_delay.c 0x00000000   Number         0  nrf_delay.o ABSOLUTE
    ..\..\..\..\..\..\components\drivers_nrf\gpiote\nrf_drv_gpiote.c 0x00000000   Number         0  nrf_drv_gpiote.o ABSOLUTE
    ..\..\..\..\..\..\components\drivers_nrf\timer\nrf_drv_timer.c 0x00000000   Number         0  nrf_drv_timer.o ABSOLUTE
    ..\..\..\..\..\..\components\drivers_nrf\uart\nrf_drv_uart.c 0x00000000   Number         0  nrf_drv_uart.o ABSOLUTE
    ..\..\..\..\..\..\components\libraries\button\app_button.c 0x00000000   Number         0  app_button.o ABSOLUTE
    ..\..\..\..\..\..\components\libraries\fifo\app_fifo.c 0x00000000   Number         0  app_fifo.o ABSOLUTE
    ..\..\..\..\..\..\components\libraries\timer\app_timer.c 0x00000000   Number         0  app_timer.o ABSOLUTE
    ..\..\..\..\..\..\components\libraries\uart\app_uart_fifo.c 0x00000000   Number         0  app_uart_fifo.o ABSOLUTE
    ..\..\..\..\..\..\components\libraries\uart\retarget.c 0x00000000   Number         0  retarget.o ABSOLUTE
    ..\..\..\..\..\..\components\libraries\util\app_error.c 0x00000000   Number         0  app_error.o ABSOLUTE
    ..\..\..\..\..\..\components\libraries\util\app_error_weak.c 0x00000000   Number         0  app_error_weak.o ABSOLUTE
    ..\..\..\..\..\..\components\libraries\util\app_util_platform.c 0x00000000   Number         0  app_util_platform.o ABSOLUTE
    ..\..\..\..\..\..\components\libraries\util\nrf_assert.c 0x00000000   Number         0  nrf_assert.o ABSOLUTE
    ..\..\..\..\..\..\components\libraries\util\nrf_log.c 0x00000000   Number         0  nrf_log.o ABSOLUTE
    ..\..\..\..\..\..\components\softdevice\common\softdevice_handler\softdevice_handler.c 0x00000000   Number         0  softdevice_handler.o ABSOLUTE
    ..\..\..\..\..\bsp\bsp.c                 0x00000000   Number         0  bsp.o ABSOLUTE
    ..\..\..\ble_rhts.c                      0x00000000   Number         0  ble_rhts.o ABSOLUTE
    ..\..\..\main.c                          0x00000000   Number         0  main.o ABSOLUTE
    ..\..\..\twi_sw_master.c                 0x00000000   Number         0  twi_sw_master.o ABSOLUTE
    ..\\..\\..\\..\\..\\..\\components\\ble\\common\\ble_advdata.c 0x00000000   Number         0  ble_advdata.o ABSOLUTE
    ..\\..\\..\\..\\..\\..\\components\\ble\\common\\ble_conn_params.c 0x00000000   Number         0  ble_conn_params.o ABSOLUTE
    ..\\..\\..\\..\\..\\..\\components\\ble\\common\\ble_srv_common.c 0x00000000   Number         0  ble_srv_common.o ABSOLUTE
    ..\\..\\..\\..\\..\\..\\components\\drivers_nrf\\common\\nrf_drv_common.c 0x00000000   Number         0  nrf_drv_common.o ABSOLUTE
    ..\\..\\..\\..\\..\\..\\components\\drivers_nrf\\delay\\nrf_delay.c 0x00000000   Number         0  nrf_delay.o ABSOLUTE
    ..\\..\\..\\..\\..\\..\\components\\drivers_nrf\\gpiote\\nrf_drv_gpiote.c 0x00000000   Number         0  nrf_drv_gpiote.o ABSOLUTE
    ..\\..\\..\\..\\..\\..\\components\\drivers_nrf\\timer\\nrf_drv_timer.c 0x00000000   Number         0  nrf_drv_timer.o ABSOLUTE
    ..\\..\\..\\..\\..\\..\\components\\drivers_nrf\\uart\\nrf_drv_uart.c 0x00000000   Number         0  nrf_drv_uart.o ABSOLUTE
    ..\\..\\..\\..\\..\\..\\components\\libraries\\button\\app_button.c 0x00000000   Number         0  app_button.o ABSOLUTE
    ..\\..\\..\\..\\..\\..\\components\\libraries\\fifo\\app_fifo.c 0x00000000   Number         0  app_fifo.o ABSOLUTE
    ..\\..\\..\\..\\..\\..\\components\\libraries\\timer\\app_timer.c 0x00000000   Number         0  app_timer.o ABSOLUTE
    ..\\..\\..\\..\\..\\..\\components\\libraries\\uart\\app_uart_fifo.c 0x00000000   Number         0  app_uart_fifo.o ABSOLUTE
    ..\\..\\..\\..\\..\\..\\components\\libraries\\uart\\retarget.c 0x00000000   Number         0  retarget.o ABSOLUTE
    ..\\..\\..\\..\\..\\..\\components\\libraries\\util\\app_error.c 0x00000000   Number         0  app_error.o ABSOLUTE
    ..\\..\\..\\..\\..\\..\\components\\libraries\\util\\app_error_weak.c 0x00000000   Number         0  app_error_weak.o ABSOLUTE
    ..\\..\\..\\..\\..\\..\\components\\libraries\\util\\app_util_platform.c 0x00000000   Number         0  app_util_platform.o ABSOLUTE
    ..\\..\\..\\..\\..\\..\\components\\libraries\\util\\nrf_assert.c 0x00000000   Number         0  nrf_assert.o ABSOLUTE
    ..\\..\\..\\..\\..\\..\\components\\libraries\\util\\nrf_log.c 0x00000000   Number         0  nrf_log.o ABSOLUTE
    ..\\..\\..\\..\\..\\..\\components\\softdevice\\common\\softdevice_handler\\softdevice_handler.c 0x00000000   Number         0  softdevice_handler.o ABSOLUTE
    ..\\..\\..\\..\\..\\bsp\\bsp.c           0x00000000   Number         0  bsp.o ABSOLUTE
    ..\\..\\..\\ble_rhts.c                   0x00000000   Number         0  ble_rhts.o ABSOLUTE
    ..\\..\\..\\main.c                       0x00000000   Number         0  main.o ABSOLUTE
    ..\\..\\..\\twi_sw_master.c              0x00000000   Number         0  twi_sw_master.o ABSOLUTE
    RTE\Device\nRF51822_xxAC\arm_startup_nrf51.s 0x00000000   Number         0  arm_startup_nrf51.o ABSOLUTE
    RTE\Device\nRF51822_xxAC\system_nrf51.c  0x00000000   Number         0  system_nrf51.o ABSOLUTE
    RTE\\Device\\nRF51822_xxAC\\system_nrf51.c 0x00000000   Number         0  system_nrf51.o ABSOLUTE
    cdrcmple.s                               0x00000000   Number         0  cdrcmple.o ABSOLUTE
    dc.s                                     0x00000000   Number         0  dc.o ABSOLUTE
    handlers.s                               0x00000000   Number         0  handlers.o ABSOLUTE
    init.s                                   0x00000000   Number         0  init.o ABSOLUTE
    RESET                                    0x0001b000   Section      192  arm_startup_nrf51.o(RESET)
    .ARM.Collect$$$$00000000                 0x0001b0c0   Section        0  entry.o(.ARM.Collect$$$$00000000)
    .ARM.Collect$$$$00000001                 0x0001b0c0   Section        4  entry2.o(.ARM.Collect$$$$00000001)
    .ARM.Collect$$$$00000004                 0x0001b0c4   Section        4  entry5.o(.ARM.Collect$$$$00000004)
    .ARM.Collect$$$$00000008                 0x0001b0c8   Section        0  entry7b.o(.ARM.Collect$$$$00000008)
    .ARM.Collect$$$$0000000A                 0x0001b0c8   Section        0  entry8b.o(.ARM.Collect$$$$0000000A)
    .ARM.Collect$$$$0000000B                 0x0001b0c8   Section        8  entry9a.o(.ARM.Collect$$$$0000000B)
    .ARM.Collect$$$$0000000D                 0x0001b0d0   Section        0  entry10a.o(.ARM.Collect$$$$0000000D)
    .ARM.Collect$$$$0000000F                 0x0001b0d0   Section        0  entry11a.o(.ARM.Collect$$$$0000000F)
    .ARM.Collect$$$$00002712                 0x0001b0d0   Section        4  entry2.o(.ARM.Collect$$$$00002712)
    __lit__00000000                          0x0001b0d0   Data           4  entry2.o(.ARM.Collect$$$$00002712)
    .emb_text                                0x0001b0d4   Section       30  app_timer.o(.emb_text)
    .text                                    0x0001b0f4   Section       56  arm_startup_nrf51.o(.text)
    .text                                    0x0001b12c   Section        0  memcpya.o(.text)
    .text                                    0x0001b150   Section        0  memseta.o(.text)
    .text                                    0x0001b174   Section       36  init.o(.text)
    i.GPIOTE_IRQHandler                      0x0001b198   Section        0  nrf_drv_gpiote.o(i.GPIOTE_IRQHandler)
    i.NVIC_SetPriority                       0x0001b2ec   Section        0  app_timer.o(i.NVIC_SetPriority)
    NVIC_SetPriority                         0x0001b2ed   Thumb Code    60  app_timer.o(i.NVIC_SetPriority)
    i.RTC1_IRQHandler                        0x0001b330   Section        0  app_timer.o(i.RTC1_IRQHandler)
    i.SWI0_IRQHandler                        0x0001b350   Section        0  app_timer.o(i.SWI0_IRQHandler)
    i.SWI2_IRQHandler                        0x0001b358   Section        0  softdevice_handler.o(i.SWI2_IRQHandler)
    i.SystemInit                             0x0001b378   Section        0  system_nrf51.o(i.SystemInit)
    i.TIMER1_IRQHandler                      0x0001b418   Section        0  nrf_drv_timer.o(i.TIMER1_IRQHandler)
    i.UART0_IRQHandler                       0x0001b45c   Section        0  nrf_drv_uart.o(i.UART0_IRQHandler)
    i.__scatterload_copy                     0x0001b464   Section       14  handlers.o(i.__scatterload_copy)
    i.__scatterload_null                     0x0001b472   Section        2  handlers.o(i.__scatterload_null)
    i.__scatterload_zeroinit                 0x0001b474   Section       14  handlers.o(i.__scatterload_zeroinit)
    i.__sd_nvic_app_accessible_irq           0x0001b484   Section        0  main.o(i.__sd_nvic_app_accessible_irq)
    __sd_nvic_app_accessible_irq             0x0001b485   Thumb Code    22  main.o(i.__sd_nvic_app_accessible_irq)
    i.__sd_nvic_is_app_accessible_priority   0x0001b4a0   Section        0  main.o(i.__sd_nvic_is_app_accessible_priority)
    __sd_nvic_is_app_accessible_priority     0x0001b4a1   Thumb Code    20  main.o(i.__sd_nvic_is_app_accessible_priority)
    i.adv_data_encode                        0x0001b4b4   Section        0  ble_advdata.o(i.adv_data_encode)
    i.advertising_start                      0x0001b6cc   Section        0  main.o(i.advertising_start)
    advertising_start                        0x0001b6cd   Thumb Code    54  main.o(i.advertising_start)
    i.app_error_fault_handler                0x0001b708   Section        0  app_error_weak.o(i.app_error_fault_handler)
    i.app_error_handler_bare                 0x0001b724   Section        0  app_error.o(i.app_error_handler_bare)
    i.app_timer_create                       0x0001b73c   Section        0  app_timer.o(i.app_timer_create)
    i.app_timer_init                         0x0001b768   Section        0  app_timer.o(i.app_timer_init)
    i.app_timer_start                        0x0001b7f8   Section        0  app_timer.o(i.app_timer_start)
    i.app_timer_stop                         0x0001b874   Section        0  app_timer.o(i.app_timer_stop)
    i.ble_advdata_set                        0x0001b8c8   Section        0  ble_advdata.o(i.ble_advdata_set)
    i.ble_conn_params_init                   0x0001b930   Section        0  ble_conn_params.o(i.ble_conn_params_init)
    i.ble_conn_params_on_ble_evt             0x0001b984   Section        0  ble_conn_params.o(i.ble_conn_params_on_ble_evt)
    i.ble_device_addr_encode                 0x0001ba14   Section        0  ble_advdata.o(i.ble_device_addr_encode)
    ble_device_addr_encode                   0x0001ba15   Thumb Code    94  ble_advdata.o(i.ble_device_addr_encode)
    i.ble_evt_dispatch                       0x0001ba74   Section        0  main.o(i.ble_evt_dispatch)
    ble_evt_dispatch                         0x0001ba75   Thumb Code    24  main.o(i.ble_evt_dispatch)
    i.ble_rhts_command_char_update           0x0001ba90   Section        0  ble_rhts.o(i.ble_rhts_command_char_update)
    i.ble_rhts_humidity_char_update          0x0001bac0   Section        0  ble_rhts.o(i.ble_rhts_humidity_char_update)
    i.ble_rhts_init                          0x0001baf0   Section        0  ble_rhts.o(i.ble_rhts_init)
    i.ble_rhts_on_ble_evt                    0x0001bb4c   Section        0  ble_rhts.o(i.ble_rhts_on_ble_evt)
    i.ble_rhts_temperature_char_update       0x0001bb6e   Section        0  ble_rhts.o(i.ble_rhts_temperature_char_update)
    i.ble_stack_init                         0x0001bba0   Section        0  main.o(i.ble_stack_init)
    ble_stack_init                           0x0001bba1   Thumb Code   120  main.o(i.ble_stack_init)
    i.channel_port_get                       0x0001bc28   Section        0  nrf_drv_gpiote.o(i.channel_port_get)
    channel_port_get                         0x0001bc29   Thumb Code    10  nrf_drv_gpiote.o(i.channel_port_get)
    i.command_char_add                       0x0001bc38   Section        0  ble_rhts.o(i.command_char_add)
    command_char_add                         0x0001bc39   Thumb Code   132  ble_rhts.o(i.command_char_add)
    i.compare_reg_update                     0x0001bcc0   Section        0  app_timer.o(i.compare_reg_update)
    compare_reg_update                       0x0001bcc1   Thumb Code   142  app_timer.o(i.compare_reg_update)
    i.conn_int_encode                        0x0001bd68   Section        0  ble_advdata.o(i.conn_int_encode)
    conn_int_encode                          0x0001bd69   Thumb Code   130  ble_advdata.o(i.conn_int_encode)
    i.conn_params_error_handler              0x0001bdf0   Section        0  main.o(i.conn_params_error_handler)
    conn_params_error_handler                0x0001bdf1   Thumb Code     8  main.o(i.conn_params_error_handler)
    i.conn_params_negotiation                0x0001bdf8   Section        0  ble_conn_params.o(i.conn_params_negotiation)
    conn_params_negotiation                  0x0001bdf9   Thumb Code    92  ble_conn_params.o(i.conn_params_negotiation)
    i.elapsed_ticks_acquire                  0x0001be60   Section        0  app_timer.o(i.elapsed_ticks_acquire)
    elapsed_ticks_acquire                    0x0001be61   Thumb Code    58  app_timer.o(i.elapsed_ticks_acquire)
    i.humidity_char_add                      0x0001bea0   Section        0  ble_rhts.o(i.humidity_char_add)
    humidity_char_add                        0x0001bea1   Thumb Code   130  ble_rhts.o(i.humidity_char_add)
    i.intern_softdevice_events_execute       0x0001bf28   Section        0  softdevice_handler.o(i.intern_softdevice_events_execute)
    i.is_conn_params_ok                      0x0001bfa0   Section        0  ble_conn_params.o(i.is_conn_params_ok)
    is_conn_params_ok                        0x0001bfa1   Thumb Code    24  ble_conn_params.o(i.is_conn_params_ok)
    i.is_manual_peripheral_setup_needed      0x0001bfbc   Section        0  system_nrf51.o(i.is_manual_peripheral_setup_needed)
    is_manual_peripheral_setup_needed        0x0001bfbd   Thumb Code    66  system_nrf51.o(i.is_manual_peripheral_setup_needed)
    i.le_role_encode                         0x0001c004   Section        0  ble_advdata.o(i.le_role_encode)
    le_role_encode                           0x0001c005   Thumb Code    84  ble_advdata.o(i.le_role_encode)
    i.list_deletions_handler                 0x0001c058   Section        0  app_timer.o(i.list_deletions_handler)
    list_deletions_handler                   0x0001c059   Thumb Code   180  app_timer.o(i.list_deletions_handler)
    i.list_insertions_handler                0x0001c114   Section        0  app_timer.o(i.list_insertions_handler)
    list_insertions_handler                  0x0001c115   Thumb Code   202  app_timer.o(i.list_insertions_handler)
    i.main                                   0x0001c1e8   Section        0  main.o(i.main)
    i.manuf_specific_data_encode             0x0001c30c   Section        0  ble_advdata.o(i.manuf_specific_data_encode)
    manuf_specific_data_encode               0x0001c30d   Thumb Code   104  ble_advdata.o(i.manuf_specific_data_encode)
    i.name_encode                            0x0001c374   Section        0  ble_advdata.o(i.name_encode)
    name_encode                              0x0001c375   Thumb Code   158  ble_advdata.o(i.name_encode)
    i.nrf_drv_common_irq_enable              0x0001c414   Section        0  nrf_drv_common.o(i.nrf_drv_common_irq_enable)
    i.nrf_drv_timer_compare                  0x0001c474   Section        0  nrf_drv_timer.o(i.nrf_drv_timer_compare)
    i.nrf_drv_timer_enable                   0x0001c4a0   Section        0  nrf_drv_timer.o(i.nrf_drv_timer_enable)
    i.nrf_drv_timer_extended_compare         0x0001c4bc   Section        0  nrf_drv_timer.o(i.nrf_drv_timer_extended_compare)
    i.nrf_drv_timer_init                     0x0001c4ec   Section        0  nrf_drv_timer.o(i.nrf_drv_timer_init)
    i.nrf_gpio_cfg_sense_set                 0x0001c598   Section        0  nrf_drv_gpiote.o(i.nrf_gpio_cfg_sense_set)
    nrf_gpio_cfg_sense_set                   0x0001c599   Thumb Code    26  nrf_drv_gpiote.o(i.nrf_gpio_cfg_sense_set)
    i.nrf_gpiote_event_is_set                0x0001c5b8   Section        0  nrf_drv_gpiote.o(i.nrf_gpiote_event_is_set)
    nrf_gpiote_event_is_set                  0x0001c5b9   Thumb Code    14  nrf_drv_gpiote.o(i.nrf_gpiote_event_is_set)
    i.nrf_uart_event_check                   0x0001c5cc   Section        0  nrf_drv_uart.o(i.nrf_uart_event_check)
    nrf_uart_event_check                     0x0001c5cd   Thumb Code    10  nrf_drv_uart.o(i.nrf_uart_event_check)
    i.nrf_uart_int_enable_check              0x0001c5d6   Section        0  nrf_drv_uart.o(i.nrf_uart_int_enable_check)
    nrf_uart_int_enable_check                0x0001c5d7   Thumb Code    16  nrf_drv_uart.o(i.nrf_uart_int_enable_check)
    i.on_ble_evt                             0x0001c5e8   Section        0  main.o(i.on_ble_evt)
    on_ble_evt                               0x0001c5e9   Thumb Code   114  main.o(i.on_ble_evt)
    i.on_conn_params_evt                     0x0001c66c   Section        0  main.o(i.on_conn_params_evt)
    on_conn_params_evt                       0x0001c66d   Thumb Code    26  main.o(i.on_conn_params_evt)
    i.on_write                               0x0001c68c   Section        0  ble_rhts.o(i.on_write)
    on_write                                 0x0001c68d   Thumb Code    48  ble_rhts.o(i.on_write)
    i.parameters_merge                       0x0001c6c0   Section        0  main.o(i.parameters_merge)
    i.rtc1_stop                              0x0001c6c8   Section        0  app_timer.o(i.rtc1_stop)
    rtc1_stop                                0x0001c6c9   Thumb Code    50  app_timer.o(i.rtc1_stop)
    i.rx_byte                                0x0001c70c   Section        0  nrf_drv_uart.o(i.rx_byte)
    rx_byte                                  0x0001c70d   Thumb Code    42  nrf_drv_uart.o(i.rx_byte)
    i.rx_done_event                          0x0001c744   Section        0  nrf_drv_uart.o(i.rx_done_event)
    rx_done_event                            0x0001c745   Thumb Code    22  nrf_drv_uart.o(i.rx_done_event)
    i.sd_check_ram_start                     0x0001c760   Section        0  softdevice_handler.o(i.sd_check_ram_start)
    i.sd_nvic_EnableIRQ                      0x0001c770   Section        0  softdevice_handler.o(i.sd_nvic_EnableIRQ)
    sd_nvic_EnableIRQ                        0x0001c771   Thumb Code   116  softdevice_handler.o(i.sd_nvic_EnableIRQ)
    i.service_data_encode                    0x0001c7fc   Section        0  ble_advdata.o(i.service_data_encode)
    service_data_encode                      0x0001c7fd   Thumb Code   142  ble_advdata.o(i.service_data_encode)
    i.softdevice_ble_evt_handler_set         0x0001c88c   Section        0  softdevice_handler.o(i.softdevice_ble_evt_handler_set)
    i.softdevice_enable                      0x0001c8a0   Section        0  softdevice_handler.o(i.softdevice_enable)
    i.softdevice_enable_get_default_config   0x0001c8b4   Section        0  softdevice_handler.o(i.softdevice_enable_get_default_config)
    i.softdevice_fault_handler               0x0001c8dc   Section        0  softdevice_handler.o(i.softdevice_fault_handler)
    i.softdevice_handler_init                0x0001c8e4   Section        0  softdevice_handler.o(i.softdevice_handler_init)
    i.temperature_char_add                   0x0001c918   Section        0  ble_rhts.o(i.temperature_char_add)
    temperature_char_add                     0x0001c919   Thumb Code   132  ble_rhts.o(i.temperature_char_add)
    i.timer_list_handler                     0x0001c9a0   Section        0  app_timer.o(i.timer_list_handler)
    timer_list_handler                       0x0001c9a1   Thumb Code   128  app_timer.o(i.timer_list_handler)
    i.timer_list_handler_sched               0x0001ca24   Section        0  app_timer.o(i.timer_list_handler_sched)
    timer_list_handler_sched                 0x0001ca25   Thumb Code    10  app_timer.o(i.timer_list_handler_sched)
    i.timer_list_insert                      0x0001ca34   Section        0  app_timer.o(i.timer_list_insert)
    timer_list_insert                        0x0001ca35   Thumb Code    60  app_timer.o(i.timer_list_insert)
    i.timer_rht_measurement_event_handler    0x0001ca74   Section        0  main.o(i.timer_rht_measurement_event_handler)
    i.timer_timeout_handler                  0x0001ca78   Section        0  main.o(i.timer_timeout_handler)
    timer_timeout_handler                    0x0001ca79   Thumb Code   106  main.o(i.timer_timeout_handler)
    i.timer_timeouts_check                   0x0001cb00   Section        0  app_timer.o(i.timer_timeouts_check)
    timer_timeouts_check                     0x0001cb01   Thumb Code   118  app_timer.o(i.timer_timeouts_check)
    i.timers_init                            0x0001cb80   Section        0  main.o(i.timers_init)
    timers_init                              0x0001cb81   Thumb Code   234  main.o(i.timers_init)
    i.tx_byte                                0x0001cc90   Section        0  nrf_drv_uart.o(i.tx_byte)
    tx_byte                                  0x0001cc91   Thumb Code    30  nrf_drv_uart.o(i.tx_byte)
    i.tx_done_event                          0x0001ccbc   Section        0  nrf_drv_uart.o(i.tx_done_event)
    tx_done_event                            0x0001ccbd   Thumb Code    26  nrf_drv_uart.o(i.tx_done_event)
    i.uart_irq_handler                       0x0001ccdc   Section        0  nrf_drv_uart.o(i.uart_irq_handler)
    uart_irq_handler                         0x0001ccdd   Thumb Code   278  nrf_drv_uart.o(i.uart_irq_handler)
    i.uint16_encode                          0x0001ce04   Section        0  ble_advdata.o(i.uint16_encode)
    uint16_encode                            0x0001ce05   Thumb Code    10  ble_advdata.o(i.uint16_encode)
    i.update_timeout_handler                 0x0001ce10   Section        0  ble_conn_params.o(i.update_timeout_handler)
    update_timeout_handler                   0x0001ce11   Thumb Code    86  ble_conn_params.o(i.update_timeout_handler)
    i.user_id_get                            0x0001ce74   Section        0  app_timer.o(i.user_id_get)
    user_id_get                              0x0001ce75   Thumb Code    76  app_timer.o(i.user_id_get)
    i.user_op_alloc                          0x0001cec8   Section        0  app_timer.o(i.user_op_alloc)
    user_op_alloc                            0x0001cec9   Thumb Code    38  app_timer.o(i.user_op_alloc)
    i.uuid_list_encode                       0x0001ceee   Section        0  ble_advdata.o(i.uuid_list_encode)
    uuid_list_encode                         0x0001ceef   Thumb Code    48  ble_advdata.o(i.uuid_list_encode)
    i.uuid_list_sized_encode                 0x0001cf1e   Section        0  ble_advdata.o(i.uuid_list_sized_encode)
    uuid_list_sized_encode                   0x0001cf1f   Thumb Code   174  ble_advdata.o(i.uuid_list_sized_encode)
    i.wdt_init                               0x0001cfcc   Section        0  main.o(i.wdt_init)
    .constdata                               0x0001cfec   Section       28  main.o(.constdata)
    m_connection_event_timer_id              0x0001cfec   Data           4  main.o(.constdata)
    .constdata                               0x0001d008   Section        4  ble_conn_params.o(.constdata)
    m_conn_params_timer_id                   0x0001d008   Data           4  ble_conn_params.o(.constdata)
    .constdata                               0x0001d00c   Section       16  ble_rhts.o(.constdata)
    .constdata                               0x0001d01c   Section        8  nrf_drv_timer.o(.constdata)
    m_default_config                         0x0001d01c   Data           8  nrf_drv_timer.o(.constdata)
    .data                                    0x20002080   Section       20  main.o(.data)
    m_conn_handle                            0x20002082   Data           2  main.o(.data)
    current_temperature_measurement          0x20002084   Data           2  main.o(.data)
    packet_temperature                       0x2000208c   Data           4  main.o(.data)
    packet_humidity                          0x20002090   Data           4  main.o(.data)
    .data                                    0x20002094   Section       20  ble_conn_params.o(.data)
    m_change_param                           0x20002094   Data           1  ble_conn_params.o(.data)
    m_update_count                           0x20002095   Data           1  ble_conn_params.o(.data)
    m_conn_handle                            0x20002096   Data           2  ble_conn_params.o(.data)
    m_preferred_conn_params                  0x20002098   Data           8  ble_conn_params.o(.data)
    m_current_conn_params                    0x200020a0   Data           8  ble_conn_params.o(.data)
    .data                                    0x200020a8   Section        8  ble_rhts.o(.data)
    .data                                    0x200020b0   Section       32  app_timer.o(.data)
    m_user_array_size                        0x200020b0   Data           1  app_timer.o(.data)
    m_ticks_elapsed_q_read_ind               0x200020b1   Data           1  app_timer.o(.data)
    m_ticks_elapsed_q_write_ind              0x200020b2   Data           1  app_timer.o(.data)
    m_rtc1_running                           0x200020b3   Data           1  app_timer.o(.data)
    m_rtc1_reset                             0x200020b4   Data           1  app_timer.o(.data)
    mp_users                                 0x200020b8   Data           4  app_timer.o(.data)
    mp_timer_id_head                         0x200020bc   Data           4  app_timer.o(.data)
    m_ticks_latest                           0x200020c0   Data           4  app_timer.o(.data)
    m_evt_schedule_func                      0x200020c4   Data           4  app_timer.o(.data)
    m_ticks_elapsed                          0x200020c8   Data           8  app_timer.o(.data)
    .data                                    0x200020d0   Section       28  softdevice_handler.o(.data)
    m_softdevice_enabled                     0x200020d0   Data           1  softdevice_handler.o(.data)
    m_ble_evt_buffer_size                    0x200020d2   Data           2  softdevice_handler.o(.data)
    m_evt_schedule_func                      0x200020d4   Data           4  softdevice_handler.o(.data)
    mp_ble_evt_buffer                        0x200020d8   Data           4  softdevice_handler.o(.data)
    m_ble_evt_handler                        0x200020dc   Data           4  softdevice_handler.o(.data)
    m_sys_evt_handler                        0x200020e0   Data           4  softdevice_handler.o(.data)
    .data                                    0x200020ec   Section        4  system_nrf51.o(.data)
    __tagsym$$used                           0x200020ec   Number         0  system_nrf51.o(.data)
    .bss                                     0x200020f0   Section       32  main.o(.bss)
    m_connection_event_timer_id_data         0x200020f0   Data          32  main.o(.bss)
    .bss                                     0x20002110   Section      558  main.o(.bss)
    BLE_EVT_BUFFER                           0x20002110   Data          72  main.o(.bss)
    APP_TIMER_BUF                            0x20002158   Data         456  main.o(.bss)
    m_rhts                                   0x20002320   Data          30  main.o(.bss)
    .bss                                     0x20002340   Section       32  ble_conn_params.o(.bss)
    m_conn_params_timer_id_data              0x20002340   Data          32  ble_conn_params.o(.bss)
    .bss                                     0x20002360   Section       28  ble_conn_params.o(.bss)
    m_conn_params_config                     0x20002360   Data          28  ble_conn_params.o(.bss)
    .bss                                     0x2000237c   Section       72  nrf_drv_gpiote.o(.bss)
    m_cb                                     0x2000237c   Data          72  nrf_drv_gpiote.o(.bss)
    .bss                                     0x200023c4   Section       12  nrf_drv_timer.o(.bss)
    m_cb                                     0x200023c4   Data          12  nrf_drv_timer.o(.bss)
    .bss                                     0x200023d0   Section       28  nrf_drv_uart.o(.bss)
    m_cb                                     0x200023d0   Data          28  nrf_drv_uart.o(.bss)
    STACK                                    0x200023f0   Section     2048  arm_startup_nrf51.o(STACK)

    Global Symbols

    Symbol Name                              Value     Ov Type        Size  Object(Section)

    BuildAttributes$$THM_ISAv3M$S$PE$A:L22$X:L11$S22$IEEE1$IW$USESV6$~STKCKD$USESV7$~SHL$OSPACE$ROPI$EBA8$MICROLIB$REQ8$PRES8$EABIv2 0x00000000   Number         0  anon$$obj.o ABSOLUTE
    __ARM_use_no_argv                        0x00000000   Number         0  main.o ABSOLUTE
    __cpp_initialize__aeabi_                  - Undefined Weak Reference
    __cxa_finalize                            - Undefined Weak Reference
    __decompress                              - Undefined Weak Reference
    _clock_init                               - Undefined Weak Reference
    _microlib_exit                            - Undefined Weak Reference
    __Vectors_Size                           0x000000c0   Number         0  arm_startup_nrf51.o ABSOLUTE
    __Vectors                                0x0001b000   Data           4  arm_startup_nrf51.o(RESET)
    __Vectors_End                            0x0001b0c0   Data           0  arm_startup_nrf51.o(RESET)
    __main                                   0x0001b0c1   Thumb Code     0  entry.o(.ARM.Collect$$$$00000000)
    _main_stk                                0x0001b0c1   Thumb Code     0  entry2.o(.ARM.Collect$$$$00000001)
    _main_scatterload                        0x0001b0c5   Thumb Code     0  entry5.o(.ARM.Collect$$$$00000004)
    __main_after_scatterload                 0x0001b0c9   Thumb Code     0  entry5.o(.ARM.Collect$$$$00000004)
    _main_clock                              0x0001b0c9   Thumb Code     0  entry7b.o(.ARM.Collect$$$$00000008)
    _main_cpp_init                           0x0001b0c9   Thumb Code     0  entry8b.o(.ARM.Collect$$$$0000000A)
    _main_init                               0x0001b0c9   Thumb Code     0  entry9a.o(.ARM.Collect$$$$0000000B)
    __rt_final_cpp                           0x0001b0d1   Thumb Code     0  entry10a.o(.ARM.Collect$$$$0000000D)
    __rt_final_exit                          0x0001b0d1   Thumb Code     0  entry11a.o(.ARM.Collect$$$$0000000F)
    __asm___11_app_timer_c_cd27f9c3__nrf_delay_us 0x0001b0d5   Thumb Code    30  app_timer.o(.emb_text)
    Reset_Handler                            0x0001b0f5   Thumb Code    26  arm_startup_nrf51.o(.text)
    NMI_Handler                              0x0001b10f   Thumb Code     2  arm_startup_nrf51.o(.text)
    HardFault_Handler                        0x0001b111   Thumb Code     2  arm_startup_nrf51.o(.text)
    SVC_Handler                              0x0001b113   Thumb Code     2  arm_startup_nrf51.o(.text)
    PendSV_Handler                           0x0001b115   Thumb Code     2  arm_startup_nrf51.o(.text)
    SysTick_Handler                          0x0001b117   Thumb Code     2  arm_startup_nrf51.o(.text)
    ADC_IRQHandler                           0x0001b119   Thumb Code     0  arm_startup_nrf51.o(.text)
    CCM_AAR_IRQHandler                       0x0001b119   Thumb Code     0  arm_startup_nrf51.o(.text)
    ECB_IRQHandler                           0x0001b119   Thumb Code     0  arm_startup_nrf51.o(.text)
    LPCOMP_IRQHandler                        0x0001b119   Thumb Code     0  arm_startup_nrf51.o(.text)
    POWER_CLOCK_IRQHandler                   0x0001b119   Thumb Code     0  arm_startup_nrf51.o(.text)
    QDEC_IRQHandler                          0x0001b119   Thumb Code     0  arm_startup_nrf51.o(.text)
    RADIO_IRQHandler                         0x0001b119   Thumb Code     0  arm_startup_nrf51.o(.text)
    RNG_IRQHandler                           0x0001b119   Thumb Code     0  arm_startup_nrf51.o(.text)
    RTC0_IRQHandler                          0x0001b119   Thumb Code     0  arm_startup_nrf51.o(.text)
    SPI0_TWI0_IRQHandler                     0x0001b119   Thumb Code     0  arm_startup_nrf51.o(.text)
    SPI1_TWI1_IRQHandler                     0x0001b119   Thumb Code     0  arm_startup_nrf51.o(.text)
    SWI1_IRQHandler                          0x0001b119   Thumb Code     0  arm_startup_nrf51.o(.text)
    SWI3_IRQHandler                          0x0001b119   Thumb Code     0  arm_startup_nrf51.o(.text)
    SWI4_IRQHandler                          0x0001b119   Thumb Code     0  arm_startup_nrf51.o(.text)
    SWI5_IRQHandler                          0x0001b119   Thumb Code     0  arm_startup_nrf51.o(.text)
    TEMP_IRQHandler                          0x0001b119   Thumb Code     0  arm_startup_nrf51.o(.text)
    TIMER0_IRQHandler                        0x0001b119   Thumb Code     0  arm_startup_nrf51.o(.text)
    TIMER2_IRQHandler                        0x0001b119   Thumb Code     0  arm_startup_nrf51.o(.text)
    WDT_IRQHandler                           0x0001b119   Thumb Code     0  arm_startup_nrf51.o(.text)
    __aeabi_memcpy                           0x0001b12d   Thumb Code    36  memcpya.o(.text)
    __aeabi_memcpy4                          0x0001b12d   Thumb Code     0  memcpya.o(.text)
    __aeabi_memcpy8                          0x0001b12d   Thumb Code     0  memcpya.o(.text)
    __aeabi_memset                           0x0001b151   Thumb Code    14  memseta.o(.text)
    __aeabi_memset4                          0x0001b151   Thumb Code     0  memseta.o(.text)
    __aeabi_memset8                          0x0001b151   Thumb Code     0  memseta.o(.text)
    __aeabi_memclr                           0x0001b15f   Thumb Code     4  memseta.o(.text)
    __aeabi_memclr4                          0x0001b15f   Thumb Code     0  memseta.o(.text)
    __aeabi_memclr8                          0x0001b15f   Thumb Code     0  memseta.o(.text)
    _memset$wrapper                          0x0001b163   Thumb Code    18  memseta.o(.text)
    __scatterload                            0x0001b175   Thumb Code    28  init.o(.text)
    __scatterload_rt2                        0x0001b175   Thumb Code     0  init.o(.text)
    GPIOTE_IRQHandler                        0x0001b199   Thumb Code   312  nrf_drv_gpiote.o(i.GPIOTE_IRQHandler)
    RTC1_IRQHandler                          0x0001b331   Thumb Code    28  app_timer.o(i.RTC1_IRQHandler)
    SWI0_IRQHandler                          0x0001b351   Thumb Code     8  app_timer.o(i.SWI0_IRQHandler)
    SWI2_IRQHandler                          0x0001b359   Thumb Code    28  softdevice_handler.o(i.SWI2_IRQHandler)
    SystemInit                               0x0001b379   Thumb Code   130  system_nrf51.o(i.SystemInit)
    TIMER1_IRQHandler                        0x0001b419   Thumb Code    60  nrf_drv_timer.o(i.TIMER1_IRQHandler)
    UART0_IRQHandler                         0x0001b45d   Thumb Code     8  nrf_drv_uart.o(i.UART0_IRQHandler)
    __scatterload_copy                       0x0001b465   Thumb Code    14  handlers.o(i.__scatterload_copy)
    __scatterload_null                       0x0001b473   Thumb Code     2  handlers.o(i.__scatterload_null)
    __scatterload_zeroinit                   0x0001b475   Thumb Code    14  handlers.o(i.__scatterload_zeroinit)
    adv_data_encode                          0x0001b4b5   Thumb Code   534  ble_advdata.o(i.adv_data_encode)
    app_error_fault_handler                  0x0001b709   Thumb Code    18  app_error_weak.o(i.app_error_fault_handler)
    app_error_handler_bare                   0x0001b725   Thumb Code    20  app_error.o(i.app_error_handler_bare)
    app_timer_create                         0x0001b73d   Thumb Code    40  app_timer.o(i.app_timer_create)
    app_timer_init                           0x0001b769   Thumb Code   126  app_timer.o(i.app_timer_init)
    app_timer_start                          0x0001b7f9   Thumb Code   114  app_timer.o(i.app_timer_start)
    app_timer_stop                           0x0001b875   Thumb Code    78  app_timer.o(i.app_timer_stop)
    ble_advdata_set                          0x0001b8c9   Thumb Code   104  ble_advdata.o(i.ble_advdata_set)
    ble_conn_params_init                     0x0001b931   Thumb Code    68  ble_conn_params.o(i.ble_conn_params_init)
    ble_conn_params_on_ble_evt               0x0001b985   Thumb Code   132  ble_conn_params.o(i.ble_conn_params_on_ble_evt)
    ble_rhts_command_char_update             0x0001ba91   Thumb Code    48  ble_rhts.o(i.ble_rhts_command_char_update)
    ble_rhts_humidity_char_update            0x0001bac1   Thumb Code    48  ble_rhts.o(i.ble_rhts_humidity_char_update)
    ble_rhts_init                            0x0001baf1   Thumb Code    88  ble_rhts.o(i.ble_rhts_init)
    ble_rhts_on_ble_evt                      0x0001bb4d   Thumb Code    34  ble_rhts.o(i.ble_rhts_on_ble_evt)
    ble_rhts_temperature_char_update         0x0001bb6f   Thumb Code    48  ble_rhts.o(i.ble_rhts_temperature_char_update)
    intern_softdevice_events_execute         0x0001bf29   Thumb Code   116  softdevice_handler.o(i.intern_softdevice_events_execute)
    main                                     0x0001c1e9   Thumb Code   256  main.o(i.main)
    nrf_drv_common_irq_enable                0x0001c415   Thumb Code    78  nrf_drv_common.o(i.nrf_drv_common_irq_enable)
    nrf_drv_timer_compare                    0x0001c475   Thumb Code    42  nrf_drv_timer.o(i.nrf_drv_timer_compare)
    nrf_drv_timer_enable                     0x0001c4a1   Thumb Code    22  nrf_drv_timer.o(i.nrf_drv_timer_enable)
    nrf_drv_timer_extended_compare           0x0001c4bd   Thumb Code    46  nrf_drv_timer.o(i.nrf_drv_timer_extended_compare)
    nrf_drv_timer_init                       0x0001c4ed   Thumb Code   162  nrf_drv_timer.o(i.nrf_drv_timer_init)
    parameters_merge                         0x0001c6c1   Thumb Code     6  main.o(i.parameters_merge)
    sd_check_ram_start                       0x0001c761   Thumb Code    10  softdevice_handler.o(i.sd_check_ram_start)
    softdevice_ble_evt_handler_set           0x0001c88d   Thumb Code    16  softdevice_handler.o(i.softdevice_ble_evt_handler_set)
    softdevice_enable                        0x0001c8a1   Thumb Code    14  softdevice_handler.o(i.softdevice_enable)
    softdevice_enable_get_default_config     0x0001c8b5   Thumb Code    40  softdevice_handler.o(i.softdevice_enable_get_default_config)
    softdevice_fault_handler                 0x0001c8dd   Thumb Code     8  softdevice_handler.o(i.softdevice_fault_handler)
    softdevice_handler_init                  0x0001c8e5   Thumb Code    42  softdevice_handler.o(i.softdevice_handler_init)
    timer_rht_measurement_event_handler      0x0001ca75   Thumb Code     2  main.o(i.timer_rht_measurement_event_handler)
    wdt_init                                 0x0001cfcd   Thumb Code    24  main.o(i.wdt_init)
    TIMER_RHT_MEASUREMENT                    0x0001cff8   Data           8  main.o(.constdata)
    Region$$Table$$Base                      0x0001d024   Number         0  anon$$obj.o(Region$$Table)
    Region$$Table$$Limit                     0x0001d044   Number         0  anon$$obj.o(Region$$Table)
    Image$$RW_IRAM1$$Base                    0x20002080   Number         0  anon$$obj.o ABSOLUTE
    connection_interrupted                   0x20002080   Data           1  main.o(.data)
    status                                   0x20002081   Data           1  main.o(.data)
    connection_counter                       0x20002086   Data           2  main.o(.data)
    interval                                 0x20002088   Data           4  main.o(.data)
    command                                  0x200020a8   Data           1  ble_rhts.o(.data)
    measurement_interval_in_minutes          0x200020ac   Data           4  ble_rhts.o(.data)
    nrf_nvic_state                           0x200020e4   Data           8  softdevice_handler.o(.data)
    SystemCoreClock                          0x200020ec   Data           4  system_nrf51.o(.data)
    __initial_sp                             0x20002bf0   Data           0  arm_startup_nrf51.o(STACK)



==============================================================================

Memory Map of the image

  Image Entry point : 0x0001b0c1

  Load Region LR_IROM1 (Base: 0x0001b000, Size: 0x000020b4, Max: 0x00025000, ABSOLUTE)

    Execution Region ER_IROM1 (Base: 0x0001b000, Size: 0x00002044, Max: 0x00025000, ABSOLUTE)

    Base Addr    Size         Type   Attr      Idx    E Section Name        Object

    0x0001b000   0x000000c0   Data   RO         2032    RESET               arm_startup_nrf51.o
    0x0001b0c0   0x00000000   Code   RO         2074  * .ARM.Collect$$$$00000000  mc_p.l(entry.o)
    0x0001b0c0   0x00000004   Code   RO         2115    .ARM.Collect$$$$00000001  mc_p.l(entry2.o)
    0x0001b0c4   0x00000004   Code   RO         2118    .ARM.Collect$$$$00000004  mc_p.l(entry5.o)
    0x0001b0c8   0x00000000   Code   RO         2120    .ARM.Collect$$$$00000008  mc_p.l(entry7b.o)
    0x0001b0c8   0x00000000   Code   RO         2122    .ARM.Collect$$$$0000000A  mc_p.l(entry8b.o)
    0x0001b0c8   0x00000008   Code   RO         2123    .ARM.Collect$$$$0000000B  mc_p.l(entry9a.o)
    0x0001b0d0   0x00000000   Code   RO         2125    .ARM.Collect$$$$0000000D  mc_p.l(entry10a.o)
    0x0001b0d0   0x00000000   Code   RO         2127    .ARM.Collect$$$$0000000F  mc_p.l(entry11a.o)
    0x0001b0d0   0x00000004   Code   RO         2116    .ARM.Collect$$$$00002712  mc_p.l(entry2.o)
    0x0001b0d4   0x0000001e   Code   RO         1590    .emb_text           app_timer.o
    0x0001b0f2   0x00000002   PAD
    0x0001b0f4   0x00000038   Code   RO         2033    .text               arm_startup_nrf51.o
    0x0001b12c   0x00000024   Code   RO         2079    .text               mc_p.l(memcpya.o)
    0x0001b150   0x00000024   Code   RO         2081    .text               mc_p.l(memseta.o)
    0x0001b174   0x00000024   Code   RO         2142    .text               mc_p.l(init.o)
    0x0001b198   0x00000154   Code   RO          884    i.GPIOTE_IRQHandler  nrf_drv_gpiote.o
    0x0001b2ec   0x00000044   Code   RO         1591    i.NVIC_SetPriority  app_timer.o
    0x0001b330   0x00000020   Code   RO         1592    i.RTC1_IRQHandler   app_timer.o
    0x0001b350   0x00000008   Code   RO         1593    i.SWI0_IRQHandler   app_timer.o
    0x0001b358   0x00000020   Code   RO         1928    i.SWI2_IRQHandler   softdevice_handler.o
    0x0001b378   0x000000a0   Code   RO         2040    i.SystemInit        system_nrf51.o
    0x0001b418   0x00000044   Code   RO         1074    i.TIMER1_IRQHandler  nrf_drv_timer.o
    0x0001b45c   0x00000008   Code   RO         1186    i.UART0_IRQHandler  nrf_drv_uart.o
    0x0001b464   0x0000000e   Code   RO         2156    i.__scatterload_copy  mc_p.l(handlers.o)
    0x0001b472   0x00000002   Code   RO         2157    i.__scatterload_null  mc_p.l(handlers.o)
    0x0001b474   0x0000000e   Code   RO         2158    i.__scatterload_zeroinit  mc_p.l(handlers.o)
    0x0001b482   0x00000002   PAD
    0x0001b484   0x0000001c   Code   RO            3    i.__sd_nvic_app_accessible_irq  main.o
    0x0001b4a0   0x00000014   Code   RO            4    i.__sd_nvic_is_app_accessible_priority  main.o
    0x0001b4b4   0x00000216   Code   RO          434    i.adv_data_encode   ble_advdata.o
    0x0001b6ca   0x00000002   PAD
    0x0001b6cc   0x0000003c   Code   RO            5    i.advertising_start  main.o
    0x0001b708   0x0000001c   Code   RO         1498    i.app_error_fault_handler  app_error_weak.o
    0x0001b724   0x00000018   Code   RO         1463    i.app_error_handler_bare  app_error.o
    0x0001b73c   0x0000002c   Code   RO         1596    i.app_timer_create  app_timer.o
    0x0001b768   0x00000090   Code   RO         1597    i.app_timer_init    app_timer.o
    0x0001b7f8   0x0000007c   Code   RO         1598    i.app_timer_start   app_timer.o
    0x0001b874   0x00000054   Code   RO         1599    i.app_timer_stop    app_timer.o
    0x0001b8c8   0x00000068   Code   RO          435    i.ble_advdata_set   ble_advdata.o
    0x0001b930   0x00000054   Code   RO          546    i.ble_conn_params_init  ble_conn_params.o
    0x0001b984   0x00000090   Code   RO          547    i.ble_conn_params_on_ble_evt  ble_conn_params.o
    0x0001ba14   0x0000005e   Code   RO          436    i.ble_device_addr_encode  ble_advdata.o
    0x0001ba72   0x00000002   PAD
    0x0001ba74   0x0000001c   Code   RO            7    i.ble_evt_dispatch  main.o
    0x0001ba90   0x00000030   Code   RO          659    i.ble_rhts_command_char_update  ble_rhts.o
    0x0001bac0   0x00000030   Code   RO          660    i.ble_rhts_humidity_char_update  ble_rhts.o
    0x0001baf0   0x0000005c   Code   RO          661    i.ble_rhts_init     ble_rhts.o
    0x0001bb4c   0x00000022   Code   RO          662    i.ble_rhts_on_ble_evt  ble_rhts.o
    0x0001bb6e   0x00000030   Code   RO          663    i.ble_rhts_temperature_char_update  ble_rhts.o
    0x0001bb9e   0x00000002   PAD
    0x0001bba0   0x00000088   Code   RO            8    i.ble_stack_init    main.o
    0x0001bc28   0x00000010   Code   RO          887    i.channel_port_get  nrf_drv_gpiote.o
    0x0001bc38   0x00000088   Code   RO          664    i.command_char_add  ble_rhts.o
    0x0001bcc0   0x000000a8   Code   RO         1601    i.compare_reg_update  app_timer.o
    0x0001bd68   0x00000088   Code   RO          437    i.conn_int_encode   ble_advdata.o
    0x0001bdf0   0x00000008   Code   RO            9    i.conn_params_error_handler  main.o
    0x0001bdf8   0x00000068   Code   RO          549    i.conn_params_negotiation  ble_conn_params.o
    0x0001be60   0x00000040   Code   RO         1602    i.elapsed_ticks_acquire  app_timer.o
    0x0001bea0   0x00000088   Code   RO          665    i.humidity_char_add  ble_rhts.o
    0x0001bf28   0x00000078   Code   RO         1929    i.intern_softdevice_events_execute  softdevice_handler.o
    0x0001bfa0   0x0000001c   Code   RO          550    i.is_conn_params_ok  ble_conn_params.o
    0x0001bfbc   0x00000048   Code   RO         2041    i.is_manual_peripheral_setup_needed  system_nrf51.o
    0x0001c004   0x00000054   Code   RO          438    i.le_role_encode    ble_advdata.o
    0x0001c058   0x000000bc   Code   RO         1603    i.list_deletions_handler  app_timer.o
    0x0001c114   0x000000d4   Code   RO         1604    i.list_insertions_handler  app_timer.o
    0x0001c1e8   0x00000124   Code   RO           10    i.main              main.o
    0x0001c30c   0x00000068   Code   RO          439    i.manuf_specific_data_encode  ble_advdata.o
    0x0001c374   0x0000009e   Code   RO          440    i.name_encode       ble_advdata.o
    0x0001c412   0x00000002   PAD
    0x0001c414   0x00000060   Code   RO          851    i.nrf_drv_common_irq_enable  nrf_drv_common.o
    0x0001c474   0x0000002a   Code   RO         1077    i.nrf_drv_timer_compare  nrf_drv_timer.o
    0x0001c49e   0x00000002   PAD
    0x0001c4a0   0x0000001c   Code   RO         1081    i.nrf_drv_timer_enable  nrf_drv_timer.o
    0x0001c4bc   0x0000002e   Code   RO         1082    i.nrf_drv_timer_extended_compare  nrf_drv_timer.o
    0x0001c4ea   0x00000002   PAD
    0x0001c4ec   0x000000ac   Code   RO         1084    i.nrf_drv_timer_init  nrf_drv_timer.o
    0x0001c598   0x00000020   Code   RO          909    i.nrf_gpio_cfg_sense_set  nrf_drv_gpiote.o
    0x0001c5b8   0x00000014   Code   RO          910    i.nrf_gpiote_event_is_set  nrf_drv_gpiote.o
    0x0001c5cc   0x0000000a   Code   RO         1203    i.nrf_uart_event_check  nrf_drv_uart.o
    0x0001c5d6   0x00000010   Code   RO         1204    i.nrf_uart_int_enable_check  nrf_drv_uart.o
    0x0001c5e6   0x00000002   PAD
    0x0001c5e8   0x00000084   Code   RO           11    i.on_ble_evt        main.o
    0x0001c66c   0x00000020   Code   RO           12    i.on_conn_params_evt  main.o
    0x0001c68c   0x00000034   Code   RO          666    i.on_write          ble_rhts.o
    0x0001c6c0   0x00000006   Code   RO           13    i.parameters_merge  main.o
    0x0001c6c6   0x00000002   PAD
    0x0001c6c8   0x00000044   Code   RO         1605    i.rtc1_stop         app_timer.o
    0x0001c70c   0x00000038   Code   RO         1205    i.rx_byte           nrf_drv_uart.o
    0x0001c744   0x0000001c   Code   RO         1206    i.rx_done_event     nrf_drv_uart.o
    0x0001c760   0x00000010   Code   RO         1930    i.sd_check_ram_start  softdevice_handler.o
    0x0001c770   0x0000008c   Code   RO         1931    i.sd_nvic_EnableIRQ  softdevice_handler.o
    0x0001c7fc   0x0000008e   Code   RO          441    i.service_data_encode  ble_advdata.o
    0x0001c88a   0x00000002   PAD
    0x0001c88c   0x00000014   Code   RO         1932    i.softdevice_ble_evt_handler_set  softdevice_handler.o
    0x0001c8a0   0x00000014   Code   RO         1933    i.softdevice_enable  softdevice_handler.o
    0x0001c8b4   0x00000028   Code   RO         1934    i.softdevice_enable_get_default_config  softdevice_handler.o
    0x0001c8dc   0x00000008   Code   RO         1935    i.softdevice_fault_handler  softdevice_handler.o
    0x0001c8e4   0x00000034   Code   RO         1936    i.softdevice_handler_init  softdevice_handler.o
    0x0001c918   0x00000088   Code   RO          667    i.temperature_char_add  ble_rhts.o
    0x0001c9a0   0x00000084   Code   RO         1606    i.timer_list_handler  app_timer.o
    0x0001ca24   0x00000010   Code   RO         1607    i.timer_list_handler_sched  app_timer.o
    0x0001ca34   0x00000040   Code   RO         1608    i.timer_list_insert  app_timer.o
    0x0001ca74   0x00000002   Code   RO           14    i.timer_rht_measurement_event_handler  main.o
    0x0001ca76   0x00000002   PAD
    0x0001ca78   0x00000088   Code   RO           15    i.timer_timeout_handler  main.o
    0x0001cb00   0x00000080   Code   RO         1609    i.timer_timeouts_check  app_timer.o
    0x0001cb80   0x00000110   Code   RO           16    i.timers_init       main.o
    0x0001cc90   0x0000002c   Code   RO         1208    i.tx_byte           nrf_drv_uart.o
    0x0001ccbc   0x00000020   Code   RO         1209    i.tx_done_event     nrf_drv_uart.o
    0x0001ccdc   0x00000128   Code   RO         1210    i.uart_irq_handler  nrf_drv_uart.o
    0x0001ce04   0x0000000a   Code   RO          442    i.uint16_encode     ble_advdata.o
    0x0001ce0e   0x00000002   PAD
    0x0001ce10   0x00000064   Code   RO          551    i.update_timeout_handler  ble_conn_params.o
    0x0001ce74   0x00000054   Code   RO         1610    i.user_id_get       app_timer.o
    0x0001cec8   0x00000026   Code   RO         1611    i.user_op_alloc     app_timer.o
    0x0001ceee   0x00000030   Code   RO          443    i.uuid_list_encode  ble_advdata.o
    0x0001cf1e   0x000000ae   Code   RO          444    i.uuid_list_sized_encode  ble_advdata.o
    0x0001cfcc   0x00000020   Code   RO           17    i.wdt_init          main.o
    0x0001cfec   0x0000001c   Data   RO           20    .constdata          main.o
    0x0001d008   0x00000004   Data   RO          554    .constdata          ble_conn_params.o
    0x0001d00c   0x00000010   Data   RO          668    .constdata          ble_rhts.o
    0x0001d01c   0x00000008   Data   RO         1089    .constdata          nrf_drv_timer.o
    0x0001d024   0x00000020   Data   RO         2154    Region$$Table       anon$$obj.o


    Execution Region RW_IRAM1 (Base: 0x20002080, Size: 0x00000b70, Max: 0x00005f80, ABSOLUTE)

    Base Addr    Size         Type   Attr      Idx    E Section Name        Object

    0x20002080   0x00000014   Data   RW           21    .data               main.o
    0x20002094   0x00000014   Data   RW          555    .data               ble_conn_params.o
    0x200020a8   0x00000008   Data   RW          669    .data               ble_rhts.o
    0x200020b0   0x00000020   Data   RW         1612    .data               app_timer.o
    0x200020d0   0x0000001c   Data   RW         1940    .data               softdevice_handler.o
    0x200020ec   0x00000004   Data   RW         2042    .data               system_nrf51.o
    0x200020f0   0x00000020   Zero   RW           18    .bss                main.o
    0x20002110   0x0000022e   Zero   RW           19    .bss                main.o
    0x2000233e   0x00000002   PAD
    0x20002340   0x00000020   Zero   RW          552    .bss                ble_conn_params.o
    0x20002360   0x0000001c   Zero   RW          553    .bss                ble_conn_params.o
    0x2000237c   0x00000048   Zero   RW          913    .bss                nrf_drv_gpiote.o
    0x200023c4   0x0000000c   Zero   RW         1088    .bss                nrf_drv_timer.o
    0x200023d0   0x0000001c   Zero   RW         1211    .bss                nrf_drv_uart.o
    0x200023ec   0x00000004   PAD
    0x200023f0   0x00000800   Zero   RW         2030    STACK               arm_startup_nrf51.o


==============================================================================

Image component sizes


      Code (inc. data)   RO Data    RW Data    ZI Data      Debug   Object Name

        24          4          0          0          0       2193   app_error.o
        28         10          0          0          0       7078   app_error_weak.o
      1696        150          0         32          0      33559   app_timer.o
        56         18        192          0       2048        696   arm_startup_nrf51.o
      1588          6          0          0          0      52328   ble_advdata.o
       460         58          4         20         60      13320   ble_conn_params.o
       730         22         16          8          0       8102   ble_rhts.o
         0          0          0          0          0       3244   bsp.o
      1184        168         28         20        590     105496   main.o
        96         18          0          0          0       8604   nrf_drv_common.o
       408         46          0          0         72      13824   nrf_drv_gpiote.o
       356         24          8          0         12      13959   nrf_drv_timer.o
       490         58          0          0         28      14109   nrf_drv_uart.o
       448         58          0         28          0      22732   softdevice_handler.o
       232         36          0          4          0       2287   system_nrf51.o

    ----------------------------------------------------------------------
      7820        676        280        112       2816     301531   Object Totals
         0          0         32          0          0          0   (incl. Generated)
        24          0          0          0          6          0   (incl. Padding)

    ----------------------------------------------------------------------

      Code (inc. data)   RO Data    RW Data    ZI Data      Debug   Library Member Name

         0          0          0          0          0          0   entry.o
         0          0          0          0          0          0   entry10a.o
         0          0          0          0          0          0   entry11a.o
         8          4          0          0          0          0   entry2.o
         4          0          0          0          0          0   entry5.o
         0          0          0          0          0          0   entry7b.o
         0          0          0          0          0          0   entry8b.o
         8          4          0          0          0          0   entry9a.o
        30          0          0          0          0          0   handlers.o
        36          8          0          0          0         68   init.o
        36          0          0          0          0         60   memcpya.o
        36          0          0          0          0        100   memseta.o

    ----------------------------------------------------------------------
       160         16          0          0          0        228   Library Totals
         2          0          0          0          0          0   (incl. Padding)

    ----------------------------------------------------------------------

      Code (inc. data)   RO Data    RW Data    ZI Data      Debug   Library Name

       158         16          0          0          0        228   mc_p.l

    ----------------------------------------------------------------------
       160         16          0          0          0        228   Library Totals

    ----------------------------------------------------------------------

==============================================================================


      Code (inc. data)   RO Data    RW Data    ZI Data      Debug   

      7980        692        280        112       2816     298119   Grand Totals
      7980        692        280        112       2816     298119   ELF Image Totals
      7980        692        280        112          0          0   ROM Totals

==============================================================================

    Total RO  Size (Code + RO Data)                 8260 (   8.07kB)
    Total RW  Size (RW Data + ZI Data)              2928 (   2.86kB)
    Total ROM Size (Code + RO Data + RW Data)       8372 (   8.18kB)

==============================================================================

